Archive member included to satisfy reference by file (symbol)

/home/chris/Projects/Embedded/CirrusDspPedal_SW/PrintfLib/Debug/libPrintfLib.a(printf.o)
                              Core/Src/main.o (printf_)
/home/chris/Projects/Embedded/CirrusDspPedal_SW/PrintfLib/Debug/libPrintfLib.a(putchar.o)
                              /home/chris/Projects/Embedded/CirrusDspPedal_SW/PrintfLib/Debug/libPrintfLib.a(printf.o) (_putchar)
/home/chris/opt/STM32CubeIDE/st/stm32cubeide_1.2.0/plugins/com.st.stm32cube.ide.mcu.externaltools.gnu-tools-for-stm32.7-2018-q2-update.linux64_1.4.0.202007081208/tools/bin/../lib/gcc/arm-none-eabi/7.3.1/../../../../arm-none-eabi/lib/thumb/v7e-m/fpv4-sp/hard/libc_nano.a(lib_a-errno.o)
                              Core/Src/syscalls.o (__errno)
/home/chris/opt/STM32CubeIDE/st/stm32cubeide_1.2.0/plugins/com.st.stm32cube.ide.mcu.externaltools.gnu-tools-for-stm32.7-2018-q2-update.linux64_1.4.0.202007081208/tools/bin/../lib/gcc/arm-none-eabi/7.3.1/../../../../arm-none-eabi/lib/thumb/v7e-m/fpv4-sp/hard/libc_nano.a(lib_a-exit.o)
                              /home/chris/opt/STM32CubeIDE/st/stm32cubeide_1.2.0/plugins/com.st.stm32cube.ide.mcu.externaltools.gnu-tools-for-stm32.7-2018-q2-update.linux64_1.4.0.202007081208/tools/bin/../lib/gcc/arm-none-eabi/7.3.1/../../../../arm-none-eabi/lib/thumb/v7e-m/fpv4-sp/hard/crt0.o (exit)
/home/chris/opt/STM32CubeIDE/st/stm32cubeide_1.2.0/plugins/com.st.stm32cube.ide.mcu.externaltools.gnu-tools-for-stm32.7-2018-q2-update.linux64_1.4.0.202007081208/tools/bin/../lib/gcc/arm-none-eabi/7.3.1/../../../../arm-none-eabi/lib/thumb/v7e-m/fpv4-sp/hard/libc_nano.a(lib_a-impure.o)
                              /home/chris/opt/STM32CubeIDE/st/stm32cubeide_1.2.0/plugins/com.st.stm32cube.ide.mcu.externaltools.gnu-tools-for-stm32.7-2018-q2-update.linux64_1.4.0.202007081208/tools/bin/../lib/gcc/arm-none-eabi/7.3.1/../../../../arm-none-eabi/lib/thumb/v7e-m/fpv4-sp/hard/libc_nano.a(lib_a-exit.o) (_global_impure_ptr)
/home/chris/opt/STM32CubeIDE/st/stm32cubeide_1.2.0/plugins/com.st.stm32cube.ide.mcu.externaltools.gnu-tools-for-stm32.7-2018-q2-update.linux64_1.4.0.202007081208/tools/bin/../lib/gcc/arm-none-eabi/7.3.1/../../../../arm-none-eabi/lib/thumb/v7e-m/fpv4-sp/hard/libc_nano.a(lib_a-init.o)
                              /home/chris/opt/STM32CubeIDE/st/stm32cubeide_1.2.0/plugins/com.st.stm32cube.ide.mcu.externaltools.gnu-tools-for-stm32.7-2018-q2-update.linux64_1.4.0.202007081208/tools/bin/../lib/gcc/arm-none-eabi/7.3.1/../../../../arm-none-eabi/lib/thumb/v7e-m/fpv4-sp/hard/crt0.o (__libc_init_array)
/home/chris/opt/STM32CubeIDE/st/stm32cubeide_1.2.0/plugins/com.st.stm32cube.ide.mcu.externaltools.gnu-tools-for-stm32.7-2018-q2-update.linux64_1.4.0.202007081208/tools/bin/../lib/gcc/arm-none-eabi/7.3.1/../../../../arm-none-eabi/lib/thumb/v7e-m/fpv4-sp/hard/libc_nano.a(lib_a-memset.o)
                              /home/chris/opt/STM32CubeIDE/st/stm32cubeide_1.2.0/plugins/com.st.stm32cube.ide.mcu.externaltools.gnu-tools-for-stm32.7-2018-q2-update.linux64_1.4.0.202007081208/tools/bin/../lib/gcc/arm-none-eabi/7.3.1/../../../../arm-none-eabi/lib/thumb/v7e-m/fpv4-sp/hard/crt0.o (memset)
/home/chris/opt/STM32CubeIDE/st/stm32cubeide_1.2.0/plugins/com.st.stm32cube.ide.mcu.externaltools.gnu-tools-for-stm32.7-2018-q2-update.linux64_1.4.0.202007081208/tools/bin/../lib/gcc/arm-none-eabi/7.3.1/../../../../arm-none-eabi/lib/thumb/v7e-m/fpv4-sp/hard/libm.a(lib_a-sf_round.o)
                              Core/Src/main.o (roundf)
/home/chris/opt/STM32CubeIDE/st/stm32cubeide_1.2.0/plugins/com.st.stm32cube.ide.mcu.externaltools.gnu-tools-for-stm32.7-2018-q2-update.linux64_1.4.0.202007081208/tools/bin/../lib/gcc/arm-none-eabi/7.3.1/thumb/v7e-m/fpv4-sp/hard/libgcc.a(_arm_addsubdf3.o)
                              /home/chris/Projects/Embedded/CirrusDspPedal_SW/PrintfLib/Debug/libPrintfLib.a(printf.o) (__aeabi_dsub)
/home/chris/opt/STM32CubeIDE/st/stm32cubeide_1.2.0/plugins/com.st.stm32cube.ide.mcu.externaltools.gnu-tools-for-stm32.7-2018-q2-update.linux64_1.4.0.202007081208/tools/bin/../lib/gcc/arm-none-eabi/7.3.1/thumb/v7e-m/fpv4-sp/hard/libgcc.a(_arm_muldivdf3.o)
                              /home/chris/Projects/Embedded/CirrusDspPedal_SW/PrintfLib/Debug/libPrintfLib.a(printf.o) (__aeabi_dmul)
/home/chris/opt/STM32CubeIDE/st/stm32cubeide_1.2.0/plugins/com.st.stm32cube.ide.mcu.externaltools.gnu-tools-for-stm32.7-2018-q2-update.linux64_1.4.0.202007081208/tools/bin/../lib/gcc/arm-none-eabi/7.3.1/thumb/v7e-m/fpv4-sp/hard/libgcc.a(_arm_cmpdf2.o)
                              /home/chris/Projects/Embedded/CirrusDspPedal_SW/PrintfLib/Debug/libPrintfLib.a(printf.o) (__aeabi_dcmpeq)
/home/chris/opt/STM32CubeIDE/st/stm32cubeide_1.2.0/plugins/com.st.stm32cube.ide.mcu.externaltools.gnu-tools-for-stm32.7-2018-q2-update.linux64_1.4.0.202007081208/tools/bin/../lib/gcc/arm-none-eabi/7.3.1/thumb/v7e-m/fpv4-sp/hard/libgcc.a(_arm_fixdfsi.o)
[...]
Memory Configuration

Name             Origin             Length             Attributes
CCMRAM           0x0000000010000000 0x0000000000010000 xrw
RAM              0x0000000020000000 0x0000000000020000 xrw
FLASH            0x0000000008000000 0x0000000000100000 xr
*default*        0x0000000000000000 0xffffffffffffffff

Linker script and memory map

LOAD /home/chris/opt/STM32CubeIDE/st/stm32cubeide_1.2.0/plugins/com.st.stm32cube.ide.mcu.externaltools.gnu-tools-for-stm32.7-2018-q2-update.linux64_1.4.0.202007081208/tools/bin/../lib/gcc/arm-none-eabi/7.3.1/thumb/v7e-m/fpv4-sp/hard/crti.o
LOAD /home/chris/opt/STM32CubeIDE/st/stm32cubeide_1.2.0/plugins/com.st.stm32cube.ide.mcu.externaltools.gnu-tools-for-stm32.7-2018-q2-update.linux64_1.4.0.202007081208/tools/bin/../lib/gcc/arm-none-eabi/7.3.1/thumb/v7e-m/fpv4-sp/hard/crtbegin.o
LOAD /home/chris/opt/STM32CubeIDE/st/stm32cubeide_1.2.0/plugins/com.st.stm32cube.ide.mcu.externaltools.gnu-tools-for-stm32.7-2018-q2-update.linux64_1.4.0.202007081208/tools/bin/../lib/gcc/arm-none-eabi/7.3.1/../../../../arm-none-eabi/lib/thumb/v7e-m/fpv4-sp/hard/crt0.o
LOAD Core/Src/adc.o
LOAD Core/Src/dma.o
LOAD Core/Src/gpio.o
LOAD Core/Src/i2s.o
LOAD Core/Src/main.o
LOAD Core/Src/stm32f4xx_hal_msp.o
LOAD Core/Src/stm32f4xx_it.o
LOAD Core/Src/syscalls.o
LOAD Core/Src/sysmem.o
LOAD Core/Src/system_stm32f4xx.o
LOAD Core/Startup/startup_stm32f405rgtx.o
LOAD Drivers/STM32F4xx_HAL_Driver/Src/stm32f4xx_hal.o
LOAD Drivers/STM32F4xx_HAL_Driver/Src/stm32f4xx_hal_adc.o
LOAD Drivers/STM32F4xx_HAL_Driver/Src/stm32f4xx_hal_adc_ex.o
LOAD Drivers/STM32F4xx_HAL_Driver/Src/stm32f4xx_hal_cortex.o
LOAD Drivers/STM32F4xx_HAL_Driver/Src/stm32f4xx_hal_dma.o
LOAD Drivers/STM32F4xx_HAL_Driver/Src/stm32f4xx_hal_dma_ex.o
LOAD Drivers/STM32F4xx_HAL_Driver/Src/stm32f4xx_hal_exti.o
LOAD Drivers/STM32F4xx_HAL_Driver/Src/stm32f4xx_hal_flash.o
LOAD Drivers/STM32F4xx_HAL_Driver/Src/stm32f4xx_hal_flash_ex.o
LOAD Drivers/STM32F4xx_HAL_Driver/Src/stm32f4xx_hal_flash_ramfunc.o
LOAD Drivers/STM32F4xx_HAL_Driver/Src/stm32f4xx_hal_gpio.o
LOAD Drivers/STM32F4xx_HAL_Driver/Src/stm32f4xx_hal_i2s.o
LOAD Drivers/STM32F4xx_HAL_Driver/Src/stm32f4xx_hal_i2s_ex.o
LOAD Drivers/STM32F4xx_HAL_Driver/Src/stm32f4xx_hal_pwr.o
LOAD Drivers/STM32F4xx_HAL_Driver/Src/stm32f4xx_hal_pwr_ex.o
LOAD Drivers/STM32F4xx_HAL_Driver/Src/stm32f4xx_hal_rcc.o
LOAD Drivers/STM32F4xx_HAL_Driver/Src/stm32f4xx_hal_rcc_ex.o
LOAD Drivers/STM32F4xx_HAL_Driver/Src/stm32f4xx_hal_tim.o
LOAD Drivers/STM32F4xx_HAL_Driver/Src/stm32f4xx_hal_tim_ex.o
LOAD /home/chris/Projects/Embedded/CirrusDspPedal_SW/PrintfLib/Debug/libPrintfLib.a
START GROUP
LOAD /home/chris/opt/STM32CubeIDE/st/stm32cubeide_1.2.0/plugins/com.st.stm32cube.ide.mcu.externaltools.gnu-tools-for-stm32.7-2018-q2-update.linux64_1.4.0.202007081208/tools/bin/../lib/gcc/arm-none-eabi/7.3.1/../../../../arm-none-eabi/lib/thumb/v7e-m/fpv4-sp/hard/libc_nano.a
LOAD /home/chris/opt/STM32CubeIDE/st/stm32cubeide_1.2.0/plugins/com.st.stm32cube.ide.mcu.externaltools.gnu-tools-for-stm32.7-2018-q2-update.linux64_1.4.0.202007081208/tools/bin/../lib/gcc/arm-none-eabi/7.3.1/../../../../arm-none-eabi/lib/thumb/v7e-m/fpv4-sp/hard/libm.a
END GROUP
START GROUP
LOAD /home/chris/opt/STM32CubeIDE/st/stm32cubeide_1.2.0/plugins/com.st.stm32cube.ide.mcu.externaltools.gnu-tools-for-stm32.7-2018-q2-update.linux64_1.4.0.202007081208/tools/bin/../lib/gcc/arm-none-eabi/7.3.1/thumb/v7e-m/fpv4-sp/hard/libgcc.a
LOAD /home/chris/opt/STM32CubeIDE/st/stm32cubeide_1.2.0/plugins/com.st.stm32cube.ide.mcu.externaltools.gnu-tools-for-stm32.7-2018-q2-update.linux64_1.4.0.202007081208/tools/bin/../lib/gcc/arm-none-eabi/7.3.1/../../../../arm-none-eabi/lib/thumb/v7e-m/fpv4-sp/hard/libc_nano.a
END GROUP
START GROUP
LOAD /home/chris/opt/STM32CubeIDE/st/stm32cubeide_1.2.0/plugins/com.st.stm32cube.ide.mcu.externaltools.gnu-tools-for-stm32.7-2018-q2-update.linux64_1.4.0.202007081208/tools/bin/../lib/gcc/arm-none-eabi/7.3.1/thumb/v7e-m/fpv4-sp/hard/libgcc.a
LOAD /home/chris/opt/STM32CubeIDE/st/stm32cubeide_1.2.0/plugins/com.st.stm32cube.ide.mcu.externaltools.gnu-tools-for-stm32.7-2018-q2-update.linux64_1.4.0.202007081208/tools/bin/../lib/gcc/arm-none-eabi/7.3.1/../../../../arm-none-eabi/lib/thumb/v7e-m/fpv4-sp/hard/libc_nano.a
LOAD /home/chris/opt/STM32CubeIDE/st/stm32cubeide_1.2.0/plugins/com.st.stm32cube.ide.mcu.externaltools.gnu-tools-for-stm32.7-2018-q2-update.linux64_1.4.0.202007081208/tools/bin/../lib/gcc/arm-none-eabi/7.3.1/../../../../arm-none-eabi/lib/thumb/v7e-m/fpv4-sp/hard/libnosys.a
END GROUP
START GROUP
LOAD /home/chris/opt/STM32CubeIDE/st/stm32cubeide_1.2.0/plugins/com.st.stm32cube.ide.mcu.externaltools.gnu-tools-for-stm32.7-2018-q2-update.linux64_1.4.0.202007081208/tools/bin/../lib/gcc/arm-none-eabi/7.3.1/thumb/v7e-m/fpv4-sp/hard/libgcc.a
LOAD /home/chris/opt/STM32CubeIDE/st/stm32cubeide_1.2.0/plugins/com.st.stm32cube.ide.mcu.externaltools.gnu-tools-for-stm32.7-2018-q2-update.linux64_1.4.0.202007081208/tools/bin/../lib/gcc/arm-none-eabi/7.3.1/../../../../arm-none-eabi/lib/thumb/v7e-m/fpv4-sp/hard/libc_nano.a
LOAD /home/chris/opt/STM32CubeIDE/st/stm32cubeide_1.2.0/plugins/com.st.stm32cube.ide.mcu.externaltools.gnu-tools-for-stm32.7-2018-q2-update.linux64_1.4.0.202007081208/tools/bin/../lib/gcc/arm-none-eabi/7.3.1/../../../../arm-none-eabi/lib/thumb/v7e-m/fpv4-sp/hard/libnosys.a
END GROUP
LOAD /home/chris/opt/STM32CubeIDE/st/stm32cubeide_1.2.0/plugins/com.st.stm32cube.ide.mcu.externaltools.gnu-tools-for-stm32.7-2018-q2-update.linux64_1.4.0.202007081208/tools/bin/../lib/gcc/arm-none-eabi/7.3.1/thumb/v7e-m/fpv4-sp/hard/crtend.o
LOAD /home/chris/opt/STM32CubeIDE/st/stm32cubeide_1.2.0/plugins/com.st.stm32cube.ide.mcu.externaltools.gnu-tools-for-stm32.7-2018-q2-update.linux64_1.4.0.202007081208/tools/bin/../lib/gcc/arm-none-eabi/7.3.1/thumb/v7e-m/fpv4-sp/hard/crtn.o
                0x0000000020020000                _estack = (ORIGIN (RAM) + LENGTH (RAM))
                0x0000000000000200                _Min_Heap_Size = 0x200
                0x0000000000000400                _Min_Stack_Size = 0x400

.isr_vector     0x0000000008000000      0x188
                0x0000000008000000                . = ALIGN (0x4)
 *(.isr_vector)
 .isr_vector    0x0000000008000000      0x188 Core/Startup/startup_stm32f405rgtx.o
                0x0000000008000000                g_pfnVectors
                0x0000000008000188                . = ALIGN (0x4)

.text           0x0000000008000188     0x5c60
                0x0000000008000188                . = ALIGN (0x4)
 *(.text)
 .text          0x0000000008000188       0x40 /home/chris/opt/STM32CubeIDE/st/stm32cubeide_1.2.0/plugins/com.st.stm32cube.ide.mcu.externaltools.gnu-tools-for-stm32.7-2018-q2-update.linux64_1.4.0.202007081208/tools/bin/../lib/gcc/arm-none-eabi/7.3.1/thumb/v7e-m/fpv4-sp/hard/crtbegin.o
 .text          0x00000000080001c8      0x378 /home/chris/opt/STM32CubeIDE/st/stm32cubeide_1.2.0/plugins/com.st.stm32cube.ide.mcu.externaltools.gnu-tools-for-stm32.7-2018-q2-update.linux64_1.4.0.202007081208/tools/bin/../lib/gcc/arm-none-eabi/7.3.1/thumb/v7e-m/fpv4-sp/hard/libgcc.a(_arm_addsubdf3.o)
                0x00000000080001c8                __aeabi_drsub
                0x00000000080001d0                __aeabi_dsub
                0x00000000080001d0                __subdf3
                0x00000000080001d4                __adddf3
                0x00000000080001d4                __aeabi_dadd
                0x000000000800044c                __aeabi_ui2d
                0x000000000800044c                __floatunsidf
                0x000000000800046c                __floatsidf
                0x000000000800046c                __aeabi_i2d
                0x0000000008000490                __extendsfdf2
                0x0000000008000490                __aeabi_f2d
                0x00000000080004d4                __aeabi_ul2d
                0x00000000080004d4                __floatundidf
                0x00000000080004e4                __floatdidf
                0x00000000080004e4                __aeabi_l2d
 .text          0x0000000008000540      0x424 /home/chris/opt/STM32CubeIDE/st/stm32cubeide_1.2.0/plugins/com.st.stm32cube.ide.mcu.externaltools.gnu-tools-for-stm32.7-2018-q2-update.linux64_1.4.0.202007081208/tools/bin/../lib/gcc/arm-none-eabi/7.3.1/thumb/v7e-m/fpv4-sp/hard/libgcc.a(_arm_muldivdf3.o)
                0x0000000008000540                __aeabi_dmul
                0x0000000008000540                __muldf3
                0x0000000008000794                __aeabi_ddiv
                0x0000000008000794                __divdf3
 .text          0x0000000008000964      0x110 /home/chris/opt/STM32CubeIDE/st/stm32cubeide_1.2.0/plugins/com.st.stm32cube.ide.mcu.externaltools.gnu-tools-for-stm32.7-2018-q2-update.linux64_1.4.0.202007081208/tools/bin/../lib/gcc/arm-none-eabi/7.3.1/thumb/v7e-m/fpv4-sp/hard/libgcc.a(_arm_cmpdf2.o)
                0x0000000008000964                __gtdf2
                0x0000000008000964                __gedf2
                0x000000000800096c                __ltdf2
                0x000000000800096c                __ledf2
                0x0000000008000974                __cmpdf2
                0x0000000008000974                __eqdf2
                0x0000000008000974                __nedf2
                0x00000000080009f0                __aeabi_cdrcmple
                0x0000000008000a00                __aeabi_cdcmple
                0x0000000008000a00                __aeabi_cdcmpeq
                0x0000000008000a10                __aeabi_dcmpeq
                0x0000000008000a24                __aeabi_dcmplt
                0x0000000008000a38                __aeabi_dcmple
                0x0000000008000a4c                __aeabi_dcmpge
                0x0000000008000a60                __aeabi_dcmpgt
 .text          0x0000000008000a74       0x50 /home/chris/opt/STM32CubeIDE/st/stm32cubeide_1.2.0/plugins/com.st.stm32cube.ide.mcu.externaltools.gnu-tools-for-stm32.7-2018-q2-update.linux64_1.4.0.202007081208/tools/bin/../lib/gcc/arm-none-eabi/7.3.1/thumb/v7e-m/fpv4-sp/hard/libgcc.a(_arm_fixdfsi.o)
                0x0000000008000a74                __fixdfsi
                0x0000000008000a74                __aeabi_d2iz
 .text          0x0000000008000ac4       0x40 /home/chris/opt/STM32CubeIDE/st/stm32cubeide_1.2.0/plugins/com.st.stm32cube.ide.mcu.externaltools.gnu-tools-for-stm32.7-2018-q2-update.linux64_1.4.0.202007081208/tools/bin/../lib/gcc/arm-none-eabi/7.3.1/thumb/v7e-m/fpv4-sp/hard/libgcc.a(_arm_fixunsdfsi.o)
                0x0000000008000ac4                __fixunsdfsi
                0x0000000008000ac4                __aeabi_d2uiz
 .text          0x0000000008000b04       0x30 /home/chris/opt/STM32CubeIDE/st/stm32cubeide_1.2.0/plugins/com.st.stm32cube.ide.mcu.externaltools.gnu-tools-for-stm32.7-2018-q2-update.linux64_1.4.0.202007081208/tools/bin/../lib/gcc/arm-none-eabi/7.3.1/thumb/v7e-m/fpv4-sp/hard/libgcc.a(_aeabi_uldivmod.o)
                0x0000000008000b04                __aeabi_uldivmod
 .text          0x0000000008000b34      0x2cc /home/chris/opt/STM32CubeIDE/st/stm32cubeide_1.2.0/plugins/com.st.stm32cube.ide.mcu.externaltools.gnu-tools-for-stm32.7-2018-q2-update.linux64_1.4.0.202007081208/tools/bin/../lib/gcc/arm-none-eabi/7.3.1/thumb/v7e-m/fpv4-sp/hard/libgcc.a(_udivmoddi4.o)
                0x0000000008000b34                __udivmoddi4
 .text          0x0000000008000e00        0x4 /home/chris/opt/STM32CubeIDE/st/stm32cubeide_1.2.0/plugins/com.st.stm32cube.ide.mcu.externaltools.gnu-tools-for-stm32.7-2018-q2-update.linux64_1.4.0.202007081208/tools/bin/../lib/gcc/arm-none-eabi/7.3.1/thumb/v7e-m/fpv4-sp/hard/libgcc.a(_dvmd_tls.o)
                0x0000000008000e00                __aeabi_ldiv0
                0x0000000008000e00                __aeabi_idiv0
 *(.text*)
 .text.MX_ADC1_Init
                0x0000000008000e04       0xa4 Core/Src/adc.o
                0x0000000008000e04                MX_ADC1_Init
 .text.HAL_ADC_MspInit
                0x0000000008000ea8       0x88 Core/Src/adc.o
                0x0000000008000ea8                HAL_ADC_MspInit
 .text.MX_DMA_Init
                0x0000000008000f30       0x50 Core/Src/dma.o
                0x0000000008000f30                MX_DMA_Init
 .text.MX_GPIO_Init
                0x0000000008000f80      0x114 Core/Src/gpio.o
                0x0000000008000f80                MX_GPIO_Init
 .text.MX_I2S2_Init
                0x0000000008001094       0x60 Core/Src/i2s.o
                0x0000000008001094                MX_I2S2_Init
 .text.HAL_I2S_MspInit
                0x00000000080010f4      0x1c8 Core/Src/i2s.o
                0x00000000080010f4                HAL_I2S_MspInit
 .text.Do_HighPass
                0x00000000080012bc      0x100 Core/Src/main.o
                0x00000000080012bc                Do_HighPass
 .text.Do_PitchShift
                0x00000000080013bc      0x204 Core/Src/main.o
                0x00000000080013bc                Do_PitchShift
 .text.HAL_I2SEx_TxRxHalfCpltCallback
                0x00000000080015c0       0x6c Core/Src/main.o
                0x00000000080015c0                HAL_I2SEx_TxRxHalfCpltCallback
 .text.HAL_I2SEx_TxRxCpltCallback
                0x000000000800162c       0x6c Core/Src/main.o
                0x000000000800162c                HAL_I2SEx_TxRxCpltCallback
 .text.main     0x0000000008001698       0x70 Core/Src/main.o
                0x0000000008001698                main
 .text.SystemClock_Config
                0x0000000008001708      0x104 Core/Src/main.o
                0x0000000008001708                SystemClock_Config
 .text.Error_Handler
                0x000000000800180c        0xe Core/Src/main.o
                0x000000000800180c                Error_Handler
 *fill*         0x000000000800181a        0x2 
 .text.HAL_MspInit
                0x000000000800181c       0x50 Core/Src/stm32f4xx_hal_msp.o
                0x000000000800181c                HAL_MspInit
 .text.NMI_Handler
                0x000000000800186c        0xe Core/Src/stm32f4xx_it.o
                0x000000000800186c                NMI_Handler
 .text.HardFault_Handler
                0x000000000800187a        0x6 Core/Src/stm32f4xx_it.o
                0x000000000800187a                HardFault_Handler
 .text.MemManage_Handler
                0x0000000008001880        0x6 Core/Src/stm32f4xx_it.o
                0x0000000008001880                MemManage_Handler
 .text.BusFault_Handler
                0x0000000008001886        0x6 Core/Src/stm32f4xx_it.o
                0x0000000008001886                BusFault_Handler
 .text.UsageFault_Handler
                0x000000000800188c        0x6 Core/Src/stm32f4xx_it.o
                0x000000000800188c                UsageFault_Handler
 .text.SVC_Handler
                0x0000000008001892        0xe Core/Src/stm32f4xx_it.o
                0x0000000008001892                SVC_Handler
 .text.DebugMon_Handler
                0x00000000080018a0        0xe Core/Src/stm32f4xx_it.o
                0x00000000080018a0                DebugMon_Handler
 .text.PendSV_Handler
                0x00000000080018ae        0xe Core/Src/stm32f4xx_it.o
                0x00000000080018ae                PendSV_Handler
 .text.SysTick_Handler
                0x00000000080018bc        0xc Core/Src/stm32f4xx_it.o
                0x00000000080018bc                SysTick_Handler
 .text.DMA1_Stream3_IRQHandler
                0x00000000080018c8       0x14 Core/Src/stm32f4xx_it.o
                0x00000000080018c8                DMA1_Stream3_IRQHandler
 .text.DMA1_Stream4_IRQHandler
                0x00000000080018dc       0x14 Core/Src/stm32f4xx_it.o
                0x00000000080018dc                DMA1_Stream4_IRQHandler
 .text.SystemInit
                0x00000000080018f0       0x2c Core/Src/system_stm32f4xx.o
                0x00000000080018f0                SystemInit
 .text.Reset_Handler
                0x000000000800191c       0x50 Core/Startup/startup_stm32f405rgtx.o
                0x000000000800191c                Reset_Handler
 .text.Default_Handler
                0x000000000800196c        0x2 Core/Startup/startup_stm32f405rgtx.o
                0x000000000800196c                RTC_Alarm_IRQHandler
                0x000000000800196c                HASH_RNG_IRQHandler
                0x000000000800196c                EXTI2_IRQHandler
                0x000000000800196c                TIM8_CC_IRQHandler
                0x000000000800196c                TIM1_CC_IRQHandler
                0x000000000800196c                DMA2_Stream5_IRQHandler
                0x000000000800196c                DMA1_Stream5_IRQHandler
                0x000000000800196c                PVD_IRQHandler
                0x000000000800196c                SDIO_IRQHandler
                0x000000000800196c                TAMP_STAMP_IRQHandler
                0x000000000800196c                CAN2_RX1_IRQHandler
                0x000000000800196c                EXTI3_IRQHandler
                0x000000000800196c                TIM8_TRG_COM_TIM14_IRQHandler
                0x000000000800196c                TIM1_UP_TIM10_IRQHandler
                0x000000000800196c                TIM8_UP_TIM13_IRQHandler
                0x000000000800196c                I2C3_ER_IRQHandler
                0x000000000800196c                EXTI0_IRQHandler
                0x000000000800196c                I2C2_EV_IRQHandler
                0x000000000800196c                DMA1_Stream2_IRQHandler
                0x000000000800196c                CAN1_RX0_IRQHandler
                0x000000000800196c                FPU_IRQHandler
                0x000000000800196c                OTG_HS_WKUP_IRQHandler
                0x000000000800196c                CAN2_SCE_IRQHandler
                0x000000000800196c                DMA2_Stream2_IRQHandler
                0x000000000800196c                SPI1_IRQHandler
                0x000000000800196c                TIM6_DAC_IRQHandler
                0x000000000800196c                TIM1_BRK_TIM9_IRQHandler
                0x000000000800196c                CAN2_RX0_IRQHandler
                0x000000000800196c                DMA2_Stream3_IRQHandler
                0x000000000800196c                USART6_IRQHandler
                0x000000000800196c                USART3_IRQHandler
                0x000000000800196c                CAN1_RX1_IRQHandler
                0x000000000800196c                UART5_IRQHandler
                0x000000000800196c                DMA2_Stream0_IRQHandler
                0x000000000800196c                TIM4_IRQHandler
                0x000000000800196c                I2C1_EV_IRQHandler
                0x000000000800196c                DMA1_Stream6_IRQHandler
                0x000000000800196c                DMA1_Stream1_IRQHandler
                0x000000000800196c                UART4_IRQHandler
                0x000000000800196c                TIM3_IRQHandler
                0x000000000800196c                RCC_IRQHandler
                0x000000000800196c                TIM8_BRK_TIM12_IRQHandler
                0x000000000800196c                Default_Handler
                0x000000000800196c                EXTI15_10_IRQHandler
                0x000000000800196c                ADC_IRQHandler
                0x000000000800196c                DMA1_Stream7_IRQHandler
                0x000000000800196c                TIM7_IRQHandler
                0x000000000800196c                CAN2_TX_IRQHandler
                0x000000000800196c                TIM5_IRQHandler
                0x000000000800196c                DMA2_Stream7_IRQHandler
                0x000000000800196c                I2C3_EV_IRQHandler
                0x000000000800196c                EXTI9_5_IRQHandler
                0x000000000800196c                RTC_WKUP_IRQHandler
                0x000000000800196c                SPI2_IRQHandler
                0x000000000800196c                OTG_HS_EP1_IN_IRQHandler
                0x000000000800196c                DMA1_Stream0_IRQHandler
                0x000000000800196c                CAN1_TX_IRQHandler
                0x000000000800196c                EXTI4_IRQHandler
                0x000000000800196c                FSMC_IRQHandler
                0x000000000800196c                OTG_HS_EP1_OUT_IRQHandler
                0x000000000800196c                WWDG_IRQHandler
                0x000000000800196c                TIM2_IRQHandler
                0x000000000800196c                OTG_FS_WKUP_IRQHandler
                0x000000000800196c                TIM1_TRG_COM_TIM11_IRQHandler
                0x000000000800196c                OTG_HS_IRQHandler
                0x000000000800196c                EXTI1_IRQHandler
                0x000000000800196c                USART2_IRQHandler
                0x000000000800196c                I2C2_ER_IRQHandler
                0x000000000800196c                DMA2_Stream1_IRQHandler
                0x000000000800196c                CAN1_SCE_IRQHandler
                0x000000000800196c                FLASH_IRQHandler
                0x000000000800196c                DMA2_Stream4_IRQHandler
                0x000000000800196c                USART1_IRQHandler
                0x000000000800196c                OTG_FS_IRQHandler
                0x000000000800196c                SPI3_IRQHandler
                0x000000000800196c                I2C1_ER_IRQHandler
                0x000000000800196c                DMA2_Stream6_IRQHandler
 *fill*         0x000000000800196e        0x2 
 .text.HAL_Init
                0x0000000008001970       0x44 Drivers/STM32F4xx_HAL_Driver/Src/stm32f4xx_hal.o
                0x0000000008001970                HAL_Init
 .text.HAL_InitTick
                0x00000000080019b4       0x60 Drivers/STM32F4xx_HAL_Driver/Src/stm32f4xx_hal.o
                0x00000000080019b4                HAL_InitTick
 .text.HAL_IncTick
                0x0000000008001a14       0x28 Drivers/STM32F4xx_HAL_Driver/Src/stm32f4xx_hal.o
                0x0000000008001a14                HAL_IncTick
 .text.HAL_GetTick
                0x0000000008001a3c       0x18 Drivers/STM32F4xx_HAL_Driver/Src/stm32f4xx_hal.o
                0x0000000008001a3c                HAL_GetTick
 .text.HAL_ADC_Init
                0x0000000008001a54       0x86 Drivers/STM32F4xx_HAL_Driver/Src/stm32f4xx_hal_adc.o
                0x0000000008001a54                HAL_ADC_Init
 *fill*         0x0000000008001ada        0x2 
 .text.HAL_ADC_ConfigChannel
                0x0000000008001adc      0x244 Drivers/STM32F4xx_HAL_Driver/Src/stm32f4xx_hal_adc.o
                0x0000000008001adc                HAL_ADC_ConfigChannel
 .text.ADC_Init
                0x0000000008001d20      0x1f8 Drivers/STM32F4xx_HAL_Driver/Src/stm32f4xx_hal_adc.o
 .text.__NVIC_SetPriorityGrouping
                0x0000000008001f18       0x48 Drivers/STM32F4xx_HAL_Driver/Src/stm32f4xx_hal_cortex.o
 .text.__NVIC_GetPriorityGrouping
                0x0000000008001f60       0x1c Drivers/STM32F4xx_HAL_Driver/Src/stm32f4xx_hal_cortex.o
 .text.__NVIC_EnableIRQ
                0x0000000008001f7c       0x3c Drivers/STM32F4xx_HAL_Driver/Src/stm32f4xx_hal_cortex.o
 .text.__NVIC_SetPriority
                0x0000000008001fb8       0x54 Drivers/STM32F4xx_HAL_Driver/Src/stm32f4xx_hal_cortex.o
 .text.NVIC_EncodePriority
                0x000000000800200c       0x66 Drivers/STM32F4xx_HAL_Driver/Src/stm32f4xx_hal_cortex.o
 *fill*         0x0000000008002072        0x2 
 .text.SysTick_Config
                0x0000000008002074       0x44 Drivers/STM32F4xx_HAL_Driver/Src/stm32f4xx_hal_cortex.o
 .text.HAL_NVIC_SetPriorityGrouping
                0x00000000080020b8       0x16 Drivers/STM32F4xx_HAL_Driver/Src/stm32f4xx_hal_cortex.o
                0x00000000080020b8                HAL_NVIC_SetPriorityGrouping
 .text.HAL_NVIC_SetPriority
                0x00000000080020ce       0x38 Drivers/STM32F4xx_HAL_Driver/Src/stm32f4xx_hal_cortex.o
                0x00000000080020ce                HAL_NVIC_SetPriority
 .text.HAL_NVIC_EnableIRQ
                0x0000000008002106       0x1c Drivers/STM32F4xx_HAL_Driver/Src/stm32f4xx_hal_cortex.o
                0x0000000008002106                HAL_NVIC_EnableIRQ
 .text.HAL_SYSTICK_Config
                0x0000000008002122       0x18 Drivers/STM32F4xx_HAL_Driver/Src/stm32f4xx_hal_cortex.o
                0x0000000008002122                HAL_SYSTICK_Config
 *fill*         0x000000000800213a        0x2 
 .text.HAL_DMA_Init
                0x000000000800213c      0x15c Drivers/STM32F4xx_HAL_Driver/Src/stm32f4xx_hal_dma.o
                0x000000000800213c                HAL_DMA_Init
 .text.HAL_DMA_Start_IT
                0x0000000008002298       0xb0 Drivers/STM32F4xx_HAL_Driver/Src/stm32f4xx_hal_dma.o
                0x0000000008002298                HAL_DMA_Start_IT
 .text.HAL_DMA_IRQHandler
                0x0000000008002348      0x314 Drivers/STM32F4xx_HAL_Driver/Src/stm32f4xx_hal_dma.o
                0x0000000008002348                HAL_DMA_IRQHandler
 .text.DMA_SetConfig
                0x000000000800265c       0x5c Drivers/STM32F4xx_HAL_Driver/Src/stm32f4xx_hal_dma.o
 .text.DMA_CalcBaseAndBitshift
                0x00000000080026b8       0x6c Drivers/STM32F4xx_HAL_Driver/Src/stm32f4xx_hal_dma.o
 .text.DMA_CheckFifoParam
                0x0000000008002724       0xf4 Drivers/STM32F4xx_HAL_Driver/Src/stm32f4xx_hal_dma.o
 .text.HAL_GPIO_Init
                0x0000000008002818      0x334 Drivers/STM32F4xx_HAL_Driver/Src/stm32f4xx_hal_gpio.o
                0x0000000008002818                HAL_GPIO_Init
 .text.HAL_GPIO_WritePin
                0x0000000008002b4c       0x32 Drivers/STM32F4xx_HAL_Driver/Src/stm32f4xx_hal_gpio.o
                0x0000000008002b4c                HAL_GPIO_WritePin
 *fill*         0x0000000008002b7e        0x2 
 .text.HAL_I2S_Init
                0x0000000008002b80      0x280 Drivers/STM32F4xx_HAL_Driver/Src/stm32f4xx_hal_i2s.o
                0x0000000008002b80                HAL_I2S_Init
 .text.HAL_I2S_TxCpltCallback
                0x0000000008002e00       0x14 Drivers/STM32F4xx_HAL_Driver/Src/stm32f4xx_hal_i2s.o
                0x0000000008002e00                HAL_I2S_TxCpltCallback
 .text.HAL_I2S_RxCpltCallback
                0x0000000008002e14       0x14 Drivers/STM32F4xx_HAL_Driver/Src/stm32f4xx_hal_i2s.o
                0x0000000008002e14                HAL_I2S_RxCpltCallback
 .text.HAL_I2S_ErrorCallback
                0x0000000008002e28       0x14 Drivers/STM32F4xx_HAL_Driver/Src/stm32f4xx_hal_i2s.o
                0x0000000008002e28                HAL_I2S_ErrorCallback
 .text.I2S_Transmit_IT
                0x0000000008002e3c       0x5c Drivers/STM32F4xx_HAL_Driver/Src/stm32f4xx_hal_i2s.o
 .text.I2S_Receive_IT
                0x0000000008002e98       0x5e Drivers/STM32F4xx_HAL_Driver/Src/stm32f4xx_hal_i2s.o
 .text.I2S_IRQHandler
                0x0000000008002ef6      0x114 Drivers/STM32F4xx_HAL_Driver/Src/stm32f4xx_hal_i2s.o
 *fill*         0x000000000800300a        0x2 
 .text.HAL_I2SEx_TransmitReceive_DMA
                0x000000000800300c      0x314 Drivers/STM32F4xx_HAL_Driver/Src/stm32f4xx_hal_i2s_ex.o
                0x000000000800300c                HAL_I2SEx_TransmitReceive_DMA
 .text.HAL_I2SEx_FullDuplex_IRQHandler
                0x0000000008003320      0x2a8 Drivers/STM32F4xx_HAL_Driver/Src/stm32f4xx_hal_i2s_ex.o
                0x0000000008003320                HAL_I2SEx_FullDuplex_IRQHandler
 .text.I2SEx_TxRxDMAHalfCplt
                0x00000000080035c8       0x1c Drivers/STM32F4xx_HAL_Driver/Src/stm32f4xx_hal_i2s_ex.o
 .text.I2SEx_TxRxDMACplt
                0x00000000080035e4      0x138 Drivers/STM32F4xx_HAL_Driver/Src/stm32f4xx_hal_i2s_ex.o
 .text.I2SEx_TxRxDMAError
                0x000000000800371c       0x80 Drivers/STM32F4xx_HAL_Driver/Src/stm32f4xx_hal_i2s_ex.o
 .text.I2SEx_TxISR_I2S
                0x000000000800379c       0x62 Drivers/STM32F4xx_HAL_Driver/Src/stm32f4xx_hal_i2s_ex.o
 *fill*         0x00000000080037fe        0x2 
 .text.I2SEx_TxISR_I2SExt
                0x0000000008003800       0x98 Drivers/STM32F4xx_HAL_Driver/Src/stm32f4xx_hal_i2s_ex.o
 .text.I2SEx_RxISR_I2S
                0x0000000008003898       0x64 Drivers/STM32F4xx_HAL_Driver/Src/stm32f4xx_hal_i2s_ex.o
 .text.I2SEx_RxISR_I2SExt
                0x00000000080038fc       0x98 Drivers/STM32F4xx_HAL_Driver/Src/stm32f4xx_hal_i2s_ex.o
 .text.HAL_RCC_OscConfig
                0x0000000008003994      0x4e0 Drivers/STM32F4xx_HAL_Driver/Src/stm32f4xx_hal_rcc.o
                0x0000000008003994                HAL_RCC_OscConfig
 .text.HAL_RCC_ClockConfig
                0x0000000008003e74      0x1cc Drivers/STM32F4xx_HAL_Driver/Src/stm32f4xx_hal_rcc.o
                0x0000000008003e74                HAL_RCC_ClockConfig
 .text.HAL_RCC_GetSysClockFreq
                0x0000000008004040      0x164 Drivers/STM32F4xx_HAL_Driver/Src/stm32f4xx_hal_rcc.o
                0x0000000008004040                HAL_RCC_GetSysClockFreq
 .text.HAL_RCCEx_PeriphCLKConfig
                0x00000000080041a4      0x1c4 Drivers/STM32F4xx_HAL_Driver/Src/stm32f4xx_hal_rcc_ex.o
                0x00000000080041a4                HAL_RCCEx_PeriphCLKConfig
 .text.HAL_RCCEx_GetPeriphCLKFreq
                0x0000000008004368       0xb8 Drivers/STM32F4xx_HAL_Driver/Src/stm32f4xx_hal_rcc_ex.o
                0x0000000008004368                HAL_RCCEx_GetPeriphCLKFreq
 .text._out_null
                0x0000000008004420       0x1c /home/chris/Projects/Embedded/CirrusDspPedal_SW/PrintfLib/Debug/libPrintfLib.a(printf.o)
 .text._out_char
                0x000000000800443c       0x26 /home/chris/Projects/Embedded/CirrusDspPedal_SW/PrintfLib/Debug/libPrintfLib.a(printf.o)
 .text._strnlen_s
                0x0000000008004462       0x3a /home/chris/Projects/Embedded/CirrusDspPedal_SW/PrintfLib/Debug/libPrintfLib.a(printf.o)
 .text._is_digit
                0x000000000800449c       0x2e /home/chris/Projects/Embedded/CirrusDspPedal_SW/PrintfLib/Debug/libPrintfLib.a(printf.o)
 .text._atoi    0x00000000080044ca       0x48 /home/chris/Projects/Embedded/CirrusDspPedal_SW/PrintfLib/Debug/libPrintfLib.a(printf.o)
 .text._out_rev
                0x0000000008004512       0xa0 /home/chris/Projects/Embedded/CirrusDspPedal_SW/PrintfLib/Debug/libPrintfLib.a(printf.o)
 .text._ntoa_format
                0x00000000080045b2      0x1b8 /home/chris/Projects/Embedded/CirrusDspPedal_SW/PrintfLib/Debug/libPrintfLib.a(printf.o)
 .text._ntoa_long
                0x000000000800476a       0xce /home/chris/Projects/Embedded/CirrusDspPedal_SW/PrintfLib/Debug/libPrintfLib.a(printf.o)
 .text._ntoa_long_long
                0x0000000008004838       0xde /home/chris/Projects/Embedded/CirrusDspPedal_SW/PrintfLib/Debug/libPrintfLib.a(printf.o)
 *fill*         0x0000000008004916        0x2 
 .text._ftoa    0x0000000008004918      0x4d4 /home/chris/Projects/Embedded/CirrusDspPedal_SW/PrintfLib/Debug/libPrintfLib.a(printf.o)
 *fill*         0x0000000008004dec        0x4 
 .text._etoa    0x0000000008004df0      0x530 /home/chris/Projects/Embedded/CirrusDspPedal_SW/PrintfLib/Debug/libPrintfLib.a(printf.o)
 .text._vsnprintf
                0x0000000008005320      0x96c /home/chris/Projects/Embedded/CirrusDspPedal_SW/PrintfLib/Debug/libPrintfLib.a(printf.o)
 .text.printf_  0x0000000008005c8c       0x38 /home/chris/Projects/Embedded/CirrusDspPedal_SW/PrintfLib/Debug/libPrintfLib.a(printf.o)
                0x0000000008005c8c                printf_
 .text.ITM_SendChar
                0x0000000008005cc4       0x4e /home/chris/Projects/Embedded/CirrusDspPedal_SW/PrintfLib/Debug/libPrintfLib.a(putchar.o)
 .text._putchar
                0x0000000008005d12       0x1a /home/chris/Projects/Embedded/CirrusDspPedal_SW/PrintfLib/Debug/libPrintfLib.a(putchar.o)
                0x0000000008005d12                _putchar
 .text.__libc_init_array
                0x0000000008005d2c       0x48 /home/chris/opt/STM32CubeIDE/st/stm32cubeide_1.2.0/plugins/com.st.stm32cube.ide.mcu.externaltools.gnu-tools-for-stm32.7-2018-q2-update.linux64_1.4.0.202007081208/tools/bin/../lib/gcc/arm-none-eabi/7.3.1/../../../../arm-none-eabi/lib/thumb/v7e-m/fpv4-sp/hard/libc_nano.a(lib_a-init.o)
                0x0000000008005d2c                __libc_init_array
 .text.memset   0x0000000008005d74       0x10 /home/chris/opt/STM32CubeIDE/st/stm32cubeide_1.2.0/plugins/com.st.stm32cube.ide.mcu.externaltools.gnu-tools-for-stm32.7-2018-q2-update.linux64_1.4.0.202007081208/tools/bin/../lib/gcc/arm-none-eabi/7.3.1/../../../../arm-none-eabi/lib/thumb/v7e-m/fpv4-sp/hard/libc_nano.a(lib_a-memset.o)
                0x0000000008005d74                memset
 .text.roundf   0x0000000008005d84       0x4c /home/chris/opt/STM32CubeIDE/st/stm32cubeide_1.2.0/plugins/com.st.stm32cube.ide.mcu.externaltools.gnu-tools-for-stm32.7-2018-q2-update.linux64_1.4.0.202007081208/tools/bin/../lib/gcc/arm-none-eabi/7.3.1/../../../../arm-none-eabi/lib/thumb/v7e-m/fpv4-sp/hard/libm.a(lib_a-sf_round.o)
                0x0000000008005d84                roundf
 *(.glue_7)
 .glue_7        0x0000000008005dd0        0x0 linker stubs
 *(.glue_7t)
 .glue_7t       0x0000000008005dd0        0x0 linker stubs
 *(.eh_frame)
 .eh_frame      0x0000000008005dd0        0x0 /home/chris/opt/STM32CubeIDE/st/stm32cubeide_1.2.0/plugins/com.st.stm32cube.ide.mcu.externaltools.gnu-tools-for-stm32.7-2018-q2-update.linux64_1.4.0.202007081208/tools/bin/../lib/gcc/arm-none-eabi/7.3.1/thumb/v7e-m/fpv4-sp/hard/crtbegin.o
 *(.init)
 .init          0x0000000008005dd0        0x4 /home/chris/opt/STM32CubeIDE/st/stm32cubeide_1.2.0/plugins/com.st.stm32cube.ide.mcu.externaltools.gnu-tools-for-stm32.7-2018-q2-update.linux64_1.4.0.202007081208/tools/bin/../lib/gcc/arm-none-eabi/7.3.1/thumb/v7e-m/fpv4-sp/hard/crti.o
                0x0000000008005dd0                _init
 .init          0x0000000008005dd4        0x8 /home/chris/opt/STM32CubeIDE/st/stm32cubeide_1.2.0/plugins/com.st.stm32cube.ide.mcu.externaltools.gnu-tools-for-stm32.7-2018-q2-update.linux64_1.4.0.202007081208/tools/bin/../lib/gcc/arm-none-eabi/7.3.1/thumb/v7e-m/fpv4-sp/hard/crtn.o
 *(.fini)
 .fini          0x0000000008005ddc        0x4 /home/chris/opt/STM32CubeIDE/st/stm32cubeide_1.2.0/plugins/com.st.stm32cube.ide.mcu.externaltools.gnu-tools-for-stm32.7-2018-q2-update.linux64_1.4.0.202007081208/tools/bin/../lib/gcc/arm-none-eabi/7.3.1/thumb/v7e-m/fpv4-sp/hard/crti.o
                0x0000000008005ddc                _fini
 .fini          0x0000000008005de0        0x8 /home/chris/opt/STM32CubeIDE/st/stm32cubeide_1.2.0/plugins/com.st.stm32cube.ide.mcu.externaltools.gnu-tools-for-stm32.7-2018-q2-update.linux64_1.4.0.202007081208/tools/bin/../lib/gcc/arm-none-eabi/7.3.1/thumb/v7e-m/fpv4-sp/hard/crtn.o
                0x0000000008005de8                . = ALIGN (0x4)
                0x0000000008005de8                _etext = .

.vfp11_veneer   0x0000000008005de8        0x0
 .vfp11_veneer  0x0000000008005de8        0x0 linker stubs

.v4_bx          0x0000000008005de8        0x0
 .v4_bx         0x0000000008005de8        0x0 linker stubs

.iplt           0x0000000008005de8        0x0
 .iplt          0x0000000008005de8        0x0 /home/chris/opt/STM32CubeIDE/st/stm32cubeide_1.2.0/plugins/com.st.stm32cube.ide.mcu.externaltools.gnu-tools-for-stm32.7-2018-q2-update.linux64_1.4.0.202007081208/tools/bin/../lib/gcc/arm-none-eabi/7.3.1/thumb/v7e-m/fpv4-sp/hard/crtbegin.o

.rodata         0x0000000008005de8       0x90
                0x0000000008005de8                . = ALIGN (0x4)
 *(.rodata)
 .rodata        0x0000000008005de8        0xb Core/Src/main.o
 *fill*         0x0000000008005df3        0x1 
 .rodata        0x0000000008005df4       0x18 /home/chris/Projects/Embedded/CirrusDspPedal_SW/PrintfLib/Debug/libPrintfLib.a(printf.o)
 *(.rodata*)
 .rodata.AHBPrescTable
                0x0000000008005e0c       0x10 Core/Src/system_stm32f4xx.o
                0x0000000008005e0c                AHBPrescTable
 .rodata.flagBitshiftOffset.7662
                0x0000000008005e1c        0x8 Drivers/STM32F4xx_HAL_Driver/Src/stm32f4xx_hal_dma.o
 *fill*         0x0000000008005e24        0x4 
 .rodata.pow10.5604
                0x0000000008005e28       0x50 /home/chris/Projects/Embedded/CirrusDspPedal_SW/PrintfLib/Debug/libPrintfLib.a(printf.o)
                0x0000000008005e78                . = ALIGN (0x4)

.ARM.extab      0x0000000008005e78        0x0
                0x0000000008005e78                . = ALIGN (0x4)
 *(.ARM.extab* .gnu.linkonce.armextab.*)
                0x0000000008005e78                . = ALIGN (0x4)

.ARM            0x0000000008005e78        0x8
                0x0000000008005e78                . = ALIGN (0x4)
                0x0000000008005e78                __exidx_start = .
 *(.ARM.exidx*)
 .ARM.exidx     0x0000000008005e78        0x8 /home/chris/opt/STM32CubeIDE/st/stm32cubeide_1.2.0/plugins/com.st.stm32cube.ide.mcu.externaltools.gnu-tools-for-stm32.7-2018-q2-update.linux64_1.4.0.202007081208/tools/bin/../lib/gcc/arm-none-eabi/7.3.1/thumb/v7e-m/fpv4-sp/hard/libgcc.a(_udivmoddi4.o)
                0x0000000008005e80                __exidx_end = .
                0x0000000008005e80                . = ALIGN (0x4)

.rel.dyn        0x0000000008005e80        0x0
 .rel.iplt      0x0000000008005e80        0x0 /home/chris/opt/STM32CubeIDE/st/stm32cubeide_1.2.0/plugins/com.st.stm32cube.ide.mcu.externaltools.gnu-tools-for-stm32.7-2018-q2-update.linux64_1.4.0.202007081208/tools/bin/../lib/gcc/arm-none-eabi/7.3.1/thumb/v7e-m/fpv4-sp/hard/crtbegin.o

.preinit_array  0x0000000008005e80        0x0
                0x0000000008005e80                . = ALIGN (0x4)
                0x0000000008005e80                PROVIDE (__preinit_array_start = .)
 *(.preinit_array*)
                0x0000000008005e80                PROVIDE (__preinit_array_end = .)
                0x0000000008005e80                . = ALIGN (0x4)

.init_array     0x0000000008005e80        0x4
                0x0000000008005e80                . = ALIGN (0x4)
                0x0000000008005e80                PROVIDE (__init_array_start = .)
 *(SORT_BY_NAME(.init_array.*))
 *(.init_array*)
 .init_array    0x0000000008005e80        0x4 /home/chris/opt/STM32CubeIDE/st/stm32cubeide_1.2.0/plugins/com.st.stm32cube.ide.mcu.externaltools.gnu-tools-for-stm32.7-2018-q2-update.linux64_1.4.0.202007081208/tools/bin/../lib/gcc/arm-none-eabi/7.3.1/thumb/v7e-m/fpv4-sp/hard/crtbegin.o
                0x0000000008005e84                PROVIDE (__init_array_end = .)
                0x0000000008005e84                . = ALIGN (0x4)

.fini_array     0x0000000008005e84        0x4
                0x0000000008005e84                . = ALIGN (0x4)
                [!provide]                        PROVIDE (__fini_array_start = .)
 *(SORT_BY_NAME(.fini_array.*))
 *(.fini_array*)
 .fini_array    0x0000000008005e84        0x4 /home/chris/opt/STM32CubeIDE/st/stm32cubeide_1.2.0/plugins/com.st.stm32cube.ide.mcu.externaltools.gnu-tools-for-stm32.7-2018-q2-update.linux64_1.4.0.202007081208/tools/bin/../lib/gcc/arm-none-eabi/7.3.1/thumb/v7e-m/fpv4-sp/hard/crtbegin.o
                [!provide]                        PROVIDE (__fini_array_end = .)
                0x0000000008005e88                . = ALIGN (0x4)
                0x0000000008005e88                _sidata = LOADADDR (.data)

.data           0x0000000020000000        0xc load address 0x0000000008005e88
                0x0000000020000000                . = ALIGN (0x4)
                0x0000000020000000                _sdata = .
 *(.data)
 *(.data*)
 .data.SystemCoreClock
                0x0000000020000000        0x4 Core/Src/system_stm32f4xx.o
                0x0000000020000000                SystemCoreClock
 .data.uwTickPrio
                0x0000000020000004        0x4 Drivers/STM32F4xx_HAL_Driver/Src/stm32f4xx_hal.o
                0x0000000020000004                uwTickPrio
 .data.uwTickFreq
                0x0000000020000008        0x1 Drivers/STM32F4xx_HAL_Driver/Src/stm32f4xx_hal.o
                0x0000000020000008                uwTickFreq
                0x000000002000000c                . = ALIGN (0x4)
 *fill*         0x0000000020000009        0x3 
                0x000000002000000c                _edata = .

.igot.plt       0x000000002000000c        0x0 load address 0x0000000008005e94
 .igot.plt      0x000000002000000c        0x0 /home/chris/opt/STM32CubeIDE/st/stm32cubeide_1.2.0/plugins/com.st.stm32cube.ide.mcu.externaltools.gnu-tools-for-stm32.7-2018-q2-update.linux64_1.4.0.202007081208/tools/bin/../lib/gcc/arm-none-eabi/7.3.1/thumb/v7e-m/fpv4-sp/hard/crtbegin.o
                0x000000002000000c                . = ALIGN (0x4)

.bss            0x000000002000000c     0x1164 load address 0x0000000008005e94
                0x000000002000000c                _sbss = .
                0x000000002000000c                __bss_start__ = _sbss
 *(.bss)
 .bss           0x000000002000000c       0x1c /home/chris/opt/STM32CubeIDE/st/stm32cubeide_1.2.0/plugins/com.st.stm32cube.ide.mcu.externaltools.gnu-tools-for-stm32.7-2018-q2-update.linux64_1.4.0.202007081208/tools/bin/../lib/gcc/arm-none-eabi/7.3.1/thumb/v7e-m/fpv4-sp/hard/crtbegin.o
 *(.bss*)
 *(COMMON)
 COMMON         0x0000000020000028       0x48 Core/Src/adc.o
                0x0000000020000028                hadc1
 COMMON         0x0000000020000070      0x108 Core/Src/i2s.o
                0x0000000020000070                hdma_i2s2_ext_rx
                0x00000000200000d0                hdma_spi2_tx
                0x0000000020000130                hi2s2
 COMMON         0x0000000020000178      0xff4 Core/Src/main.o
                0x0000000020000178                Shift
                0x000000002000017c                b2
                0x0000000020000180                b1
                0x0000000020000184                WtrP
                0x0000000020000188                a1
                0x000000002000018c                txBuf
                0x000000002000019c                hp_in_z2
                0x00000000200001a0                rxBuf
                0x00000000200001b0                Buf
                0x0000000020001150                CrossFade
                0x0000000020001154                hp_out_z2
                0x0000000020001158                a2
                0x000000002000115c                Rd_P
                0x0000000020001160                hp_out_z1
                0x0000000020001164                a0
                0x0000000020001168                hp_in_z1
 COMMON         0x000000002000116c        0x4 Drivers/STM32F4xx_HAL_Driver/Src/stm32f4xx_hal.o
                0x000000002000116c                uwTick
                0x0000000020001170                . = ALIGN (0x4)
                0x0000000020001170                _ebss = .
                0x0000000020001170                __bss_end__ = _ebss

._user_heap_stack
                0x0000000020001170      0x600 load address 0x0000000008005e94
                0x0000000020001170                . = ALIGN (0x8)
                [!provide]                        PROVIDE (end = .)
                0x0000000020001170                PROVIDE (_end = .)
                0x0000000020001370                . = (. + _Min_Heap_Size)
 *fill*         0x0000000020001170      0x200 
                0x0000000020001770                . = (. + _Min_Stack_Size)
 *fill*         0x0000000020001370      0x400 
                0x0000000020001770                . = ALIGN (0x8)

/DISCARD/
 libc.a(*)
 libm.a(*)
 libgcc.a(*)

.ARM.attributes
                0x0000000000000000       0x30
 *(.ARM.attributes)
 .ARM.attributes
                0x0000000000000000       0x22 /home/chris/opt/STM32CubeIDE/st/stm32cubeide_1.2.0/plugins/com.st.stm32cube.ide.mcu.externaltools.gnu-tools-for-stm32.7-2018-q2-update.linux64_1.4.0.202007081208/tools/bin/../lib/gcc/arm-none-eabi/7.3.1/thumb/v7e-m/fpv4-sp/hard/crti.o
 .ARM.attributes
                0x0000000000000022       0x34 /home/chris/opt/STM32CubeIDE/st/stm32cubeide_1.2.0/plugins/com.st.stm32cube.ide.mcu.externaltools.gnu-tools-for-stm32.7-2018-q2-update.linux64_1.4.0.202007081208/tools/bin/../lib/gcc/arm-none-eabi/7.3.1/thumb/v7e-m/fpv4-sp/hard/crtbegin.o
 .ARM.attributes
                0x0000000000000056       0x39 Core/Src/adc.o
 .ARM.attributes
                0x000000000000008f       0x39 Core/Src/dma.o
 .ARM.attributes
                0x00000000000000c8       0x39 Core/Src/gpio.o
 .ARM.attributes
                0x0000000000000101       0x39 Core/Src/i2s.o
 .ARM.attributes
                0x000000000000013a       0x39 Core/Src/main.o
 .ARM.attributes
                0x0000000000000173       0x39 Core/Src/stm32f4xx_hal_msp.o
 .ARM.attributes
                0x00000000000001ac       0x39 Core/Src/stm32f4xx_it.o
 .ARM.attributes
                0x00000000000001e5       0x39 Core/Src/system_stm32f4xx.o
 .ARM.attributes
                0x000000000000021e       0x21 Core/Startup/startup_stm32f405rgtx.o
 .ARM.attributes
                0x000000000000023f       0x39 Drivers/STM32F4xx_HAL_Driver/Src/stm32f4xx_hal.o
 .ARM.attributes
                0x0000000000000278       0x39 Drivers/STM32F4xx_HAL_Driver/Src/stm32f4xx_hal_adc.o
 .ARM.attributes
                0x00000000000002b1       0x39 Drivers/STM32F4xx_HAL_Driver/Src/stm32f4xx_hal_cortex.o
 .ARM.attributes
                0x00000000000002ea       0x39 Drivers/STM32F4xx_HAL_Driver/Src/stm32f4xx_hal_dma.o
 .ARM.attributes
                0x0000000000000323       0x39 Drivers/STM32F4xx_HAL_Driver/Src/stm32f4xx_hal_gpio.o
 .ARM.attributes
                0x000000000000035c       0x39 Drivers/STM32F4xx_HAL_Driver/Src/stm32f4xx_hal_i2s.o
 .ARM.attributes
                0x0000000000000395       0x39 Drivers/STM32F4xx_HAL_Driver/Src/stm32f4xx_hal_i2s_ex.o
 .ARM.attributes
                0x00000000000003ce       0x39 Drivers/STM32F4xx_HAL_Driver/Src/stm32f4xx_hal_rcc.o
 .ARM.attributes
                0x0000000000000407       0x39 Drivers/STM32F4xx_HAL_Driver/Src/stm32f4xx_hal_rcc_ex.o
 .ARM.attributes
                0x0000000000000440       0x39 /home/chris/Projects/Embedded/CirrusDspPedal_SW/PrintfLib/Debug/libPrintfLib.a(printf.o)
 .ARM.attributes
                0x0000000000000479       0x39 /home/chris/Projects/Embedded/CirrusDspPedal_SW/PrintfLib/Debug/libPrintfLib.a(putchar.o)
 .ARM.attributes
                0x00000000000004b2       0x34 /home/chris/opt/STM32CubeIDE/st/stm32cubeide_1.2.0/plugins/com.st.stm32cube.ide.mcu.externaltools.gnu-tools-for-stm32.7-2018-q2-update.linux64_1.4.0.202007081208/tools/bin/../lib/gcc/arm-none-eabi/7.3.1/../../../../arm-none-eabi/lib/thumb/v7e-m/fpv4-sp/hard/libc_nano.a(lib_a-init.o)
 .ARM.attributes
                0x00000000000004e6       0x34 /home/chris/opt/STM32CubeIDE/st/stm32cubeide_1.2.0/plugins/com.st.stm32cube.ide.mcu.externaltools.gnu-tools-for-stm32.7-2018-q2-update.linux64_1.4.0.202007081208/tools/bin/../lib/gcc/arm-none-eabi/7.3.1/../../../../arm-none-eabi/lib/thumb/v7e-m/fpv4-sp/hard/libc_nano.a(lib_a-memset.o)
 .ARM.attributes
                0x000000000000051a       0x34 /home/chris/opt/STM32CubeIDE/st/stm32cubeide_1.2.0/plugins/com.st.stm32cube.ide.mcu.externaltools.gnu-tools-for-stm32.7-2018-q2-update.linux64_1.4.0.202007081208/tools/bin/../lib/gcc/arm-none-eabi/7.3.1/../../../../arm-none-eabi/lib/thumb/v7e-m/fpv4-sp/hard/libm.a(lib_a-sf_round.o)
 .ARM.attributes
                0x000000000000054e       0x22 /home/chris/opt/STM32CubeIDE/st/stm32cubeide_1.2.0/plugins/com.st.stm32cube.ide.mcu.externaltools.gnu-tools-for-stm32.7-2018-q2-update.linux64_1.4.0.202007081208/tools/bin/../lib/gcc/arm-none-eabi/7.3.1/thumb/v7e-m/fpv4-sp/hard/libgcc.a(_arm_addsubdf3.o)
 .ARM.attributes
                0x0000000000000570       0x22 /home/chris/opt/STM32CubeIDE/st/stm32cubeide_1.2.0/plugins/com.st.stm32cube.ide.mcu.externaltools.gnu-tools-for-stm32.7-2018-q2-update.linux64_1.4.0.202007081208/tools/bin/../lib/gcc/arm-none-eabi/7.3.1/thumb/v7e-m/fpv4-sp/hard/libgcc.a(_arm_muldivdf3.o)
 .ARM.attributes
                0x0000000000000592       0x22 /home/chris/opt/STM32CubeIDE/st/stm32cubeide_1.2.0/plugins/com.st.stm32cube.ide.mcu.externaltools.gnu-tools-for-stm32.7-2018-q2-update.linux64_1.4.0.202007081208/tools/bin/../lib/gcc/arm-none-eabi/7.3.1/thumb/v7e-m/fpv4-sp/hard/libgcc.a(_arm_cmpdf2.o)
 .ARM.attributes
                0x00000000000005b4       0x22 /home/chris/opt/STM32CubeIDE/st/stm32cubeide_1.2.0/plugins/com.st.stm32cube.ide.mcu.externaltools.gnu-tools-for-stm32.7-2018-q2-update.linux64_1.4.0.202007081208/tools/bin/../lib/gcc/arm-none-eabi/7.3.1/thumb/v7e-m/fpv4-sp/hard/libgcc.a(_arm_fixdfsi.o)
 .ARM.attributes
                0x00000000000005d6       0x22 /home/chris/opt/STM32CubeIDE/st/stm32cubeide_1.2.0/plugins/com.st.stm32cube.ide.mcu.externaltools.gnu-tools-for-stm32.7-2018-q2-update.linux64_1.4.0.202007081208/tools/bin/../lib/gcc/arm-none-eabi/7.3.1/thumb/v7e-m/fpv4-sp/hard/libgcc.a(_arm_fixunsdfsi.o)
 .ARM.attributes
                0x00000000000005f8       0x22 /home/chris/opt/STM32CubeIDE/st/stm32cubeide_1.2.0/plugins/com.st.stm32cube.ide.mcu.externaltools.gnu-tools-for-stm32.7-2018-q2-update.linux64_1.4.0.202007081208/tools/bin/../lib/gcc/arm-none-eabi/7.3.1/thumb/v7e-m/fpv4-sp/hard/libgcc.a(_aeabi_uldivmod.o)
 .ARM.attributes
                0x000000000000061a       0x34 /home/chris/opt/STM32CubeIDE/st/stm32cubeide_1.2.0/plugins/com.st.stm32cube.ide.mcu.externaltools.gnu-tools-for-stm32.7-2018-q2-update.linux64_1.4.0.202007081208/tools/bin/../lib/gcc/arm-none-eabi/7.3.1/thumb/v7e-m/fpv4-sp/hard/libgcc.a(_udivmoddi4.o)
 .ARM.attributes
                0x000000000000064e       0x22 /home/chris/opt/STM32CubeIDE/st/stm32cubeide_1.2.0/plugins/com.st.stm32cube.ide.mcu.externaltools.gnu-tools-for-stm32.7-2018-q2-update.linux64_1.4.0.202007081208/tools/bin/../lib/gcc/arm-none-eabi/7.3.1/thumb/v7e-m/fpv4-sp/hard/libgcc.a(_dvmd_tls.o)
 .ARM.attributes
                0x0000000000000670       0x22 /home/chris/opt/STM32CubeIDE/st/stm32cubeide_1.2.0/plugins/com.st.stm32cube.ide.mcu.externaltools.gnu-tools-for-stm32.7-2018-q2-update.linux64_1.4.0.202007081208/tools/bin/../lib/gcc/arm-none-eabi/7.3.1/thumb/v7e-m/fpv4-sp/hard/crtn.o
OUTPUT(F405_LQFP64.elf elf32-littlearm)

.debug_info     0x0000000000000000     0xb254
 .debug_info    0x0000000000000000      0x9e0 Core/Src/adc.o
 .debug_info    0x00000000000009e0      0x558 Core/Src/dma.o
 .debug_info    0x0000000000000f38      0x4ac Core/Src/gpio.o
 .debug_info    0x00000000000013e4      0x9ca Core/Src/i2s.o
 .debug_info    0x0000000000001dae     0x1818 Core/Src/main.o
 .debug_info    0x00000000000035c6      0x362 Core/Src/stm32f4xx_hal_msp.o
 .debug_info    0x0000000000003928      0x48f Core/Src/stm32f4xx_it.o
 .debug_info    0x0000000000003db7      0x554 Core/Src/system_stm32f4xx.o
 .debug_info    0x000000000000430b       0x22 Core/Startup/startup_stm32f405rgtx.o
 .debug_info    0x000000000000432d      0x933 Drivers/STM32F4xx_HAL_Driver/Src/stm32f4xx_hal.o
 .debug_info    0x0000000000004c60      0xcee Drivers/STM32F4xx_HAL_Driver/Src/stm32f4xx_hal_adc.o
 .debug_info    0x000000000000594e      0xe16 Drivers/STM32F4xx_HAL_Driver/Src/stm32f4xx_hal_cortex.o
 .debug_info    0x0000000000006764      0x968 Drivers/STM32F4xx_HAL_Driver/Src/stm32f4xx_hal_dma.o
 .debug_info    0x00000000000070cc      0x7b5 Drivers/STM32F4xx_HAL_Driver/Src/stm32f4xx_hal_gpio.o
 .debug_info    0x0000000000007881      0xe5e Drivers/STM32F4xx_HAL_Driver/Src/stm32f4xx_hal_i2s.o
 .debug_info    0x00000000000086df      0xb76 Drivers/STM32F4xx_HAL_Driver/Src/stm32f4xx_hal_i2s_ex.o
 .debug_info    0x0000000000009255      0x904 Drivers/STM32F4xx_HAL_Driver/Src/stm32f4xx_hal_rcc.o
 .debug_info    0x0000000000009b59      0x5ae Drivers/STM32F4xx_HAL_Driver/Src/stm32f4xx_hal_rcc_ex.o
 .debug_info    0x000000000000a107      0xd40 /home/chris/Projects/Embedded/CirrusDspPedal_SW/PrintfLib/Debug/libPrintfLib.a(printf.o)
 .debug_info    0x000000000000ae47      0x40d /home/chris/Projects/Embedded/CirrusDspPedal_SW/PrintfLib/Debug/libPrintfLib.a(putchar.o)

.debug_abbrev   0x0000000000000000     0x220b
 .debug_abbrev  0x0000000000000000      0x199 Core/Src/adc.o
 .debug_abbrev  0x0000000000000199      0x107 Core/Src/dma.o
 .debug_abbrev  0x00000000000002a0      0x134 Core/Src/gpio.o
 .debug_abbrev  0x00000000000003d4      0x1aa Core/Src/i2s.o
 .debug_abbrev  0x000000000000057e      0x2d7 Core/Src/main.o
 .debug_abbrev  0x0000000000000855      0x109 Core/Src/stm32f4xx_hal_msp.o
 .debug_abbrev  0x000000000000095e      0x149 Core/Src/stm32f4xx_it.o
 .debug_abbrev  0x0000000000000aa7      0x12b Core/Src/system_stm32f4xx.o
 .debug_abbrev  0x0000000000000bd2       0x12 Core/Startup/startup_stm32f405rgtx.o
 .debug_abbrev  0x0000000000000be4      0x1c7 Drivers/STM32F4xx_HAL_Driver/Src/stm32f4xx_hal.o
 .debug_abbrev  0x0000000000000dab      0x205 Drivers/STM32F4xx_HAL_Driver/Src/stm32f4xx_hal_adc.o
 .debug_abbrev  0x0000000000000fb0      0x2fa Drivers/STM32F4xx_HAL_Driver/Src/stm32f4xx_hal_cortex.o
 .debug_abbrev  0x00000000000012aa      0x229 Drivers/STM32F4xx_HAL_Driver/Src/stm32f4xx_hal_dma.o
 .debug_abbrev  0x00000000000014d3      0x1c9 Drivers/STM32F4xx_HAL_Driver/Src/stm32f4xx_hal_gpio.o
 .debug_abbrev  0x000000000000169c      0x21b Drivers/STM32F4xx_HAL_Driver/Src/stm32f4xx_hal_i2s.o
 .debug_abbrev  0x00000000000018b7      0x246 Drivers/STM32F4xx_HAL_Driver/Src/stm32f4xx_hal_i2s_ex.o
 .debug_abbrev  0x0000000000001afd      0x245 Drivers/STM32F4xx_HAL_Driver/Src/stm32f4xx_hal_rcc.o
 .debug_abbrev  0x0000000000001d42      0x173 Drivers/STM32F4xx_HAL_Driver/Src/stm32f4xx_hal_rcc_ex.o
 .debug_abbrev  0x0000000000001eb5      0x206 /home/chris/Projects/Embedded/CirrusDspPedal_SW/PrintfLib/Debug/libPrintfLib.a(printf.o)
 .debug_abbrev  0x00000000000020bb      0x150 /home/chris/Projects/Embedded/CirrusDspPedal_SW/PrintfLib/Debug/libPrintfLib.a(putchar.o)

.debug_aranges  0x0000000000000000      0x8f0
 .debug_aranges
                0x0000000000000000       0x30 Core/Src/adc.o
 .debug_aranges
                0x0000000000000030       0x20 Core/Src/dma.o
 .debug_aranges
                0x0000000000000050       0x20 Core/Src/gpio.o
 .debug_aranges
                0x0000000000000070       0x30 Core/Src/i2s.o
 .debug_aranges
                0x00000000000000a0       0x58 Core/Src/main.o
 .debug_aranges
                0x00000000000000f8       0x20 Core/Src/stm32f4xx_hal_msp.o
 .debug_aranges
                0x0000000000000118       0x70 Core/Src/stm32f4xx_it.o
 .debug_aranges
                0x0000000000000188       0x28 Core/Src/system_stm32f4xx.o
 .debug_aranges
                0x00000000000001b0       0x28 Core/Startup/startup_stm32f405rgtx.o
 .debug_aranges
                0x00000000000001d8       0xf0 Drivers/STM32F4xx_HAL_Driver/Src/stm32f4xx_hal.o
 .debug_aranges
                0x00000000000002c8       0xe8 Drivers/STM32F4xx_HAL_Driver/Src/stm32f4xx_hal_adc.o
 .debug_aranges
                0x00000000000003b0      0x118 Drivers/STM32F4xx_HAL_Driver/Src/stm32f4xx_hal_cortex.o
 .debug_aranges
                0x00000000000004c8       0x90 Drivers/STM32F4xx_HAL_Driver/Src/stm32f4xx_hal_dma.o
 .debug_aranges
                0x0000000000000558       0x58 Drivers/STM32F4xx_HAL_Driver/Src/stm32f4xx_hal_gpio.o
 .debug_aranges
                0x00000000000005b0      0x108 Drivers/STM32F4xx_HAL_Driver/Src/stm32f4xx_hal_i2s.o
 .debug_aranges
                0x00000000000006b8       0x88 Drivers/STM32F4xx_HAL_Driver/Src/stm32f4xx_hal_i2s_ex.o
 .debug_aranges
                0x0000000000000740       0x88 Drivers/STM32F4xx_HAL_Driver/Src/stm32f4xx_hal_rcc.o
 .debug_aranges
                0x00000000000007c8       0x48 Drivers/STM32F4xx_HAL_Driver/Src/stm32f4xx_hal_rcc_ex.o
 .debug_aranges
                0x0000000000000810       0xb8 /home/chris/Projects/Embedded/CirrusDspPedal_SW/PrintfLib/Debug/libPrintfLib.a(printf.o)
 .debug_aranges
                0x00000000000008c8       0x28 /home/chris/Projects/Embedded/CirrusDspPedal_SW/PrintfLib/Debug/libPrintfLib.a(putchar.o)

.debug_ranges   0x0000000000000000      0x7b8
 .debug_ranges  0x0000000000000000       0x20 Core/Src/adc.o
 .debug_ranges  0x0000000000000020       0x10 Core/Src/dma.o
 .debug_ranges  0x0000000000000030       0x10 Core/Src/gpio.o
 .debug_ranges  0x0000000000000040       0x20 Core/Src/i2s.o
 .debug_ranges  0x0000000000000060       0x48 Core/Src/main.o
 .debug_ranges  0x00000000000000a8       0x10 Core/Src/stm32f4xx_hal_msp.o
 .debug_ranges  0x00000000000000b8       0x60 Core/Src/stm32f4xx_it.o
 .debug_ranges  0x0000000000000118       0x18 Core/Src/system_stm32f4xx.o
 .debug_ranges  0x0000000000000130       0x20 Core/Startup/startup_stm32f405rgtx.o
 .debug_ranges  0x0000000000000150       0xe0 Drivers/STM32F4xx_HAL_Driver/Src/stm32f4xx_hal.o
 .debug_ranges  0x0000000000000230       0xd8 Drivers/STM32F4xx_HAL_Driver/Src/stm32f4xx_hal_adc.o
 .debug_ranges  0x0000000000000308      0x108 Drivers/STM32F4xx_HAL_Driver/Src/stm32f4xx_hal_cortex.o
 .debug_ranges  0x0000000000000410       0x80 Drivers/STM32F4xx_HAL_Driver/Src/stm32f4xx_hal_dma.o
 .debug_ranges  0x0000000000000490       0x48 Drivers/STM32F4xx_HAL_Driver/Src/stm32f4xx_hal_gpio.o
 .debug_ranges  0x00000000000004d8       0xf8 Drivers/STM32F4xx_HAL_Driver/Src/stm32f4xx_hal_i2s.o
 .debug_ranges  0x00000000000005d0       0x78 Drivers/STM32F4xx_HAL_Driver/Src/stm32f4xx_hal_i2s_ex.o
 .debug_ranges  0x0000000000000648       0x78 Drivers/STM32F4xx_HAL_Driver/Src/stm32f4xx_hal_rcc.o
 .debug_ranges  0x00000000000006c0       0x38 Drivers/STM32F4xx_HAL_Driver/Src/stm32f4xx_hal_rcc_ex.o
 .debug_ranges  0x00000000000006f8       0xa8 /home/chris/Projects/Embedded/CirrusDspPedal_SW/PrintfLib/Debug/libPrintfLib.a(printf.o)
 .debug_ranges  0x00000000000007a0       0x18 /home/chris/Projects/Embedded/CirrusDspPedal_SW/PrintfLib/Debug/libPrintfLib.a(putchar.o)

.debug_macro    0x0000000000000000    0x24560
 .debug_macro   0x0000000000000000      0x1fb Core/Src/adc.o
 .debug_macro   0x00000000000001fb      0xa5a Core/Src/adc.o
 .debug_macro   0x0000000000000c55      0x294 Core/Src/adc.o
 .debug_macro   0x0000000000000ee9       0x2e Core/Src/adc.o
 .debug_macro   0x0000000000000f17       0x2f Core/Src/adc.o
 .debug_macro   0x0000000000000f46       0x22 Core/Src/adc.o
 .debug_macro   0x0000000000000f68       0x8e Core/Src/adc.o
 .debug_macro   0x0000000000000ff6       0x51 Core/Src/adc.o
 .debug_macro   0x0000000000001047       0xef Core/Src/adc.o
 .debug_macro   0x0000000000001136       0x6a Core/Src/adc.o
 .debug_macro   0x00000000000011a0      0x1df Core/Src/adc.o
 .debug_macro   0x000000000000137f       0x1c Core/Src/adc.o
 .debug_macro   0x000000000000139b       0x22 Core/Src/adc.o
 .debug_macro   0x00000000000013bd       0xdf Core/Src/adc.o
 .debug_macro   0x000000000000149c     0x102d Core/Src/adc.o
 .debug_macro   0x00000000000024c9      0x11f Core/Src/adc.o
 .debug_macro   0x00000000000025e8    0x14251 Core/Src/adc.o
 .debug_macro   0x0000000000016839       0x43 Core/Src/adc.o
 .debug_macro   0x000000000001687c     0x3659 Core/Src/adc.o
 .debug_macro   0x0000000000019ed5      0x174 Core/Src/adc.o
 .debug_macro   0x000000000001a049       0x5a Core/Src/adc.o
 .debug_macro   0x000000000001a0a3      0x8a7 Core/Src/adc.o
 .debug_macro   0x000000000001a94a      0x9fe Core/Src/adc.o
 .debug_macro   0x000000000001b348      0x117 Core/Src/adc.o
 .debug_macro   0x000000000001b45f      0x130 Core/Src/adc.o
 .debug_macro   0x000000000001b58f       0x27 Core/Src/adc.o
 .debug_macro   0x000000000001b5b6      0x174 Core/Src/adc.o
 .debug_macro   0x000000000001b72a      0x287 Core/Src/adc.o
 .debug_macro   0x000000000001b9b1       0x5f Core/Src/adc.o
 .debug_macro   0x000000000001ba10      0x236 Core/Src/adc.o
 .debug_macro   0x000000000001bc46      0x391 Core/Src/adc.o
 .debug_macro   0x000000000001bfd7      0x176 Core/Src/adc.o
 .debug_macro   0x000000000001c14d       0xf9 Core/Src/adc.o
 .debug_macro   0x000000000001c246      0x12c Core/Src/adc.o
 .debug_macro   0x000000000001c372      0x21e Core/Src/adc.o
 .debug_macro   0x000000000001c590       0x2e Core/Src/adc.o
 .debug_macro   0x000000000001c5be      0x1a7 Core/Src/adc.o
 .debug_macro   0x000000000001c765       0x46 Core/Src/adc.o
 .debug_macro   0x000000000001c7ab       0x4a Core/Src/adc.o
 .debug_macro   0x000000000001c7f5      0x11a Core/Src/adc.o
 .debug_macro   0x000000000001c90f       0x7e Core/Src/adc.o
 .debug_macro   0x000000000001c98d       0x89 Core/Src/adc.o
 .debug_macro   0x000000000001ca16      0x12d Core/Src/adc.o
 .debug_macro   0x000000000001cb43       0xac Core/Src/adc.o
 .debug_macro   0x000000000001cbef      0x1fb Core/Src/dma.o
 .debug_macro   0x000000000001cdea      0x1fb Core/Src/gpio.o
 .debug_macro   0x000000000001cfe5      0x1fb Core/Src/i2s.o
 .debug_macro   0x000000000001d1e0      0x3ae Core/Src/main.o
 .debug_macro   0x000000000001d58e       0x46 Core/Src/main.o
 .debug_macro   0x000000000001d5d4       0x18 Core/Src/main.o
 .debug_macro   0x000000000001d5ec       0x3c Core/Src/main.o
 .debug_macro   0x000000000001d628       0x34 Core/Src/main.o
 .debug_macro   0x000000000001d65c       0x52 Core/Src/main.o
 .debug_macro   0x000000000001d6ae       0x1f Core/Src/main.o
 .debug_macro   0x000000000001d6cd       0x43 Core/Src/main.o
 .debug_macro   0x000000000001d710       0x20 Core/Src/main.o
 .debug_macro   0x000000000001d730      0x1a3 Core/Src/main.o
 .debug_macro   0x000000000001d8d3      0x32a Core/Src/main.o
 .debug_macro   0x000000000001dbfd      0x1e1 Core/Src/main.o
 .debug_macro   0x000000000001ddde       0x1c Core/Src/main.o
 .debug_macro   0x000000000001ddfa       0x35 Core/Src/main.o
 .debug_macro   0x000000000001de2f       0x10 Core/Src/main.o
 .debug_macro   0x000000000001de3f       0x10 Core/Src/main.o
 .debug_macro   0x000000000001de4f       0x1c Core/Src/main.o
 .debug_macro   0x000000000001de6b       0x52 Core/Src/main.o
 .debug_macro   0x000000000001debd       0x40 Core/Src/main.o
 .debug_macro   0x000000000001defd       0x10 Core/Src/main.o
 .debug_macro   0x000000000001df0d       0x40 Core/Src/main.o
 .debug_macro   0x000000000001df4d       0xd7 Core/Src/main.o
 .debug_macro   0x000000000001e024       0x1c Core/Src/main.o
 .debug_macro   0x000000000001e040       0x3d Core/Src/main.o
 .debug_macro   0x000000000001e07d       0x16 Core/Src/main.o
 .debug_macro   0x000000000001e093      0x145 Core/Src/main.o
 .debug_macro   0x000000000001e1d8       0x4c Core/Src/main.o
 .debug_macro   0x000000000001e224       0x22 Core/Src/main.o
 .debug_macro   0x000000000001e246      0x1f1 Core/Src/stm32f4xx_hal_msp.o
 .debug_macro   0x000000000001e437      0x1fb Core/Src/stm32f4xx_it.o
 .debug_macro   0x000000000001e632      0x1e8 Core/Src/system_stm32f4xx.o
 .debug_macro   0x000000000001e81a      0x242 Drivers/STM32F4xx_HAL_Driver/Src/stm32f4xx_hal.o
 .debug_macro   0x000000000001ea5c      0x1e3 Drivers/STM32F4xx_HAL_Driver/Src/stm32f4xx_hal_adc.o
 .debug_macro   0x000000000001ec3f      0x1e2 Drivers/STM32F4xx_HAL_Driver/Src/stm32f4xx_hal_cortex.o
 .debug_macro   0x000000000001ee21      0x1e8 Drivers/STM32F4xx_HAL_Driver/Src/stm32f4xx_hal_dma.o
 .debug_macro   0x000000000001f009      0x218 Drivers/STM32F4xx_HAL_Driver/Src/stm32f4xx_hal_gpio.o
 .debug_macro   0x000000000001f221      0x1ea Drivers/STM32F4xx_HAL_Driver/Src/stm32f4xx_hal_i2s.o
 .debug_macro   0x000000000001f40b      0x1e2 Drivers/STM32F4xx_HAL_Driver/Src/stm32f4xx_hal_i2s_ex.o
 .debug_macro   0x000000000001f5ed      0x206 Drivers/STM32F4xx_HAL_Driver/Src/stm32f4xx_hal_rcc.o
 .debug_macro   0x000000000001f7f3      0x1e2 Drivers/STM32F4xx_HAL_Driver/Src/stm32f4xx_hal_rcc_ex.o
 .debug_macro   0x000000000001f9d5      0x10e /home/chris/Projects/Embedded/CirrusDspPedal_SW/PrintfLib/Debug/libPrintfLib.a(printf.o)
 .debug_macro   0x000000000001fae3       0x22 /home/chris/Projects/Embedded/CirrusDspPedal_SW/PrintfLib/Debug/libPrintfLib.a(printf.o)
 .debug_macro   0x000000000001fb05       0x58 /home/chris/Projects/Embedded/CirrusDspPedal_SW/PrintfLib/Debug/libPrintfLib.a(printf.o)
 .debug_macro   0x000000000001fb5d      0x201 /home/chris/Projects/Embedded/CirrusDspPedal_SW/PrintfLib/Debug/libPrintfLib.a(printf.o)
 .debug_macro   0x000000000001fd5e      0x3e9 /home/chris/Projects/Embedded/CirrusDspPedal_SW/PrintfLib/Debug/libPrintfLib.a(putchar.o)
 .debug_macro   0x0000000000020147      0x3a8 /home/chris/Projects/Embedded/CirrusDspPedal_SW/PrintfLib/Debug/libPrintfLib.a(putchar.o)
 .debug_macro   0x00000000000204ef      0x40f /home/chris/Projects/Embedded/CirrusDspPedal_SW/PrintfLib/Debug/libPrintfLib.a(putchar.o)
 .debug_macro   0x00000000000208fe       0x22 /home/chris/Projects/Embedded/CirrusDspPedal_SW/PrintfLib/Debug/libPrintfLib.a(putchar.o)
 .debug_macro   0x0000000000020920       0xea /home/chris/Projects/Embedded/CirrusDspPedal_SW/PrintfLib/Debug/libPrintfLib.a(putchar.o)
 .debug_macro   0x0000000000020a0a       0xa0 /home/chris/Projects/Embedded/CirrusDspPedal_SW/PrintfLib/Debug/libPrintfLib.a(putchar.o)
 .debug_macro   0x0000000000020aaa       0x3c /home/chris/Projects/Embedded/CirrusDspPedal_SW/PrintfLib/Debug/libPrintfLib.a(putchar.o)
 .debug_macro   0x0000000000020ae6      0x543 /home/chris/Projects/Embedded/CirrusDspPedal_SW/PrintfLib/Debug/libPrintfLib.a(putchar.o)
 .debug_macro   0x0000000000021029       0x88 /home/chris/Projects/Embedded/CirrusDspPedal_SW/PrintfLib/Debug/libPrintfLib.a(putchar.o)
 .debug_macro   0x00000000000210b1       0xea /home/chris/Projects/Embedded/CirrusDspPedal_SW/PrintfLib/Debug/libPrintfLib.a(putchar.o)
 .debug_macro   0x000000000002119b      0x184 /home/chris/Projects/Embedded/CirrusDspPedal_SW/PrintfLib/Debug/libPrintfLib.a(putchar.o)
 .debug_macro   0x000000000002131f      0x1b5 /home/chris/Projects/Embedded/CirrusDspPedal_SW/PrintfLib/Debug/libPrintfLib.a(putchar.o)
 .debug_macro   0x00000000000214d4       0xd6 /home/chris/Projects/Embedded/CirrusDspPedal_SW/PrintfLib/Debug/libPrintfLib.a(putchar.o)
 .debug_macro   0x00000000000215aa      0x26b /home/chris/Projects/Embedded/CirrusDspPedal_SW/PrintfLib/Debug/libPrintfLib.a(putchar.o)
 .debug_macro   0x0000000000021815       0x78 /home/chris/Projects/Embedded/CirrusDspPedal_SW/PrintfLib/Debug/libPrintfLib.a(putchar.o)
 .debug_macro   0x000000000002188d       0xa4 /home/chris/Projects/Embedded/CirrusDspPedal_SW/PrintfLib/Debug/libPrintfLib.a(putchar.o)
 .debug_macro   0x0000000000021931      0x31a /home/chris/Projects/Embedded/CirrusDspPedal_SW/PrintfLib/Debug/libPrintfLib.a(putchar.o)
 .debug_macro   0x0000000000021c4b      0x405 /home/chris/Projects/Embedded/CirrusDspPedal_SW/PrintfLib/Debug/libPrintfLib.a(putchar.o)
 .debug_macro   0x0000000000022050       0xe4 /home/chris/Projects/Embedded/CirrusDspPedal_SW/PrintfLib/Debug/libPrintfLib.a(putchar.o)
 .debug_macro   0x0000000000022134      0x861 /home/chris/Projects/Embedded/CirrusDspPedal_SW/PrintfLib/Debug/libPrintfLib.a(putchar.o)
 .debug_macro   0x0000000000022995      0x1d5 /home/chris/Projects/Embedded/CirrusDspPedal_SW/PrintfLib/Debug/libPrintfLib.a(putchar.o)
 .debug_macro   0x0000000000022b6a      0x225 /home/chris/Projects/Embedded/CirrusDspPedal_SW/PrintfLib/Debug/libPrintfLib.a(putchar.o)
 .debug_macro   0x0000000000022d8f      0x8a0 /home/chris/Projects/Embedded/CirrusDspPedal_SW/PrintfLib/Debug/libPrintfLib.a(putchar.o)
 .debug_macro   0x000000000002362f       0x47 /home/chris/Projects/Embedded/CirrusDspPedal_SW/PrintfLib/Debug/libPrintfLib.a(putchar.o)
 .debug_macro   0x0000000000023676      0x287 /home/chris/Projects/Embedded/CirrusDspPedal_SW/PrintfLib/Debug/libPrintfLib.a(putchar.o)
 .debug_macro   0x00000000000238fd      0x217 /home/chris/Projects/Embedded/CirrusDspPedal_SW/PrintfLib/Debug/libPrintfLib.a(putchar.o)
 .debug_macro   0x0000000000023b14      0x1b5 /home/chris/Projects/Embedded/CirrusDspPedal_SW/PrintfLib/Debug/libPrintfLib.a(putchar.o)
 .debug_macro   0x0000000000023cc9      0x2db /home/chris/Projects/Embedded/CirrusDspPedal_SW/PrintfLib/Debug/libPrintfLib.a(putchar.o)
 .debug_macro   0x0000000000023fa4       0x8d /home/chris/Projects/Embedded/CirrusDspPedal_SW/PrintfLib/Debug/libPrintfLib.a(putchar.o)
 .debug_macro   0x0000000000024031      0x21e /home/chris/Projects/Embedded/CirrusDspPedal_SW/PrintfLib/Debug/libPrintfLib.a(putchar.o)
 .debug_macro   0x000000000002424f       0xba /home/chris/Projects/Embedded/CirrusDspPedal_SW/PrintfLib/Debug/libPrintfLib.a(putchar.o)
 .debug_macro   0x0000000000024309       0x6e /home/chris/Projects/Embedded/CirrusDspPedal_SW/PrintfLib/Debug/libPrintfLib.a(putchar.o)
 .debug_macro   0x0000000000024377      0x1e9 /home/chris/Projects/Embedded/CirrusDspPedal_SW/PrintfLib/Debug/libPrintfLib.a(putchar.o)

.debug_line     0x0000000000000000     0xb357
 .debug_line    0x0000000000000000      0x74f Core/Src/adc.o
 .debug_line    0x000000000000074f      0x713 Core/Src/dma.o
 .debug_line    0x0000000000000e62      0x72a Core/Src/gpio.o
 .debug_line    0x000000000000158c      0x773 Core/Src/i2s.o
 .debug_line    0x0000000000001cff      0xa97 Core/Src/main.o
 .debug_line    0x0000000000002796      0x716 Core/Src/stm32f4xx_hal_msp.o
 .debug_line    0x0000000000002eac      0x7de Core/Src/stm32f4xx_it.o
 .debug_line    0x000000000000368a      0x731 Core/Src/system_stm32f4xx.o
 .debug_line    0x0000000000003dbb       0x85 Core/Startup/startup_stm32f405rgtx.o
 .debug_line    0x0000000000003e40      0x91b Drivers/STM32F4xx_HAL_Driver/Src/stm32f4xx_hal.o
 .debug_line    0x000000000000475b      0xb80 Drivers/STM32F4xx_HAL_Driver/Src/stm32f4xx_hal_adc.o
 .debug_line    0x00000000000052db      0xa3f Drivers/STM32F4xx_HAL_Driver/Src/stm32f4xx_hal_cortex.o
 .debug_line    0x0000000000005d1a      0x9e9 Drivers/STM32F4xx_HAL_Driver/Src/stm32f4xx_hal_dma.o
 .debug_line    0x0000000000006703      0x8fa Drivers/STM32F4xx_HAL_Driver/Src/stm32f4xx_hal_gpio.o
 .debug_line    0x0000000000006ffd      0xdb7 Drivers/STM32F4xx_HAL_Driver/Src/stm32f4xx_hal_i2s.o
 .debug_line    0x0000000000007db4      0xee6 Drivers/STM32F4xx_HAL_Driver/Src/stm32f4xx_hal_i2s_ex.o
 .debug_line    0x0000000000008c9a      0x973 Drivers/STM32F4xx_HAL_Driver/Src/stm32f4xx_hal_rcc.o
 .debug_line    0x000000000000960d      0x83c Drivers/STM32F4xx_HAL_Driver/Src/stm32f4xx_hal_rcc_ex.o
 .debug_line    0x0000000000009e49      0x98e /home/chris/Projects/Embedded/CirrusDspPedal_SW/PrintfLib/Debug/libPrintfLib.a(printf.o)
 .debug_line    0x000000000000a7d7      0xb80 /home/chris/Projects/Embedded/CirrusDspPedal_SW/PrintfLib/Debug/libPrintfLib.a(putchar.o)

.debug_str      0x0000000000000000    0xe2cda
 .debug_str     0x0000000000000000    0xb57a4 Core/Src/adc.o
                                      0xb5aa9 (size before relaxing)
 .debug_str     0x00000000000b57a4      0x4d7 Core/Src/dma.o
                                      0xb5a97 (size before relaxing)
 .debug_str     0x00000000000b5c7b       0x46 Core/Src/gpio.o
                                      0xb566a (size before relaxing)
 .debug_str     0x00000000000b5cc1      0x225 Core/Src/i2s.o
                                      0xb5ad5 (size before relaxing)
 .debug_str     0x00000000000b5ee6     0x4d37 Core/Src/main.o
                                      0xba9e6 (size before relaxing)
 .debug_str     0x00000000000bac1d       0x2c Core/Src/stm32f4xx_hal_msp.o
                                      0xb55cf (size before relaxing)
 .debug_str     0x00000000000bac49       0xed Core/Src/stm32f4xx_it.o
                                      0xb57f7 (size before relaxing)
 .debug_str     0x00000000000bad36       0xc4 Core/Src/system_stm32f4xx.o
                                      0xb534d (size before relaxing)
 .debug_str     0x00000000000badfa       0x36 Core/Startup/startup_stm32f405rgtx.o
                                         0x78 (size before relaxing)
 .debug_str     0x00000000000bae30      0x58d Drivers/STM32F4xx_HAL_Driver/Src/stm32f4xx_hal.o
                                      0xb5df9 (size before relaxing)
 .debug_str     0x00000000000bb3bd      0x2a7 Drivers/STM32F4xx_HAL_Driver/Src/stm32f4xx_hal_adc.o
                                      0xb58e4 (size before relaxing)
 .debug_str     0x00000000000bb664      0x392 Drivers/STM32F4xx_HAL_Driver/Src/stm32f4xx_hal_cortex.o
                                      0xb5be8 (size before relaxing)
 .debug_str     0x00000000000bb9f6      0x31d Drivers/STM32F4xx_HAL_Driver/Src/stm32f4xx_hal_dma.o
                                      0xb5762 (size before relaxing)
 .debug_str     0x00000000000bbd13      0x20c Drivers/STM32F4xx_HAL_Driver/Src/stm32f4xx_hal_gpio.o
                                      0xb558c (size before relaxing)
 .debug_str     0x00000000000bbf1f      0x28c Drivers/STM32F4xx_HAL_Driver/Src/stm32f4xx_hal_i2s.o
                                      0xb5901 (size before relaxing)
 .debug_str     0x00000000000bc1ab      0x1bd Drivers/STM32F4xx_HAL_Driver/Src/stm32f4xx_hal_i2s_ex.o
                                      0xb583f (size before relaxing)
 .debug_str     0x00000000000bc368      0x24e Drivers/STM32F4xx_HAL_Driver/Src/stm32f4xx_hal_rcc.o
                                      0xb573a (size before relaxing)
 .debug_str     0x00000000000bc5b6      0x113 Drivers/STM32F4xx_HAL_Driver/Src/stm32f4xx_hal_rcc_ex.o
                                      0xb5482 (size before relaxing)
 .debug_str     0x00000000000bc6c9      0x991 /home/chris/Projects/Embedded/CirrusDspPedal_SW/PrintfLib/Debug/libPrintfLib.a(printf.o)
                                       0x4b6b (size before relaxing)
 .debug_str     0x00000000000bd05a    0x25c80 /home/chris/Projects/Embedded/CirrusDspPedal_SW/PrintfLib/Debug/libPrintfLib.a(putchar.o)
                                      0xda9dc (size before relaxing)

.comment        0x0000000000000000       0x7b
 .comment       0x0000000000000000       0x7b Core/Src/adc.o
                                         0x7c (size before relaxing)
 .comment       0x000000000000007b       0x7c Core/Src/dma.o
 .comment       0x000000000000007b       0x7c Core/Src/gpio.o
 .comment       0x000000000000007b       0x7c Core/Src/i2s.o
 .comment       0x000000000000007b       0x7c Core/Src/main.o
 .comment       0x000000000000007b       0x7c Core/Src/stm32f4xx_hal_msp.o
 .comment       0x000000000000007b       0x7c Core/Src/stm32f4xx_it.o
 .comment       0x000000000000007b       0x7c Core/Src/system_stm32f4xx.o
 .comment       0x000000000000007b       0x7c Drivers/STM32F4xx_HAL_Driver/Src/stm32f4xx_hal.o
 .comment       0x000000000000007b       0x7c Drivers/STM32F4xx_HAL_Driver/Src/stm32f4xx_hal_adc.o
 .comment       0x000000000000007b       0x7c Drivers/STM32F4xx_HAL_Driver/Src/stm32f4xx_hal_cortex.o
 .comment       0x000000000000007b       0x7c Drivers/STM32F4xx_HAL_Driver/Src/stm32f4xx_hal_dma.o
 .comment       0x000000000000007b       0x7c Drivers/STM32F4xx_HAL_Driver/Src/stm32f4xx_hal_gpio.o
 .comment       0x000000000000007b       0x7c Drivers/STM32F4xx_HAL_Driver/Src/stm32f4xx_hal_i2s.o
 .comment       0x000000000000007b       0x7c Drivers/STM32F4xx_HAL_Driver/Src/stm32f4xx_hal_i2s_ex.o
 .comment       0x000000000000007b       0x7c Drivers/STM32F4xx_HAL_Driver/Src/stm32f4xx_hal_rcc.o
 .comment       0x000000000000007b       0x7c Drivers/STM32F4xx_HAL_Driver/Src/stm32f4xx_hal_rcc_ex.o
 .comment       0x000000000000007b       0x7c /home/chris/Projects/Embedded/CirrusDspPedal_SW/PrintfLib/Debug/libPrintfLib.a(printf.o)
 .comment       0x000000000000007b       0x7c /home/chris/Projects/Embedded/CirrusDspPedal_SW/PrintfLib/Debug/libPrintfLib.a(putchar.o)

.debug_frame    0x0000000000000000     0x2428
 .debug_frame   0x0000000000000000       0x7c Core/Src/adc.o
 .debug_frame   0x000000000000007c       0x34 Core/Src/dma.o
 .debug_frame   0x00000000000000b0       0x34 Core/Src/gpio.o
 .debug_frame   0x00000000000000e4       0x74 Core/Src/i2s.o
 .debug_frame   0x0000000000000158      0x12c Core/Src/main.o
 .debug_frame   0x0000000000000284       0x38 Core/Src/stm32f4xx_hal_msp.o
 .debug_frame   0x00000000000002bc      0x144 Core/Src/stm32f4xx_it.o
 .debug_frame   0x0000000000000400       0x58 Core/Src/system_stm32f4xx.o
 .debug_frame   0x0000000000000458      0x374 Drivers/STM32F4xx_HAL_Driver/Src/stm32f4xx_hal.o
 .debug_frame   0x00000000000007cc      0x3fc Drivers/STM32F4xx_HAL_Driver/Src/stm32f4xx_hal_adc.o
 .debug_frame   0x0000000000000bc8      0x498 Drivers/STM32F4xx_HAL_Driver/Src/stm32f4xx_hal_cortex.o
 .debug_frame   0x0000000000001060      0x250 Drivers/STM32F4xx_HAL_Driver/Src/stm32f4xx_hal_dma.o
 .debug_frame   0x00000000000012b0      0x14c Drivers/STM32F4xx_HAL_Driver/Src/stm32f4xx_hal_gpio.o
 .debug_frame   0x00000000000013fc      0x484 Drivers/STM32F4xx_HAL_Driver/Src/stm32f4xx_hal_i2s.o
 .debug_frame   0x0000000000001880      0x220 Drivers/STM32F4xx_HAL_Driver/Src/stm32f4xx_hal_i2s_ex.o
 .debug_frame   0x0000000000001aa0      0x1f0 Drivers/STM32F4xx_HAL_Driver/Src/stm32f4xx_hal_rcc.o
 .debug_frame   0x0000000000001c90       0xf0 Drivers/STM32F4xx_HAL_Driver/Src/stm32f4xx_hal_rcc_ex.o
 .debug_frame   0x0000000000001d80      0x378 /home/chris/Projects/Embedded/CirrusDspPedal_SW/PrintfLib/Debug/libPrintfLib.a(printf.o)
 .debug_frame   0x00000000000020f8       0x5c /home/chris/Projects/Embedded/CirrusDspPedal_SW/PrintfLib/Debug/libPrintfLib.a(putchar.o)
 .debug_frame   0x0000000000002154       0x2c /home/chris/opt/STM32CubeIDE/st/stm32cubeide_1.2.0/plugins/com.st.stm32cube.ide.mcu.externaltools.gnu-tools-for-stm32.7-2018-q2-update.linux64_1.4.0.202007081208/tools/bin/../lib/gcc/arm-none-eabi/7.3.1/../../../../arm-none-eabi/lib/thumb/v7e-m/fpv4-sp/hard/libc_nano.a(lib_a-init.o)
 .debug_frame   0x0000000000002180       0x20 /home/chris/opt/STM32CubeIDE/st/stm32cubeide_1.2.0/plugins/com.st.stm32cube.ide.mcu.externaltools.gnu-tools-for-stm32.7-2018-q2-update.linux64_1.4.0.202007081208/tools/bin/../lib/gcc/arm-none-eabi/7.3.1/../../../../arm-none-eabi/lib/thumb/v7e-m/fpv4-sp/hard/libc_nano.a(lib_a-memset.o)
 .debug_frame   0x00000000000021a0       0x20 /home/chris/opt/STM32CubeIDE/st/stm32cubeide_1.2.0/plugins/com.st.stm32cube.ide.mcu.externaltools.gnu-tools-for-stm32.7-2018-q2-update.linux64_1.4.0.202007081208/tools/bin/../lib/gcc/arm-none-eabi/7.3.1/../../../../arm-none-eabi/lib/thumb/v7e-m/fpv4-sp/hard/libm.a(lib_a-sf_round.o)
 .debug_frame   0x00000000000021c0       0xac /home/chris/opt/STM32CubeIDE/st/stm32cubeide_1.2.0/plugins/com.st.stm32cube.ide.mcu.externaltools.gnu-tools-for-stm32.7-2018-q2-update.linux64_1.4.0.202007081208/tools/bin/../lib/gcc/arm-none-eabi/7.3.1/thumb/v7e-m/fpv4-sp/hard/libgcc.a(_arm_addsubdf3.o)
 .debug_frame   0x000000000000226c       0x50 /home/chris/opt/STM32CubeIDE/st/stm32cubeide_1.2.0/plugins/com.st.stm32cube.ide.mcu.externaltools.gnu-tools-for-stm32.7-2018-q2-update.linux64_1.4.0.202007081208/tools/bin/../lib/gcc/arm-none-eabi/7.3.1/thumb/v7e-m/fpv4-sp/hard/libgcc.a(_arm_muldivdf3.o)
 .debug_frame   0x00000000000022bc       0xc4 /home/chris/opt/STM32CubeIDE/st/stm32cubeide_1.2.0/plugins/com.st.stm32cube.ide.mcu.externaltools.gnu-tools-for-stm32.7-2018-q2-update.linux64_1.4.0.202007081208/tools/bin/../lib/gcc/arm-none-eabi/7.3.1/thumb/v7e-m/fpv4-sp/hard/libgcc.a(_arm_cmpdf2.o)
 .debug_frame   0x0000000000002380       0x24 /home/chris/opt/STM32CubeIDE/st/stm32cubeide_1.2.0/plugins/com.st.stm32cube.ide.mcu.externaltools.gnu-tools-for-stm32.7-2018-q2-update.linux64_1.4.0.202007081208/tools/bin/../lib/gcc/arm-none-eabi/7.3.1/thumb/v7e-m/fpv4-sp/hard/libgcc.a(_arm_fixdfsi.o)
 .debug_frame   0x00000000000023a4       0x24 /home/chris/opt/STM32CubeIDE/st/stm32cubeide_1.2.0/plugins/com.st.stm32cube.ide.mcu.externaltools.gnu-tools-for-stm32.7-2018-q2-update.linux64_1.4.0.202007081208/tools/bin/../lib/gcc/arm-none-eabi/7.3.1/thumb/v7e-m/fpv4-sp/hard/libgcc.a(_arm_fixunsdfsi.o)
 .debug_frame   0x00000000000023c8       0x2c /home/chris/opt/STM32CubeIDE/st/stm32cubeide_1.2.0/plugins/com.st.stm32cube.ide.mcu.externaltools.gnu-tools-for-stm32.7-2018-q2-update.linux64_1.4.0.202007081208/tools/bin/../lib/gcc/arm-none-eabi/7.3.1/thumb/v7e-m/fpv4-sp/hard/libgcc.a(_aeabi_uldivmod.o)
 .debug_frame   0x00000000000023f4       0x34 /home/chris/opt/STM32CubeIDE/st/stm32cubeide_1.2.0/plugins/com.st.stm32cube.ide.mcu.externaltools.gnu-tools-for-stm32.7-2018-q2-update.linux64_1.4.0.202007081208/tools/bin/../lib/gcc/arm-none-eabi/7.3.1/thumb/v7e-m/fpv4-sp/hard/libgcc.a(_udivmoddi4.o)
