Archive member included to satisfy reference by file (symbol)

/home/chris/Projects/Embedded/CirrusDspPedal_SW/SeggerRTTLib/Debug/libSeggerRTTLib.a(SEGGER_RTT.o)
                              Core/Src/main.o (SEGGER_RTT_Write)
/home/chris/opt/STM32CubeIDE/st/stm32cubeide_1.2.0/plugins/com.st.stm32cube.ide.mcu.externaltools.gnu-tools-for-stm32.7-2018-q2-update.linux64_1.4.0.202007081208/tools/bin/../lib/gcc/arm-none-eabi/7.3.1/../../../../arm-none-eabi/lib/thumb/v7e-m/fpv4-sp/hard/libc_nano.a(lib_a-errno.o)
                              Core/Src/syscalls.o (__errno)
/home/chris/opt/STM32CubeIDE/st/stm32cubeide_1.2.0/plugins/com.st.stm32cube.ide.mcu.externaltools.gnu-tools-for-stm32.7-2018-q2-update.linux64_1.4.0.202007081208/tools/bin/../lib/gcc/arm-none-eabi/7.3.1/../../../../arm-none-eabi/lib/thumb/v7e-m/fpv4-sp/hard/libc_nano.a(lib_a-exit.o)
                              /home/chris/opt/STM32CubeIDE/st/stm32cubeide_1.2.0/plugins/com.st.stm32cube.ide.mcu.externaltools.gnu-tools-for-stm32.7-2018-q2-update.linux64_1.4.0.202007081208/tools/bin/../lib/gcc/arm-none-eabi/7.3.1/../../../../arm-none-eabi/lib/thumb/v7e-m/fpv4-sp/hard/crt0.o (exit)
/home/chris/opt/STM32CubeIDE/st/stm32cubeide_1.2.0/plugins/com.st.stm32cube.ide.mcu.externaltools.gnu-tools-for-stm32.7-2018-q2-update.linux64_1.4.0.202007081208/tools/bin/../lib/gcc/arm-none-eabi/7.3.1/../../../../arm-none-eabi/lib/thumb/v7e-m/fpv4-sp/hard/libc_nano.a(lib_a-impure.o)
                              /home/chris/opt/STM32CubeIDE/st/stm32cubeide_1.2.0/plugins/com.st.stm32cube.ide.mcu.externaltools.gnu-tools-for-stm32.7-2018-q2-update.linux64_1.4.0.202007081208/tools/bin/../lib/gcc/arm-none-eabi/7.3.1/../../../../arm-none-eabi/lib/thumb/v7e-m/fpv4-sp/hard/libc_nano.a(lib_a-exit.o) (_global_impure_ptr)
/home/chris/opt/STM32CubeIDE/st/stm32cubeide_1.2.0/plugins/com.st.stm32cube.ide.mcu.externaltools.gnu-tools-for-stm32.7-2018-q2-update.linux64_1.4.0.202007081208/tools/bin/../lib/gcc/arm-none-eabi/7.3.1/../../../../arm-none-eabi/lib/thumb/v7e-m/fpv4-sp/hard/libc_nano.a(lib_a-init.o)
                              /home/chris/opt/STM32CubeIDE/st/stm32cubeide_1.2.0/plugins/com.st.stm32cube.ide.mcu.externaltools.gnu-tools-for-stm32.7-2018-q2-update.linux64_1.4.0.202007081208/tools/bin/../lib/gcc/arm-none-eabi/7.3.1/../../../../arm-none-eabi/lib/thumb/v7e-m/fpv4-sp/hard/crt0.o (__libc_init_array)
/home/chris/opt/STM32CubeIDE/st/stm32cubeide_1.2.0/plugins/com.st.stm32cube.ide.mcu.externaltools.gnu-tools-for-stm32.7-2018-q2-update.linux64_1.4.0.202007081208/tools/bin/../lib/gcc/arm-none-eabi/7.3.1/../../../../arm-none-eabi/lib/thumb/v7e-m/fpv4-sp/hard/libc_nano.a(lib_a-memcpy-stub.o)
                              /home/chris/Projects/Embedded/CirrusDspPedal_SW/SeggerRTTLib/Debug/libSeggerRTTLib.a(SEGGER_RTT.o) (memcpy)
/home/chris/opt/STM32CubeIDE/st/stm32cubeide_1.2.0/plugins/com.st.stm32cube.ide.mcu.externaltools.gnu-tools-for-stm32.7-2018-q2-update.linux64_1.4.0.202007081208/tools/bin/../lib/gcc/arm-none-eabi/7.3.1/../../../../arm-none-eabi/lib/thumb/v7e-m/fpv4-sp/hard/libc_nano.a(lib_a-memset.o)
                              /home/chris/opt/STM32CubeIDE/st/stm32cubeide_1.2.0/plugins/com.st.stm32cube.ide.mcu.externaltools.gnu-tools-for-stm32.7-2018-q2-update.linux64_1.4.0.202007081208/tools/bin/../lib/gcc/arm-none-eabi/7.3.1/../../../../arm-none-eabi/lib/thumb/v7e-m/fpv4-sp/hard/crt0.o (memset)
/home/chris/opt/STM32CubeIDE/st/stm32cubeide_1.2.0/plugins/com.st.stm32cube.ide.mcu.externaltools.gnu-tools-for-stm32.7-2018-q2-update.linux64_1.4.0.202007081208/tools/bin/../lib/gcc/arm-none-eabi/7.3.1/../../../../arm-none-eabi/lib/thumb/v7e-m/fpv4-sp/hard/libc_nano.a(lib_a-printf.o)
                              Core/Src/main.o (printf)
/home/chris/opt/STM32CubeIDE/st/stm32cubeide_1.2.0/plugins/com.st.stm32cube.ide.mcu.externaltools.gnu-tools-for-stm32.7-2018-q2-update.linux64_1.4.0.202007081208/tools/bin/../lib/gcc/arm-none-eabi/7.3.1/../../../../arm-none-eabi/lib/thumb/v7e-m/fpv4-sp/hard/libc_nano.a(lib_a-strlen.o)
                              /home/chris/Projects/Embedded/CirrusDspPedal_SW/SeggerRTTLib/Debug/libSeggerRTTLib.a(SEGGER_RTT.o) (strlen)
/home/chris/opt/STM32CubeIDE/st/stm32cubeide_1.2.0/plugins/com.st.stm32cube.ide.mcu.externaltools.gnu-tools-for-stm32.7-2018-q2-update.linux64_1.4.0.202007081208/tools/bin/../lib/gcc/arm-none-eabi/7.3.1/../../../../arm-none-eabi/lib/thumb/v7e-m/fpv4-sp/hard/libc_nano.a(lib_a-findfp.o)
                              /home/chris/opt/STM32CubeIDE/st/stm32cubeide_1.2.0/plugins/com.st.stm32cube.ide.mcu.externaltools.gnu-tools-for-stm32.7-2018-q2-update.linux64_1.4.0.202007081208/tools/bin/../lib/gcc/arm-none-eabi/7.3.1/../../../../arm-none-eabi/lib/thumb/v7e-m/fpv4-sp/hard/libc_nano.a(lib_a-printf.o) (__sinit)
[...]
Memory Configuration

Name             Origin             Length             Attributes
CCMRAM           0x0000000010000000 0x0000000000010000 xrw
RAM              0x0000000020000000 0x0000000000020000 xrw
FLASH            0x0000000008000000 0x0000000000100000 xr
*default*        0x0000000000000000 0xffffffffffffffff

Linker script and memory map

LOAD /home/chris/opt/STM32CubeIDE/st/stm32cubeide_1.2.0/plugins/com.st.stm32cube.ide.mcu.externaltools.gnu-tools-for-stm32.7-2018-q2-update.linux64_1.4.0.202007081208/tools/bin/../lib/gcc/arm-none-eabi/7.3.1/thumb/v7e-m/fpv4-sp/hard/crti.o
LOAD /home/chris/opt/STM32CubeIDE/st/stm32cubeide_1.2.0/plugins/com.st.stm32cube.ide.mcu.externaltools.gnu-tools-for-stm32.7-2018-q2-update.linux64_1.4.0.202007081208/tools/bin/../lib/gcc/arm-none-eabi/7.3.1/thumb/v7e-m/fpv4-sp/hard/crtbegin.o
LOAD /home/chris/opt/STM32CubeIDE/st/stm32cubeide_1.2.0/plugins/com.st.stm32cube.ide.mcu.externaltools.gnu-tools-for-stm32.7-2018-q2-update.linux64_1.4.0.202007081208/tools/bin/../lib/gcc/arm-none-eabi/7.3.1/../../../../arm-none-eabi/lib/thumb/v7e-m/fpv4-sp/hard/crt0.o
LOAD Core/Src/adc.o
LOAD Core/Src/dma.o
LOAD Core/Src/gpio.o
LOAD Core/Src/i2s.o
LOAD Core/Src/main.o
LOAD Core/Src/stm32f4xx_hal_msp.o
LOAD Core/Src/stm32f4xx_it.o
LOAD Core/Src/syscalls.o
LOAD Core/Src/sysmem.o
LOAD Core/Src/system_stm32f4xx.o
LOAD Core/Startup/startup_stm32f405rgtx.o
LOAD Drivers/STM32F4xx_HAL_Driver/Src/stm32f4xx_hal.o
LOAD Drivers/STM32F4xx_HAL_Driver/Src/stm32f4xx_hal_adc.o
LOAD Drivers/STM32F4xx_HAL_Driver/Src/stm32f4xx_hal_adc_ex.o
LOAD Drivers/STM32F4xx_HAL_Driver/Src/stm32f4xx_hal_cortex.o
LOAD Drivers/STM32F4xx_HAL_Driver/Src/stm32f4xx_hal_dma.o
LOAD Drivers/STM32F4xx_HAL_Driver/Src/stm32f4xx_hal_dma_ex.o
LOAD Drivers/STM32F4xx_HAL_Driver/Src/stm32f4xx_hal_exti.o
LOAD Drivers/STM32F4xx_HAL_Driver/Src/stm32f4xx_hal_flash.o
LOAD Drivers/STM32F4xx_HAL_Driver/Src/stm32f4xx_hal_flash_ex.o
LOAD Drivers/STM32F4xx_HAL_Driver/Src/stm32f4xx_hal_flash_ramfunc.o
LOAD Drivers/STM32F4xx_HAL_Driver/Src/stm32f4xx_hal_gpio.o
LOAD Drivers/STM32F4xx_HAL_Driver/Src/stm32f4xx_hal_i2s.o
LOAD Drivers/STM32F4xx_HAL_Driver/Src/stm32f4xx_hal_i2s_ex.o
LOAD Drivers/STM32F4xx_HAL_Driver/Src/stm32f4xx_hal_pwr.o
LOAD Drivers/STM32F4xx_HAL_Driver/Src/stm32f4xx_hal_pwr_ex.o
LOAD Drivers/STM32F4xx_HAL_Driver/Src/stm32f4xx_hal_rcc.o
LOAD Drivers/STM32F4xx_HAL_Driver/Src/stm32f4xx_hal_rcc_ex.o
LOAD Drivers/STM32F4xx_HAL_Driver/Src/stm32f4xx_hal_tim.o
LOAD Drivers/STM32F4xx_HAL_Driver/Src/stm32f4xx_hal_tim_ex.o
LOAD /home/chris/Projects/Embedded/CirrusDspPedal_SW/SeggerRTTLib/Debug/libSeggerRTTLib.a
START GROUP
LOAD /home/chris/opt/STM32CubeIDE/st/stm32cubeide_1.2.0/plugins/com.st.stm32cube.ide.mcu.externaltools.gnu-tools-for-stm32.7-2018-q2-update.linux64_1.4.0.202007081208/tools/bin/../lib/gcc/arm-none-eabi/7.3.1/../../../../arm-none-eabi/lib/thumb/v7e-m/fpv4-sp/hard/libc_nano.a
LOAD /home/chris/opt/STM32CubeIDE/st/stm32cubeide_1.2.0/plugins/com.st.stm32cube.ide.mcu.externaltools.gnu-tools-for-stm32.7-2018-q2-update.linux64_1.4.0.202007081208/tools/bin/../lib/gcc/arm-none-eabi/7.3.1/../../../../arm-none-eabi/lib/thumb/v7e-m/fpv4-sp/hard/libm.a
END GROUP
START GROUP
LOAD /home/chris/opt/STM32CubeIDE/st/stm32cubeide_1.2.0/plugins/com.st.stm32cube.ide.mcu.externaltools.gnu-tools-for-stm32.7-2018-q2-update.linux64_1.4.0.202007081208/tools/bin/../lib/gcc/arm-none-eabi/7.3.1/thumb/v7e-m/fpv4-sp/hard/libgcc.a
LOAD /home/chris/opt/STM32CubeIDE/st/stm32cubeide_1.2.0/plugins/com.st.stm32cube.ide.mcu.externaltools.gnu-tools-for-stm32.7-2018-q2-update.linux64_1.4.0.202007081208/tools/bin/../lib/gcc/arm-none-eabi/7.3.1/../../../../arm-none-eabi/lib/thumb/v7e-m/fpv4-sp/hard/libc_nano.a
END GROUP
START GROUP
LOAD /home/chris/opt/STM32CubeIDE/st/stm32cubeide_1.2.0/plugins/com.st.stm32cube.ide.mcu.externaltools.gnu-tools-for-stm32.7-2018-q2-update.linux64_1.4.0.202007081208/tools/bin/../lib/gcc/arm-none-eabi/7.3.1/thumb/v7e-m/fpv4-sp/hard/libgcc.a
LOAD /home/chris/opt/STM32CubeIDE/st/stm32cubeide_1.2.0/plugins/com.st.stm32cube.ide.mcu.externaltools.gnu-tools-for-stm32.7-2018-q2-update.linux64_1.4.0.202007081208/tools/bin/../lib/gcc/arm-none-eabi/7.3.1/../../../../arm-none-eabi/lib/thumb/v7e-m/fpv4-sp/hard/libc_nano.a
LOAD /home/chris/opt/STM32CubeIDE/st/stm32cubeide_1.2.0/plugins/com.st.stm32cube.ide.mcu.externaltools.gnu-tools-for-stm32.7-2018-q2-update.linux64_1.4.0.202007081208/tools/bin/../lib/gcc/arm-none-eabi/7.3.1/../../../../arm-none-eabi/lib/thumb/v7e-m/fpv4-sp/hard/libnosys.a
END GROUP
START GROUP
LOAD /home/chris/opt/STM32CubeIDE/st/stm32cubeide_1.2.0/plugins/com.st.stm32cube.ide.mcu.externaltools.gnu-tools-for-stm32.7-2018-q2-update.linux64_1.4.0.202007081208/tools/bin/../lib/gcc/arm-none-eabi/7.3.1/thumb/v7e-m/fpv4-sp/hard/libgcc.a
LOAD /home/chris/opt/STM32CubeIDE/st/stm32cubeide_1.2.0/plugins/com.st.stm32cube.ide.mcu.externaltools.gnu-tools-for-stm32.7-2018-q2-update.linux64_1.4.0.202007081208/tools/bin/../lib/gcc/arm-none-eabi/7.3.1/../../../../arm-none-eabi/lib/thumb/v7e-m/fpv4-sp/hard/libc_nano.a
LOAD /home/chris/opt/STM32CubeIDE/st/stm32cubeide_1.2.0/plugins/com.st.stm32cube.ide.mcu.externaltools.gnu-tools-for-stm32.7-2018-q2-update.linux64_1.4.0.202007081208/tools/bin/../lib/gcc/arm-none-eabi/7.3.1/../../../../arm-none-eabi/lib/thumb/v7e-m/fpv4-sp/hard/libnosys.a
END GROUP
LOAD /home/chris/opt/STM32CubeIDE/st/stm32cubeide_1.2.0/plugins/com.st.stm32cube.ide.mcu.externaltools.gnu-tools-for-stm32.7-2018-q2-update.linux64_1.4.0.202007081208/tools/bin/../lib/gcc/arm-none-eabi/7.3.1/thumb/v7e-m/fpv4-sp/hard/crtend.o
LOAD /home/chris/opt/STM32CubeIDE/st/stm32cubeide_1.2.0/plugins/com.st.stm32cube.ide.mcu.externaltools.gnu-tools-for-stm32.7-2018-q2-update.linux64_1.4.0.202007081208/tools/bin/../lib/gcc/arm-none-eabi/7.3.1/thumb/v7e-m/fpv4-sp/hard/crtn.o
                0x0000000020020000                _estack = (ORIGIN (RAM) + LENGTH (RAM))
                0x0000000000000200                _Min_Heap_Size = 0x200
                0x0000000000000400                _Min_Stack_Size = 0x400

.isr_vector     0x0000000008000000      0x188
                0x0000000008000000                . = ALIGN (0x4)
 *(.isr_vector)
 .isr_vector    0x0000000008000000      0x188 Core/Startup/startup_stm32f405rgtx.o
                0x0000000008000000                g_pfnVectors
                0x0000000008000188                . = ALIGN (0x4)

.text           0x0000000008000190     0x4df4
                0x0000000008000190                . = ALIGN (0x4)
 *(.text)
 .text          0x0000000008000190       0x40 /home/chris/opt/STM32CubeIDE/st/stm32cubeide_1.2.0/plugins/com.st.stm32cube.ide.mcu.externaltools.gnu-tools-for-stm32.7-2018-q2-update.linux64_1.4.0.202007081208/tools/bin/../lib/gcc/arm-none-eabi/7.3.1/thumb/v7e-m/fpv4-sp/hard/crtbegin.o
 .text          0x00000000080001d0       0xa0 /home/chris/opt/STM32CubeIDE/st/stm32cubeide_1.2.0/plugins/com.st.stm32cube.ide.mcu.externaltools.gnu-tools-for-stm32.7-2018-q2-update.linux64_1.4.0.202007081208/tools/bin/../lib/gcc/arm-none-eabi/7.3.1/../../../../arm-none-eabi/lib/thumb/v7e-m/fpv4-sp/hard/libc_nano.a(lib_a-memchr.o)
                0x00000000080001d0                memchr
 .text          0x0000000008000270       0x30 /home/chris/opt/STM32CubeIDE/st/stm32cubeide_1.2.0/plugins/com.st.stm32cube.ide.mcu.externaltools.gnu-tools-for-stm32.7-2018-q2-update.linux64_1.4.0.202007081208/tools/bin/../lib/gcc/arm-none-eabi/7.3.1/thumb/v7e-m/fpv4-sp/hard/libgcc.a(_aeabi_uldivmod.o)
                0x0000000008000270                __aeabi_uldivmod
 .text          0x00000000080002a0      0x2cc /home/chris/opt/STM32CubeIDE/st/stm32cubeide_1.2.0/plugins/com.st.stm32cube.ide.mcu.externaltools.gnu-tools-for-stm32.7-2018-q2-update.linux64_1.4.0.202007081208/tools/bin/../lib/gcc/arm-none-eabi/7.3.1/thumb/v7e-m/fpv4-sp/hard/libgcc.a(_udivmoddi4.o)
                0x00000000080002a0                __udivmoddi4
 .text          0x000000000800056c        0x4 /home/chris/opt/STM32CubeIDE/st/stm32cubeide_1.2.0/plugins/com.st.stm32cube.ide.mcu.externaltools.gnu-tools-for-stm32.7-2018-q2-update.linux64_1.4.0.202007081208/tools/bin/../lib/gcc/arm-none-eabi/7.3.1/thumb/v7e-m/fpv4-sp/hard/libgcc.a(_dvmd_tls.o)
                0x000000000800056c                __aeabi_ldiv0
                0x000000000800056c                __aeabi_idiv0
 *(.text*)
 .text.MX_ADC1_Init
                0x0000000008000570       0xa4 Core/Src/adc.o
                0x0000000008000570                MX_ADC1_Init
 .text.HAL_ADC_MspInit
                0x0000000008000614       0x88 Core/Src/adc.o
                0x0000000008000614                HAL_ADC_MspInit
 .text.MX_DMA_Init
                0x000000000800069c       0x50 Core/Src/dma.o
                0x000000000800069c                MX_DMA_Init
 .text.MX_GPIO_Init
                0x00000000080006ec      0x114 Core/Src/gpio.o
                0x00000000080006ec                MX_GPIO_Init
 .text.MX_I2S2_Init
                0x0000000008000800       0x60 Core/Src/i2s.o
                0x0000000008000800                MX_I2S2_Init
 .text.HAL_I2S_MspInit
                0x0000000008000860      0x1c8 Core/Src/i2s.o
                0x0000000008000860                HAL_I2S_MspInit
 .text._write   0x0000000008000a28       0x22 Core/Src/main.o
                0x0000000008000a28                _write
 *fill*         0x0000000008000a4a        0x2 
 .text.Do_HighPass
                0x0000000008000a4c      0x100 Core/Src/main.o
                0x0000000008000a4c                Do_HighPass
 .text.Do_PitchShift
                0x0000000008000b4c      0x204 Core/Src/main.o
                0x0000000008000b4c                Do_PitchShift
 .text.HAL_I2SEx_TxRxHalfCpltCallback
                0x0000000008000d50       0x78 Core/Src/main.o
                0x0000000008000d50                HAL_I2SEx_TxRxHalfCpltCallback
 .text.HAL_I2SEx_TxRxCpltCallback
                0x0000000008000dc8       0x6c Core/Src/main.o
                0x0000000008000dc8                HAL_I2SEx_TxRxCpltCallback
 .text.main     0x0000000008000e34       0x78 Core/Src/main.o
                0x0000000008000e34                main
 .text.SystemClock_Config
                0x0000000008000eac      0x104 Core/Src/main.o
                0x0000000008000eac                SystemClock_Config
 .text.Error_Handler
                0x0000000008000fb0        0xe Core/Src/main.o
                0x0000000008000fb0                Error_Handler
 *fill*         0x0000000008000fbe        0x2 
 .text.HAL_MspInit
                0x0000000008000fc0       0x50 Core/Src/stm32f4xx_hal_msp.o
                0x0000000008000fc0                HAL_MspInit
 .text.NMI_Handler
                0x0000000008001010        0xe Core/Src/stm32f4xx_it.o
                0x0000000008001010                NMI_Handler
 .text.HardFault_Handler
                0x000000000800101e        0x6 Core/Src/stm32f4xx_it.o
                0x000000000800101e                HardFault_Handler
 .text.MemManage_Handler
                0x0000000008001024        0x6 Core/Src/stm32f4xx_it.o
                0x0000000008001024                MemManage_Handler
 .text.BusFault_Handler
                0x000000000800102a        0x6 Core/Src/stm32f4xx_it.o
                0x000000000800102a                BusFault_Handler
 .text.UsageFault_Handler
                0x0000000008001030        0x6 Core/Src/stm32f4xx_it.o
                0x0000000008001030                UsageFault_Handler
 .text.SVC_Handler
                0x0000000008001036        0xe Core/Src/stm32f4xx_it.o
                0x0000000008001036                SVC_Handler
 .text.DebugMon_Handler
                0x0000000008001044        0xe Core/Src/stm32f4xx_it.o
                0x0000000008001044                DebugMon_Handler
 .text.PendSV_Handler
                0x0000000008001052        0xe Core/Src/stm32f4xx_it.o
                0x0000000008001052                PendSV_Handler
 .text.SysTick_Handler
                0x0000000008001060        0xc Core/Src/stm32f4xx_it.o
                0x0000000008001060                SysTick_Handler
 .text.DMA1_Stream3_IRQHandler
                0x000000000800106c       0x14 Core/Src/stm32f4xx_it.o
                0x000000000800106c                DMA1_Stream3_IRQHandler
 .text.DMA1_Stream4_IRQHandler
                0x0000000008001080       0x14 Core/Src/stm32f4xx_it.o
                0x0000000008001080                DMA1_Stream4_IRQHandler
 .text._read    0x0000000008001094       0x3a Core/Src/syscalls.o
                0x0000000008001094                _read
 .text._close   0x00000000080010ce       0x18 Core/Src/syscalls.o
                0x00000000080010ce                _close
 .text._fstat   0x00000000080010e6       0x20 Core/Src/syscalls.o
                0x00000000080010e6                _fstat
 .text._isatty  0x0000000008001106       0x16 Core/Src/syscalls.o
                0x0000000008001106                _isatty
 .text._lseek   0x000000000800111c       0x1a Core/Src/syscalls.o
                0x000000000800111c                _lseek
 *fill*         0x0000000008001136        0x2 
 .text._sbrk    0x0000000008001138       0x6c Core/Src/sysmem.o
                0x0000000008001138                _sbrk
 .text.SystemInit
                0x00000000080011a4       0x2c Core/Src/system_stm32f4xx.o
                0x00000000080011a4                SystemInit
 .text.Reset_Handler
                0x00000000080011d0       0x50 Core/Startup/startup_stm32f405rgtx.o
                0x00000000080011d0                Reset_Handler
 .text.Default_Handler
                0x0000000008001220        0x2 Core/Startup/startup_stm32f405rgtx.o
                0x0000000008001220                RTC_Alarm_IRQHandler
                0x0000000008001220                HASH_RNG_IRQHandler
                0x0000000008001220                EXTI2_IRQHandler
                0x0000000008001220                TIM8_CC_IRQHandler
                0x0000000008001220                TIM1_CC_IRQHandler
                0x0000000008001220                DMA2_Stream5_IRQHandler
                0x0000000008001220                DMA1_Stream5_IRQHandler
                0x0000000008001220                PVD_IRQHandler
                0x0000000008001220                SDIO_IRQHandler
                0x0000000008001220                TAMP_STAMP_IRQHandler
                0x0000000008001220                CAN2_RX1_IRQHandler
                0x0000000008001220                EXTI3_IRQHandler
                0x0000000008001220                TIM8_TRG_COM_TIM14_IRQHandler
                0x0000000008001220                TIM1_UP_TIM10_IRQHandler
                0x0000000008001220                TIM8_UP_TIM13_IRQHandler
                0x0000000008001220                I2C3_ER_IRQHandler
                0x0000000008001220                EXTI0_IRQHandler
                0x0000000008001220                I2C2_EV_IRQHandler
                0x0000000008001220                DMA1_Stream2_IRQHandler
                0x0000000008001220                CAN1_RX0_IRQHandler
                0x0000000008001220                FPU_IRQHandler
                0x0000000008001220                OTG_HS_WKUP_IRQHandler
                0x0000000008001220                CAN2_SCE_IRQHandler
                0x0000000008001220                DMA2_Stream2_IRQHandler
                0x0000000008001220                SPI1_IRQHandler
                0x0000000008001220                TIM6_DAC_IRQHandler
                0x0000000008001220                TIM1_BRK_TIM9_IRQHandler
                0x0000000008001220                CAN2_RX0_IRQHandler
                0x0000000008001220                DMA2_Stream3_IRQHandler
                0x0000000008001220                USART6_IRQHandler
                0x0000000008001220                USART3_IRQHandler
                0x0000000008001220                CAN1_RX1_IRQHandler
                0x0000000008001220                UART5_IRQHandler
                0x0000000008001220                DMA2_Stream0_IRQHandler
                0x0000000008001220                TIM4_IRQHandler
                0x0000000008001220                I2C1_EV_IRQHandler
                0x0000000008001220                DMA1_Stream6_IRQHandler
                0x0000000008001220                DMA1_Stream1_IRQHandler
                0x0000000008001220                UART4_IRQHandler
                0x0000000008001220                TIM3_IRQHandler
                0x0000000008001220                RCC_IRQHandler
                0x0000000008001220                TIM8_BRK_TIM12_IRQHandler
                0x0000000008001220                Default_Handler
                0x0000000008001220                EXTI15_10_IRQHandler
                0x0000000008001220                ADC_IRQHandler
                0x0000000008001220                DMA1_Stream7_IRQHandler
                0x0000000008001220                TIM7_IRQHandler
                0x0000000008001220                CAN2_TX_IRQHandler
                0x0000000008001220                TIM5_IRQHandler
                0x0000000008001220                DMA2_Stream7_IRQHandler
                0x0000000008001220                I2C3_EV_IRQHandler
                0x0000000008001220                EXTI9_5_IRQHandler
                0x0000000008001220                RTC_WKUP_IRQHandler
                0x0000000008001220                SPI2_IRQHandler
                0x0000000008001220                OTG_HS_EP1_IN_IRQHandler
                0x0000000008001220                DMA1_Stream0_IRQHandler
                0x0000000008001220                CAN1_TX_IRQHandler
                0x0000000008001220                EXTI4_IRQHandler
                0x0000000008001220                FSMC_IRQHandler
                0x0000000008001220                OTG_HS_EP1_OUT_IRQHandler
                0x0000000008001220                WWDG_IRQHandler
                0x0000000008001220                TIM2_IRQHandler
                0x0000000008001220                OTG_FS_WKUP_IRQHandler
                0x0000000008001220                TIM1_TRG_COM_TIM11_IRQHandler
                0x0000000008001220                OTG_HS_IRQHandler
                0x0000000008001220                EXTI1_IRQHandler
                0x0000000008001220                USART2_IRQHandler
                0x0000000008001220                I2C2_ER_IRQHandler
                0x0000000008001220                DMA2_Stream1_IRQHandler
                0x0000000008001220                CAN1_SCE_IRQHandler
                0x0000000008001220                FLASH_IRQHandler
                0x0000000008001220                DMA2_Stream4_IRQHandler
                0x0000000008001220                USART1_IRQHandler
                0x0000000008001220                OTG_FS_IRQHandler
                0x0000000008001220                SPI3_IRQHandler
                0x0000000008001220                I2C1_ER_IRQHandler
                0x0000000008001220                DMA2_Stream6_IRQHandler
 *fill*         0x0000000008001222        0x2 
 .text.HAL_Init
                0x0000000008001224       0x44 Drivers/STM32F4xx_HAL_Driver/Src/stm32f4xx_hal.o
                0x0000000008001224                HAL_Init
 .text.HAL_InitTick
                0x0000000008001268       0x60 Drivers/STM32F4xx_HAL_Driver/Src/stm32f4xx_hal.o
                0x0000000008001268                HAL_InitTick
 .text.HAL_IncTick
                0x00000000080012c8       0x28 Drivers/STM32F4xx_HAL_Driver/Src/stm32f4xx_hal.o
                0x00000000080012c8                HAL_IncTick
 .text.HAL_GetTick
                0x00000000080012f0       0x18 Drivers/STM32F4xx_HAL_Driver/Src/stm32f4xx_hal.o
                0x00000000080012f0                HAL_GetTick
 .text.HAL_ADC_Init
                0x0000000008001308       0x86 Drivers/STM32F4xx_HAL_Driver/Src/stm32f4xx_hal_adc.o
                0x0000000008001308                HAL_ADC_Init
 *fill*         0x000000000800138e        0x2 
 .text.HAL_ADC_ConfigChannel
                0x0000000008001390      0x244 Drivers/STM32F4xx_HAL_Driver/Src/stm32f4xx_hal_adc.o
                0x0000000008001390                HAL_ADC_ConfigChannel
 .text.ADC_Init
                0x00000000080015d4      0x1f8 Drivers/STM32F4xx_HAL_Driver/Src/stm32f4xx_hal_adc.o
 .text.__NVIC_SetPriorityGrouping
                0x00000000080017cc       0x48 Drivers/STM32F4xx_HAL_Driver/Src/stm32f4xx_hal_cortex.o
 .text.__NVIC_GetPriorityGrouping
                0x0000000008001814       0x1c Drivers/STM32F4xx_HAL_Driver/Src/stm32f4xx_hal_cortex.o
 .text.__NVIC_EnableIRQ
                0x0000000008001830       0x3c Drivers/STM32F4xx_HAL_Driver/Src/stm32f4xx_hal_cortex.o
 .text.__NVIC_SetPriority
                0x000000000800186c       0x54 Drivers/STM32F4xx_HAL_Driver/Src/stm32f4xx_hal_cortex.o
 .text.NVIC_EncodePriority
                0x00000000080018c0       0x66 Drivers/STM32F4xx_HAL_Driver/Src/stm32f4xx_hal_cortex.o
 *fill*         0x0000000008001926        0x2 
 .text.SysTick_Config
                0x0000000008001928       0x44 Drivers/STM32F4xx_HAL_Driver/Src/stm32f4xx_hal_cortex.o
 .text.HAL_NVIC_SetPriorityGrouping
                0x000000000800196c       0x16 Drivers/STM32F4xx_HAL_Driver/Src/stm32f4xx_hal_cortex.o
                0x000000000800196c                HAL_NVIC_SetPriorityGrouping
 .text.HAL_NVIC_SetPriority
                0x0000000008001982       0x38 Drivers/STM32F4xx_HAL_Driver/Src/stm32f4xx_hal_cortex.o
                0x0000000008001982                HAL_NVIC_SetPriority
 .text.HAL_NVIC_EnableIRQ
                0x00000000080019ba       0x1c Drivers/STM32F4xx_HAL_Driver/Src/stm32f4xx_hal_cortex.o
                0x00000000080019ba                HAL_NVIC_EnableIRQ
 .text.HAL_SYSTICK_Config
                0x00000000080019d6       0x18 Drivers/STM32F4xx_HAL_Driver/Src/stm32f4xx_hal_cortex.o
                0x00000000080019d6                HAL_SYSTICK_Config
 *fill*         0x00000000080019ee        0x2 
 .text.HAL_DMA_Init
                0x00000000080019f0      0x15c Drivers/STM32F4xx_HAL_Driver/Src/stm32f4xx_hal_dma.o
                0x00000000080019f0                HAL_DMA_Init
 .text.HAL_DMA_Start_IT
                0x0000000008001b4c       0xb0 Drivers/STM32F4xx_HAL_Driver/Src/stm32f4xx_hal_dma.o
                0x0000000008001b4c                HAL_DMA_Start_IT
 .text.HAL_DMA_IRQHandler
                0x0000000008001bfc      0x314 Drivers/STM32F4xx_HAL_Driver/Src/stm32f4xx_hal_dma.o
                0x0000000008001bfc                HAL_DMA_IRQHandler
 .text.DMA_SetConfig
                0x0000000008001f10       0x5c Drivers/STM32F4xx_HAL_Driver/Src/stm32f4xx_hal_dma.o
 .text.DMA_CalcBaseAndBitshift
                0x0000000008001f6c       0x6c Drivers/STM32F4xx_HAL_Driver/Src/stm32f4xx_hal_dma.o
 .text.DMA_CheckFifoParam
                0x0000000008001fd8       0xf4 Drivers/STM32F4xx_HAL_Driver/Src/stm32f4xx_hal_dma.o
 .text.HAL_GPIO_Init
                0x00000000080020cc      0x334 Drivers/STM32F4xx_HAL_Driver/Src/stm32f4xx_hal_gpio.o
                0x00000000080020cc                HAL_GPIO_Init
 .text.HAL_GPIO_WritePin
                0x0000000008002400       0x32 Drivers/STM32F4xx_HAL_Driver/Src/stm32f4xx_hal_gpio.o
                0x0000000008002400                HAL_GPIO_WritePin
 *fill*         0x0000000008002432        0x2 
 .text.HAL_I2S_Init
                0x0000000008002434      0x280 Drivers/STM32F4xx_HAL_Driver/Src/stm32f4xx_hal_i2s.o
                0x0000000008002434                HAL_I2S_Init
 .text.HAL_I2S_TxCpltCallback
                0x00000000080026b4       0x14 Drivers/STM32F4xx_HAL_Driver/Src/stm32f4xx_hal_i2s.o
                0x00000000080026b4                HAL_I2S_TxCpltCallback
 .text.HAL_I2S_RxCpltCallback
                0x00000000080026c8       0x14 Drivers/STM32F4xx_HAL_Driver/Src/stm32f4xx_hal_i2s.o
                0x00000000080026c8                HAL_I2S_RxCpltCallback
 .text.HAL_I2S_ErrorCallback
                0x00000000080026dc       0x14 Drivers/STM32F4xx_HAL_Driver/Src/stm32f4xx_hal_i2s.o
                0x00000000080026dc                HAL_I2S_ErrorCallback
 .text.I2S_Transmit_IT
                0x00000000080026f0       0x5c Drivers/STM32F4xx_HAL_Driver/Src/stm32f4xx_hal_i2s.o
 .text.I2S_Receive_IT
                0x000000000800274c       0x5e Drivers/STM32F4xx_HAL_Driver/Src/stm32f4xx_hal_i2s.o
 .text.I2S_IRQHandler
                0x00000000080027aa      0x114 Drivers/STM32F4xx_HAL_Driver/Src/stm32f4xx_hal_i2s.o
 *fill*         0x00000000080028be        0x2 
 .text.HAL_I2SEx_TransmitReceive_DMA
                0x00000000080028c0      0x314 Drivers/STM32F4xx_HAL_Driver/Src/stm32f4xx_hal_i2s_ex.o
                0x00000000080028c0                HAL_I2SEx_TransmitReceive_DMA
 .text.HAL_I2SEx_FullDuplex_IRQHandler
                0x0000000008002bd4      0x2a8 Drivers/STM32F4xx_HAL_Driver/Src/stm32f4xx_hal_i2s_ex.o
                0x0000000008002bd4                HAL_I2SEx_FullDuplex_IRQHandler
 .text.I2SEx_TxRxDMAHalfCplt
                0x0000000008002e7c       0x1c Drivers/STM32F4xx_HAL_Driver/Src/stm32f4xx_hal_i2s_ex.o
 .text.I2SEx_TxRxDMACplt
                0x0000000008002e98      0x138 Drivers/STM32F4xx_HAL_Driver/Src/stm32f4xx_hal_i2s_ex.o
 .text.I2SEx_TxRxDMAError
                0x0000000008002fd0       0x80 Drivers/STM32F4xx_HAL_Driver/Src/stm32f4xx_hal_i2s_ex.o
 .text.I2SEx_TxISR_I2S
                0x0000000008003050       0x62 Drivers/STM32F4xx_HAL_Driver/Src/stm32f4xx_hal_i2s_ex.o
 *fill*         0x00000000080030b2        0x2 
 .text.I2SEx_TxISR_I2SExt
                0x00000000080030b4       0x98 Drivers/STM32F4xx_HAL_Driver/Src/stm32f4xx_hal_i2s_ex.o
 .text.I2SEx_RxISR_I2S
                0x000000000800314c       0x64 Drivers/STM32F4xx_HAL_Driver/Src/stm32f4xx_hal_i2s_ex.o
 .text.I2SEx_RxISR_I2SExt
                0x00000000080031b0       0x98 Drivers/STM32F4xx_HAL_Driver/Src/stm32f4xx_hal_i2s_ex.o
 .text.HAL_RCC_OscConfig
                0x0000000008003248      0x4e0 Drivers/STM32F4xx_HAL_Driver/Src/stm32f4xx_hal_rcc.o
                0x0000000008003248                HAL_RCC_OscConfig
 .text.HAL_RCC_ClockConfig
                0x0000000008003728      0x1cc Drivers/STM32F4xx_HAL_Driver/Src/stm32f4xx_hal_rcc.o
                0x0000000008003728                HAL_RCC_ClockConfig
 .text.HAL_RCC_GetSysClockFreq
                0x00000000080038f4      0x164 Drivers/STM32F4xx_HAL_Driver/Src/stm32f4xx_hal_rcc.o
                0x00000000080038f4                HAL_RCC_GetSysClockFreq
 .text.HAL_RCCEx_PeriphCLKConfig
                0x0000000008003a58      0x1c4 Drivers/STM32F4xx_HAL_Driver/Src/stm32f4xx_hal_rcc_ex.o
                0x0000000008003a58                HAL_RCCEx_PeriphCLKConfig
 .text.HAL_RCCEx_GetPeriphCLKFreq
                0x0000000008003c1c       0xb8 Drivers/STM32F4xx_HAL_Driver/Src/stm32f4xx_hal_rcc_ex.o
                0x0000000008003c1c                HAL_RCCEx_GetPeriphCLKFreq
 .text._DoInit  0x0000000008003cd4       0xb0 /home/chris/Projects/Embedded/CirrusDspPedal_SW/SeggerRTTLib/Debug/libSeggerRTTLib.a(SEGGER_RTT.o)
 .text._WriteBlocking
                0x0000000008003d84       0xba /home/chris/Projects/Embedded/CirrusDspPedal_SW/SeggerRTTLib/Debug/libSeggerRTTLib.a(SEGGER_RTT.o)
 .text._WriteNoCheck
                0x0000000008003e3e       0x90 /home/chris/Projects/Embedded/CirrusDspPedal_SW/SeggerRTTLib/Debug/libSeggerRTTLib.a(SEGGER_RTT.o)
 .text._GetAvailWriteSpace
                0x0000000008003ece       0x46 /home/chris/Projects/Embedded/CirrusDspPedal_SW/SeggerRTTLib/Debug/libSeggerRTTLib.a(SEGGER_RTT.o)
 .text.SEGGER_RTT_WriteNoLock
                0x0000000008003f14       0x9c /home/chris/Projects/Embedded/CirrusDspPedal_SW/SeggerRTTLib/Debug/libSeggerRTTLib.a(SEGGER_RTT.o)
                0x0000000008003f14                SEGGER_RTT_WriteNoLock
 .text.SEGGER_RTT_Write
                0x0000000008003fb0       0x4c /home/chris/Projects/Embedded/CirrusDspPedal_SW/SeggerRTTLib/Debug/libSeggerRTTLib.a(SEGGER_RTT.o)
                0x0000000008003fb0                SEGGER_RTT_Write
 .text.SEGGER_RTT_ConfigUpBuffer
                0x0000000008003ffc       0xe0 /home/chris/Projects/Embedded/CirrusDspPedal_SW/SeggerRTTLib/Debug/libSeggerRTTLib.a(SEGGER_RTT.o)
                0x0000000008003ffc                SEGGER_RTT_ConfigUpBuffer
 .text.__errno  0x00000000080040dc        0xc /home/chris/opt/STM32CubeIDE/st/stm32cubeide_1.2.0/plugins/com.st.stm32cube.ide.mcu.externaltools.gnu-tools-for-stm32.7-2018-q2-update.linux64_1.4.0.202007081208/tools/bin/../lib/gcc/arm-none-eabi/7.3.1/../../../../arm-none-eabi/lib/thumb/v7e-m/fpv4-sp/hard/libc_nano.a(lib_a-errno.o)
                0x00000000080040dc                __errno
 .text.__libc_init_array
                0x00000000080040e8       0x48 /home/chris/opt/STM32CubeIDE/st/stm32cubeide_1.2.0/plugins/com.st.stm32cube.ide.mcu.externaltools.gnu-tools-for-stm32.7-2018-q2-update.linux64_1.4.0.202007081208/tools/bin/../lib/gcc/arm-none-eabi/7.3.1/../../../../arm-none-eabi/lib/thumb/v7e-m/fpv4-sp/hard/libc_nano.a(lib_a-init.o)
                0x00000000080040e8                __libc_init_array
 .text.memcpy   0x0000000008004130       0x16 /home/chris/opt/STM32CubeIDE/st/stm32cubeide_1.2.0/plugins/com.st.stm32cube.ide.mcu.externaltools.gnu-tools-for-stm32.7-2018-q2-update.linux64_1.4.0.202007081208/tools/bin/../lib/gcc/arm-none-eabi/7.3.1/../../../../arm-none-eabi/lib/thumb/v7e-m/fpv4-sp/hard/libc_nano.a(lib_a-memcpy-stub.o)
                0x0000000008004130                memcpy
 .text.memset   0x0000000008004146       0x10 /home/chris/opt/STM32CubeIDE/st/stm32cubeide_1.2.0/plugins/com.st.stm32cube.ide.mcu.externaltools.gnu-tools-for-stm32.7-2018-q2-update.linux64_1.4.0.202007081208/tools/bin/../lib/gcc/arm-none-eabi/7.3.1/../../../../arm-none-eabi/lib/thumb/v7e-m/fpv4-sp/hard/libc_nano.a(lib_a-memset.o)
                0x0000000008004146                memset
 *fill*         0x0000000008004156        0x2 
 .text.printf   0x0000000008004158       0x30 /home/chris/opt/STM32CubeIDE/st/stm32cubeide_1.2.0/plugins/com.st.stm32cube.ide.mcu.externaltools.gnu-tools-for-stm32.7-2018-q2-update.linux64_1.4.0.202007081208/tools/bin/../lib/gcc/arm-none-eabi/7.3.1/../../../../arm-none-eabi/lib/thumb/v7e-m/fpv4-sp/hard/libc_nano.a(lib_a-printf.o)
                0x0000000008004158                printf
                0x0000000008004158                iprintf
 .text.std      0x0000000008004188       0x48 /home/chris/opt/STM32CubeIDE/st/stm32cubeide_1.2.0/plugins/com.st.stm32cube.ide.mcu.externaltools.gnu-tools-for-stm32.7-2018-q2-update.linux64_1.4.0.202007081208/tools/bin/../lib/gcc/arm-none-eabi/7.3.1/../../../../arm-none-eabi/lib/thumb/v7e-m/fpv4-sp/hard/libc_nano.a(lib_a-findfp.o)
 .text._cleanup_r
                0x00000000080041d0        0xc /home/chris/opt/STM32CubeIDE/st/stm32cubeide_1.2.0/plugins/com.st.stm32cube.ide.mcu.externaltools.gnu-tools-for-stm32.7-2018-q2-update.linux64_1.4.0.202007081208/tools/bin/../lib/gcc/arm-none-eabi/7.3.1/../../../../arm-none-eabi/lib/thumb/v7e-m/fpv4-sp/hard/libc_nano.a(lib_a-findfp.o)
                0x00000000080041d0                _cleanup_r
 .text.__sfmoreglue
                0x00000000080041dc       0x2c /home/chris/opt/STM32CubeIDE/st/stm32cubeide_1.2.0/plugins/com.st.stm32cube.ide.mcu.externaltools.gnu-tools-for-stm32.7-2018-q2-update.linux64_1.4.0.202007081208/tools/bin/../lib/gcc/arm-none-eabi/7.3.1/../../../../arm-none-eabi/lib/thumb/v7e-m/fpv4-sp/hard/libc_nano.a(lib_a-findfp.o)
                0x00000000080041dc                __sfmoreglue
 .text.__sinit  0x0000000008004208       0x60 /home/chris/opt/STM32CubeIDE/st/stm32cubeide_1.2.0/plugins/com.st.stm32cube.ide.mcu.externaltools.gnu-tools-for-stm32.7-2018-q2-update.linux64_1.4.0.202007081208/tools/bin/../lib/gcc/arm-none-eabi/7.3.1/../../../../arm-none-eabi/lib/thumb/v7e-m/fpv4-sp/hard/libc_nano.a(lib_a-findfp.o)
                0x0000000008004208                __sinit
 .text.__sfp    0x0000000008004268       0x78 /home/chris/opt/STM32CubeIDE/st/stm32cubeide_1.2.0/plugins/com.st.stm32cube.ide.mcu.externaltools.gnu-tools-for-stm32.7-2018-q2-update.linux64_1.4.0.202007081208/tools/bin/../lib/gcc/arm-none-eabi/7.3.1/../../../../arm-none-eabi/lib/thumb/v7e-m/fpv4-sp/hard/libc_nano.a(lib_a-findfp.o)
                0x0000000008004268                __sfp
 .text._fwalk_reent
                0x00000000080042e0       0x3c /home/chris/opt/STM32CubeIDE/st/stm32cubeide_1.2.0/plugins/com.st.stm32cube.ide.mcu.externaltools.gnu-tools-for-stm32.7-2018-q2-update.linux64_1.4.0.202007081208/tools/bin/../lib/gcc/arm-none-eabi/7.3.1/../../../../arm-none-eabi/lib/thumb/v7e-m/fpv4-sp/hard/libc_nano.a(lib_a-fwalk.o)
                0x00000000080042e0                _fwalk_reent
 .text._malloc_r
                0x000000000800431c       0xb4 /home/chris/opt/STM32CubeIDE/st/stm32cubeide_1.2.0/plugins/com.st.stm32cube.ide.mcu.externaltools.gnu-tools-for-stm32.7-2018-q2-update.linux64_1.4.0.202007081208/tools/bin/../lib/gcc/arm-none-eabi/7.3.1/../../../../arm-none-eabi/lib/thumb/v7e-m/fpv4-sp/hard/libc_nano.a(lib_a-nano-mallocr.o)
                0x000000000800431c                _malloc_r
 .text.__sfputc_r
                0x00000000080043d0       0x2e /home/chris/opt/STM32CubeIDE/st/stm32cubeide_1.2.0/plugins/com.st.stm32cube.ide.mcu.externaltools.gnu-tools-for-stm32.7-2018-q2-update.linux64_1.4.0.202007081208/tools/bin/../lib/gcc/arm-none-eabi/7.3.1/../../../../arm-none-eabi/lib/thumb/v7e-m/fpv4-sp/hard/libc_nano.a(lib_a-nano-vfprintf.o)
 .text.__sfputs_r
                0x00000000080043fe       0x24 /home/chris/opt/STM32CubeIDE/st/stm32cubeide_1.2.0/plugins/com.st.stm32cube.ide.mcu.externaltools.gnu-tools-for-stm32.7-2018-q2-update.linux64_1.4.0.202007081208/tools/bin/../lib/gcc/arm-none-eabi/7.3.1/../../../../arm-none-eabi/lib/thumb/v7e-m/fpv4-sp/hard/libc_nano.a(lib_a-nano-vfprintf.o)
                0x00000000080043fe                __sfputs_r
 *fill*         0x0000000008004422        0x2 
 .text._vfprintf_r
                0x0000000008004424      0x22c /home/chris/opt/STM32CubeIDE/st/stm32cubeide_1.2.0/plugins/com.st.stm32cube.ide.mcu.externaltools.gnu-tools-for-stm32.7-2018-q2-update.linux64_1.4.0.202007081208/tools/bin/../lib/gcc/arm-none-eabi/7.3.1/../../../../arm-none-eabi/lib/thumb/v7e-m/fpv4-sp/hard/libc_nano.a(lib_a-nano-vfprintf.o)
                0x0000000008004424                _vfiprintf_r
                0x0000000008004424                _vfprintf_r
 .text._printf_common
                0x0000000008004650       0xea /home/chris/opt/STM32CubeIDE/st/stm32cubeide_1.2.0/plugins/com.st.stm32cube.ide.mcu.externaltools.gnu-tools-for-stm32.7-2018-q2-update.linux64_1.4.0.202007081208/tools/bin/../lib/gcc/arm-none-eabi/7.3.1/../../../../arm-none-eabi/lib/thumb/v7e-m/fpv4-sp/hard/libc_nano.a(lib_a-nano-vfprintf_i.o)
                0x0000000008004650                _printf_common
 *fill*         0x000000000800473a        0x2 
 .text._printf_i
                0x000000000800473c      0x224 /home/chris/opt/STM32CubeIDE/st/stm32cubeide_1.2.0/plugins/com.st.stm32cube.ide.mcu.externaltools.gnu-tools-for-stm32.7-2018-q2-update.linux64_1.4.0.202007081208/tools/bin/../lib/gcc/arm-none-eabi/7.3.1/../../../../arm-none-eabi/lib/thumb/v7e-m/fpv4-sp/hard/libc_nano.a(lib_a-nano-vfprintf_i.o)
                0x000000000800473c                _printf_i
 .text._sbrk_r  0x0000000008004960       0x20 /home/chris/opt/STM32CubeIDE/st/stm32cubeide_1.2.0/plugins/com.st.stm32cube.ide.mcu.externaltools.gnu-tools-for-stm32.7-2018-q2-update.linux64_1.4.0.202007081208/tools/bin/../lib/gcc/arm-none-eabi/7.3.1/../../../../arm-none-eabi/lib/thumb/v7e-m/fpv4-sp/hard/libc_nano.a(lib_a-sbrkr.o)
                0x0000000008004960                _sbrk_r
 .text.__sread  0x0000000008004980       0x22 /home/chris/opt/STM32CubeIDE/st/stm32cubeide_1.2.0/plugins/com.st.stm32cube.ide.mcu.externaltools.gnu-tools-for-stm32.7-2018-q2-update.linux64_1.4.0.202007081208/tools/bin/../lib/gcc/arm-none-eabi/7.3.1/../../../../arm-none-eabi/lib/thumb/v7e-m/fpv4-sp/hard/libc_nano.a(lib_a-stdio.o)
                0x0000000008004980                __sread
 .text.__swrite
                0x00000000080049a2       0x38 /home/chris/opt/STM32CubeIDE/st/stm32cubeide_1.2.0/plugins/com.st.stm32cube.ide.mcu.externaltools.gnu-tools-for-stm32.7-2018-q2-update.linux64_1.4.0.202007081208/tools/bin/../lib/gcc/arm-none-eabi/7.3.1/../../../../arm-none-eabi/lib/thumb/v7e-m/fpv4-sp/hard/libc_nano.a(lib_a-stdio.o)
                0x00000000080049a2                __swrite
 .text.__sseek  0x00000000080049da       0x24 /home/chris/opt/STM32CubeIDE/st/stm32cubeide_1.2.0/plugins/com.st.stm32cube.ide.mcu.externaltools.gnu-tools-for-stm32.7-2018-q2-update.linux64_1.4.0.202007081208/tools/bin/../lib/gcc/arm-none-eabi/7.3.1/../../../../arm-none-eabi/lib/thumb/v7e-m/fpv4-sp/hard/libc_nano.a(lib_a-stdio.o)
                0x00000000080049da                __sseek
 .text.__sclose
                0x00000000080049fe        0x8 /home/chris/opt/STM32CubeIDE/st/stm32cubeide_1.2.0/plugins/com.st.stm32cube.ide.mcu.externaltools.gnu-tools-for-stm32.7-2018-q2-update.linux64_1.4.0.202007081208/tools/bin/../lib/gcc/arm-none-eabi/7.3.1/../../../../arm-none-eabi/lib/thumb/v7e-m/fpv4-sp/hard/libc_nano.a(lib_a-stdio.o)
                0x00000000080049fe                __sclose
 *fill*         0x0000000008004a06        0x2 
 .text.__swbuf_r
                0x0000000008004a08       0xa4 /home/chris/opt/STM32CubeIDE/st/stm32cubeide_1.2.0/plugins/com.st.stm32cube.ide.mcu.externaltools.gnu-tools-for-stm32.7-2018-q2-update.linux64_1.4.0.202007081208/tools/bin/../lib/gcc/arm-none-eabi/7.3.1/../../../../arm-none-eabi/lib/thumb/v7e-m/fpv4-sp/hard/libc_nano.a(lib_a-wbuf.o)
                0x0000000008004a08                __swbuf_r
 .text._write_r
                0x0000000008004aac       0x24 /home/chris/opt/STM32CubeIDE/st/stm32cubeide_1.2.0/plugins/com.st.stm32cube.ide.mcu.externaltools.gnu-tools-for-stm32.7-2018-q2-update.linux64_1.4.0.202007081208/tools/bin/../lib/gcc/arm-none-eabi/7.3.1/../../../../arm-none-eabi/lib/thumb/v7e-m/fpv4-sp/hard/libc_nano.a(lib_a-writer.o)
                0x0000000008004aac                _write_r
 .text.__swsetup_r
                0x0000000008004ad0       0xdc /home/chris/opt/STM32CubeIDE/st/stm32cubeide_1.2.0/plugins/com.st.stm32cube.ide.mcu.externaltools.gnu-tools-for-stm32.7-2018-q2-update.linux64_1.4.0.202007081208/tools/bin/../lib/gcc/arm-none-eabi/7.3.1/../../../../arm-none-eabi/lib/thumb/v7e-m/fpv4-sp/hard/libc_nano.a(lib_a-wsetup.o)
                0x0000000008004ad0                __swsetup_r
 .text._close_r
                0x0000000008004bac       0x20 /home/chris/opt/STM32CubeIDE/st/stm32cubeide_1.2.0/plugins/com.st.stm32cube.ide.mcu.externaltools.gnu-tools-for-stm32.7-2018-q2-update.linux64_1.4.0.202007081208/tools/bin/../lib/gcc/arm-none-eabi/7.3.1/../../../../arm-none-eabi/lib/thumb/v7e-m/fpv4-sp/hard/libc_nano.a(lib_a-closer.o)
                0x0000000008004bac                _close_r
 .text.__sflush_r
                0x0000000008004bcc      0x10c /home/chris/opt/STM32CubeIDE/st/stm32cubeide_1.2.0/plugins/com.st.stm32cube.ide.mcu.externaltools.gnu-tools-for-stm32.7-2018-q2-update.linux64_1.4.0.202007081208/tools/bin/../lib/gcc/arm-none-eabi/7.3.1/../../../../arm-none-eabi/lib/thumb/v7e-m/fpv4-sp/hard/libc_nano.a(lib_a-fflush.o)
                0x0000000008004bcc                __sflush_r
 .text._fflush_r
                0x0000000008004cd8       0x54 /home/chris/opt/STM32CubeIDE/st/stm32cubeide_1.2.0/plugins/com.st.stm32cube.ide.mcu.externaltools.gnu-tools-for-stm32.7-2018-q2-update.linux64_1.4.0.202007081208/tools/bin/../lib/gcc/arm-none-eabi/7.3.1/../../../../arm-none-eabi/lib/thumb/v7e-m/fpv4-sp/hard/libc_nano.a(lib_a-fflush.o)
                0x0000000008004cd8                _fflush_r
 .text._lseek_r
                0x0000000008004d2c       0x24 /home/chris/opt/STM32CubeIDE/st/stm32cubeide_1.2.0/plugins/com.st.stm32cube.ide.mcu.externaltools.gnu-tools-for-stm32.7-2018-q2-update.linux64_1.4.0.202007081208/tools/bin/../lib/gcc/arm-none-eabi/7.3.1/../../../../arm-none-eabi/lib/thumb/v7e-m/fpv4-sp/hard/libc_nano.a(lib_a-lseekr.o)
                0x0000000008004d2c                _lseek_r
 .text.__swhatbuf_r
                0x0000000008004d50       0x48 /home/chris/opt/STM32CubeIDE/st/stm32cubeide_1.2.0/plugins/com.st.stm32cube.ide.mcu.externaltools.gnu-tools-for-stm32.7-2018-q2-update.linux64_1.4.0.202007081208/tools/bin/../lib/gcc/arm-none-eabi/7.3.1/../../../../arm-none-eabi/lib/thumb/v7e-m/fpv4-sp/hard/libc_nano.a(lib_a-makebuf.o)
                0x0000000008004d50                __swhatbuf_r
 .text.__smakebuf_r
                0x0000000008004d98       0x80 /home/chris/opt/STM32CubeIDE/st/stm32cubeide_1.2.0/plugins/com.st.stm32cube.ide.mcu.externaltools.gnu-tools-for-stm32.7-2018-q2-update.linux64_1.4.0.202007081208/tools/bin/../lib/gcc/arm-none-eabi/7.3.1/../../../../arm-none-eabi/lib/thumb/v7e-m/fpv4-sp/hard/libc_nano.a(lib_a-makebuf.o)
                0x0000000008004d98                __smakebuf_r
 .text.__malloc_lock
                0x0000000008004e18        0x2 /home/chris/opt/STM32CubeIDE/st/stm32cubeide_1.2.0/plugins/com.st.stm32cube.ide.mcu.externaltools.gnu-tools-for-stm32.7-2018-q2-update.linux64_1.4.0.202007081208/tools/bin/../lib/gcc/arm-none-eabi/7.3.1/../../../../arm-none-eabi/lib/thumb/v7e-m/fpv4-sp/hard/libc_nano.a(lib_a-mlock.o)
                0x0000000008004e18                __malloc_lock
 .text.__malloc_unlock
                0x0000000008004e1a        0x2 /home/chris/opt/STM32CubeIDE/st/stm32cubeide_1.2.0/plugins/com.st.stm32cube.ide.mcu.externaltools.gnu-tools-for-stm32.7-2018-q2-update.linux64_1.4.0.202007081208/tools/bin/../lib/gcc/arm-none-eabi/7.3.1/../../../../arm-none-eabi/lib/thumb/v7e-m/fpv4-sp/hard/libc_nano.a(lib_a-mlock.o)
                0x0000000008004e1a                __malloc_unlock
 .text._free_r  0x0000000008004e1c       0x9c /home/chris/opt/STM32CubeIDE/st/stm32cubeide_1.2.0/plugins/com.st.stm32cube.ide.mcu.externaltools.gnu-tools-for-stm32.7-2018-q2-update.linux64_1.4.0.202007081208/tools/bin/../lib/gcc/arm-none-eabi/7.3.1/../../../../arm-none-eabi/lib/thumb/v7e-m/fpv4-sp/hard/libc_nano.a(lib_a-nano-freer.o)
                0x0000000008004e1c                _free_r
 .text._read_r  0x0000000008004eb8       0x24 /home/chris/opt/STM32CubeIDE/st/stm32cubeide_1.2.0/plugins/com.st.stm32cube.ide.mcu.externaltools.gnu-tools-for-stm32.7-2018-q2-update.linux64_1.4.0.202007081208/tools/bin/../lib/gcc/arm-none-eabi/7.3.1/../../../../arm-none-eabi/lib/thumb/v7e-m/fpv4-sp/hard/libc_nano.a(lib_a-readr.o)
                0x0000000008004eb8                _read_r
 .text._fstat_r
                0x0000000008004edc       0x24 /home/chris/opt/STM32CubeIDE/st/stm32cubeide_1.2.0/plugins/com.st.stm32cube.ide.mcu.externaltools.gnu-tools-for-stm32.7-2018-q2-update.linux64_1.4.0.202007081208/tools/bin/../lib/gcc/arm-none-eabi/7.3.1/../../../../arm-none-eabi/lib/thumb/v7e-m/fpv4-sp/hard/libc_nano.a(lib_a-fstatr.o)
                0x0000000008004edc                _fstat_r
 .text._isatty_r
                0x0000000008004f00       0x20 /home/chris/opt/STM32CubeIDE/st/stm32cubeide_1.2.0/plugins/com.st.stm32cube.ide.mcu.externaltools.gnu-tools-for-stm32.7-2018-q2-update.linux64_1.4.0.202007081208/tools/bin/../lib/gcc/arm-none-eabi/7.3.1/../../../../arm-none-eabi/lib/thumb/v7e-m/fpv4-sp/hard/libc_nano.a(lib_a-isattyr.o)
                0x0000000008004f00                _isatty_r
 .text.roundf   0x0000000008004f20       0x4c /home/chris/opt/STM32CubeIDE/st/stm32cubeide_1.2.0/plugins/com.st.stm32cube.ide.mcu.externaltools.gnu-tools-for-stm32.7-2018-q2-update.linux64_1.4.0.202007081208/tools/bin/../lib/gcc/arm-none-eabi/7.3.1/../../../../arm-none-eabi/lib/thumb/v7e-m/fpv4-sp/hard/libm.a(lib_a-sf_round.o)
                0x0000000008004f20                roundf
 *(.glue_7)
 .glue_7        0x0000000008004f6c        0x0 linker stubs
 *(.glue_7t)
 .glue_7t       0x0000000008004f6c        0x0 linker stubs
 *(.eh_frame)
 .eh_frame      0x0000000008004f6c        0x0 /home/chris/opt/STM32CubeIDE/st/stm32cubeide_1.2.0/plugins/com.st.stm32cube.ide.mcu.externaltools.gnu-tools-for-stm32.7-2018-q2-update.linux64_1.4.0.202007081208/tools/bin/../lib/gcc/arm-none-eabi/7.3.1/thumb/v7e-m/fpv4-sp/hard/crtbegin.o
 *(.init)
 .init          0x0000000008004f6c        0x4 /home/chris/opt/STM32CubeIDE/st/stm32cubeide_1.2.0/plugins/com.st.stm32cube.ide.mcu.externaltools.gnu-tools-for-stm32.7-2018-q2-update.linux64_1.4.0.202007081208/tools/bin/../lib/gcc/arm-none-eabi/7.3.1/thumb/v7e-m/fpv4-sp/hard/crti.o
                0x0000000008004f6c                _init
 .init          0x0000000008004f70        0x8 /home/chris/opt/STM32CubeIDE/st/stm32cubeide_1.2.0/plugins/com.st.stm32cube.ide.mcu.externaltools.gnu-tools-for-stm32.7-2018-q2-update.linux64_1.4.0.202007081208/tools/bin/../lib/gcc/arm-none-eabi/7.3.1/thumb/v7e-m/fpv4-sp/hard/crtn.o
 *(.fini)
 .fini          0x0000000008004f78        0x4 /home/chris/opt/STM32CubeIDE/st/stm32cubeide_1.2.0/plugins/com.st.stm32cube.ide.mcu.externaltools.gnu-tools-for-stm32.7-2018-q2-update.linux64_1.4.0.202007081208/tools/bin/../lib/gcc/arm-none-eabi/7.3.1/thumb/v7e-m/fpv4-sp/hard/crti.o
                0x0000000008004f78                _fini
 .fini          0x0000000008004f7c        0x8 /home/chris/opt/STM32CubeIDE/st/stm32cubeide_1.2.0/plugins/com.st.stm32cube.ide.mcu.externaltools.gnu-tools-for-stm32.7-2018-q2-update.linux64_1.4.0.202007081208/tools/bin/../lib/gcc/arm-none-eabi/7.3.1/thumb/v7e-m/fpv4-sp/hard/crtn.o
                0x0000000008004f84                . = ALIGN (0x4)
                0x0000000008004f84                _etext = .

.vfp11_veneer   0x0000000008004f84        0x0
 .vfp11_veneer  0x0000000008004f84        0x0 linker stubs

.v4_bx          0x0000000008004f84        0x0
 .v4_bx         0x0000000008004f84        0x0 linker stubs

.iplt           0x0000000008004f84        0x0
 .iplt          0x0000000008004f84        0x0 /home/chris/opt/STM32CubeIDE/st/stm32cubeide_1.2.0/plugins/com.st.stm32cube.ide.mcu.externaltools.gnu-tools-for-stm32.7-2018-q2-update.linux64_1.4.0.202007081208/tools/bin/../lib/gcc/arm-none-eabi/7.3.1/thumb/v7e-m/fpv4-sp/hard/crtbegin.o

.rodata         0x0000000008004f84       0xd8
                0x0000000008004f84                . = ALIGN (0x4)
 *(.rodata)
 .rodata        0x0000000008004f84        0xd Core/Src/main.o
 *fill*         0x0000000008004f91        0x3 
 .rodata        0x0000000008004f94       0x17 /home/chris/Projects/Embedded/CirrusDspPedal_SW/SeggerRTTLib/Debug/libSeggerRTTLib.a(SEGGER_RTT.o)
 *(.rodata*)
 *fill*         0x0000000008004fab        0x1 
 .rodata.AHBPrescTable
                0x0000000008004fac       0x10 Core/Src/system_stm32f4xx.o
                0x0000000008004fac                AHBPrescTable
 .rodata.flagBitshiftOffset.7662
                0x0000000008004fbc        0x8 Drivers/STM32F4xx_HAL_Driver/Src/stm32f4xx_hal_dma.o
 .rodata._global_impure_ptr
                0x0000000008004fc4        0x4 /home/chris/opt/STM32CubeIDE/st/stm32cubeide_1.2.0/plugins/com.st.stm32cube.ide.mcu.externaltools.gnu-tools-for-stm32.7-2018-q2-update.linux64_1.4.0.202007081208/tools/bin/../lib/gcc/arm-none-eabi/7.3.1/../../../../arm-none-eabi/lib/thumb/v7e-m/fpv4-sp/hard/libc_nano.a(lib_a-impure.o)
                0x0000000008004fc4                _global_impure_ptr
 .rodata.__sf_fake_stderr
                0x0000000008004fc8       0x20 /home/chris/opt/STM32CubeIDE/st/stm32cubeide_1.2.0/plugins/com.st.stm32cube.ide.mcu.externaltools.gnu-tools-for-stm32.7-2018-q2-update.linux64_1.4.0.202007081208/tools/bin/../lib/gcc/arm-none-eabi/7.3.1/../../../../arm-none-eabi/lib/thumb/v7e-m/fpv4-sp/hard/libc_nano.a(lib_a-findfp.o)
                0x0000000008004fc8                __sf_fake_stderr
 .rodata.__sf_fake_stdin
                0x0000000008004fe8       0x20 /home/chris/opt/STM32CubeIDE/st/stm32cubeide_1.2.0/plugins/com.st.stm32cube.ide.mcu.externaltools.gnu-tools-for-stm32.7-2018-q2-update.linux64_1.4.0.202007081208/tools/bin/../lib/gcc/arm-none-eabi/7.3.1/../../../../arm-none-eabi/lib/thumb/v7e-m/fpv4-sp/hard/libc_nano.a(lib_a-findfp.o)
                0x0000000008004fe8                __sf_fake_stdin
 .rodata.__sf_fake_stdout
                0x0000000008005008       0x20 /home/chris/opt/STM32CubeIDE/st/stm32cubeide_1.2.0/plugins/com.st.stm32cube.ide.mcu.externaltools.gnu-tools-for-stm32.7-2018-q2-update.linux64_1.4.0.202007081208/tools/bin/../lib/gcc/arm-none-eabi/7.3.1/../../../../arm-none-eabi/lib/thumb/v7e-m/fpv4-sp/hard/libc_nano.a(lib_a-findfp.o)
                0x0000000008005008                __sf_fake_stdout
 .rodata._vfprintf_r.str1.1
                0x0000000008005028       0x11 /home/chris/opt/STM32CubeIDE/st/stm32cubeide_1.2.0/plugins/com.st.stm32cube.ide.mcu.externaltools.gnu-tools-for-stm32.7-2018-q2-update.linux64_1.4.0.202007081208/tools/bin/../lib/gcc/arm-none-eabi/7.3.1/../../../../arm-none-eabi/lib/thumb/v7e-m/fpv4-sp/hard/libc_nano.a(lib_a-nano-vfprintf.o)
 .rodata._printf_i.str1.1
                0x0000000008005039       0x22 /home/chris/opt/STM32CubeIDE/st/stm32cubeide_1.2.0/plugins/com.st.stm32cube.ide.mcu.externaltools.gnu-tools-for-stm32.7-2018-q2-update.linux64_1.4.0.202007081208/tools/bin/../lib/gcc/arm-none-eabi/7.3.1/../../../../arm-none-eabi/lib/thumb/v7e-m/fpv4-sp/hard/libc_nano.a(lib_a-nano-vfprintf_i.o)
                0x000000000800505c                . = ALIGN (0x4)
 *fill*         0x000000000800505b        0x1 

.ARM.extab      0x000000000800505c        0x0
                0x000000000800505c                . = ALIGN (0x4)
 *(.ARM.extab* .gnu.linkonce.armextab.*)
                0x000000000800505c                . = ALIGN (0x4)

.ARM            0x000000000800505c        0x8
                0x000000000800505c                . = ALIGN (0x4)
                0x000000000800505c                __exidx_start = .
 *(.ARM.exidx*)
 .ARM.exidx     0x000000000800505c        0x8 /home/chris/opt/STM32CubeIDE/st/stm32cubeide_1.2.0/plugins/com.st.stm32cube.ide.mcu.externaltools.gnu-tools-for-stm32.7-2018-q2-update.linux64_1.4.0.202007081208/tools/bin/../lib/gcc/arm-none-eabi/7.3.1/thumb/v7e-m/fpv4-sp/hard/libgcc.a(_udivmoddi4.o)
                0x0000000008005064                __exidx_end = .
                0x0000000008005064                . = ALIGN (0x4)

.rel.dyn        0x0000000008005064        0x0
 .rel.iplt      0x0000000008005064        0x0 /home/chris/opt/STM32CubeIDE/st/stm32cubeide_1.2.0/plugins/com.st.stm32cube.ide.mcu.externaltools.gnu-tools-for-stm32.7-2018-q2-update.linux64_1.4.0.202007081208/tools/bin/../lib/gcc/arm-none-eabi/7.3.1/thumb/v7e-m/fpv4-sp/hard/crtbegin.o

.preinit_array  0x0000000008005064        0x0
                0x0000000008005064                . = ALIGN (0x4)
                0x0000000008005064                PROVIDE (__preinit_array_start = .)
 *(.preinit_array*)
                0x0000000008005064                PROVIDE (__preinit_array_end = .)
                0x0000000008005064                . = ALIGN (0x4)

.init_array     0x0000000008005064        0x4
                0x0000000008005064                . = ALIGN (0x4)
                0x0000000008005064                PROVIDE (__init_array_start = .)
 *(SORT_BY_NAME(.init_array.*))
 *(.init_array*)
 .init_array    0x0000000008005064        0x4 /home/chris/opt/STM32CubeIDE/st/stm32cubeide_1.2.0/plugins/com.st.stm32cube.ide.mcu.externaltools.gnu-tools-for-stm32.7-2018-q2-update.linux64_1.4.0.202007081208/tools/bin/../lib/gcc/arm-none-eabi/7.3.1/thumb/v7e-m/fpv4-sp/hard/crtbegin.o
                0x0000000008005068                PROVIDE (__init_array_end = .)
                0x0000000008005068                . = ALIGN (0x4)

.fini_array     0x0000000008005068        0x4
                0x0000000008005068                . = ALIGN (0x4)
                [!provide]                        PROVIDE (__fini_array_start = .)
 *(SORT_BY_NAME(.fini_array.*))
 *(.fini_array*)
 .fini_array    0x0000000008005068        0x4 /home/chris/opt/STM32CubeIDE/st/stm32cubeide_1.2.0/plugins/com.st.stm32cube.ide.mcu.externaltools.gnu-tools-for-stm32.7-2018-q2-update.linux64_1.4.0.202007081208/tools/bin/../lib/gcc/arm-none-eabi/7.3.1/thumb/v7e-m/fpv4-sp/hard/crtbegin.o
                [!provide]                        PROVIDE (__fini_array_end = .)
                0x000000000800506c                . = ALIGN (0x4)
                0x000000000800506c                _sidata = LOADADDR (.data)

.data           0x0000000020000000       0x70 load address 0x000000000800506c
                0x0000000020000000                . = ALIGN (0x4)
                0x0000000020000000                _sdata = .
 *(.data)
 *(.data*)
 .data.SystemCoreClock
                0x0000000020000000        0x4 Core/Src/system_stm32f4xx.o
                0x0000000020000000                SystemCoreClock
 .data.uwTickPrio
                0x0000000020000004        0x4 Drivers/STM32F4xx_HAL_Driver/Src/stm32f4xx_hal.o
                0x0000000020000004                uwTickPrio
 .data.uwTickFreq
                0x0000000020000008        0x1 Drivers/STM32F4xx_HAL_Driver/Src/stm32f4xx_hal.o
                0x0000000020000008                uwTickFreq
 *fill*         0x0000000020000009        0x3 
 .data._impure_ptr
                0x000000002000000c        0x4 /home/chris/opt/STM32CubeIDE/st/stm32cubeide_1.2.0/plugins/com.st.stm32cube.ide.mcu.externaltools.gnu-tools-for-stm32.7-2018-q2-update.linux64_1.4.0.202007081208/tools/bin/../lib/gcc/arm-none-eabi/7.3.1/../../../../arm-none-eabi/lib/thumb/v7e-m/fpv4-sp/hard/libc_nano.a(lib_a-impure.o)
                0x000000002000000c                _impure_ptr
 .data.impure_data
                0x0000000020000010       0x60 /home/chris/opt/STM32CubeIDE/st/stm32cubeide_1.2.0/plugins/com.st.stm32cube.ide.mcu.externaltools.gnu-tools-for-stm32.7-2018-q2-update.linux64_1.4.0.202007081208/tools/bin/../lib/gcc/arm-none-eabi/7.3.1/../../../../arm-none-eabi/lib/thumb/v7e-m/fpv4-sp/hard/libc_nano.a(lib_a-impure.o)
                0x0000000020000070                . = ALIGN (0x4)
                0x0000000020000070                _edata = .

.igot.plt       0x0000000020000070        0x0 load address 0x00000000080050dc
 .igot.plt      0x0000000020000070        0x0 /home/chris/opt/STM32CubeIDE/st/stm32cubeide_1.2.0/plugins/com.st.stm32cube.ide.mcu.externaltools.gnu-tools-for-stm32.7-2018-q2-update.linux64_1.4.0.202007081208/tools/bin/../lib/gcc/arm-none-eabi/7.3.1/thumb/v7e-m/fpv4-sp/hard/crtbegin.o
                0x0000000020000070                . = ALIGN (0x4)

.bss            0x0000000020000070     0x162c load address 0x00000000080050dc
                0x0000000020000070                _sbss = .
                0x0000000020000070                __bss_start__ = _sbss
 *(.bss)
 .bss           0x0000000020000070       0x1c /home/chris/opt/STM32CubeIDE/st/stm32cubeide_1.2.0/plugins/com.st.stm32cube.ide.mcu.externaltools.gnu-tools-for-stm32.7-2018-q2-update.linux64_1.4.0.202007081208/tools/bin/../lib/gcc/arm-none-eabi/7.3.1/thumb/v7e-m/fpv4-sp/hard/crtbegin.o
 *(.bss*)
 .bss.__sbrk_heap_end
                0x000000002000008c        0x4 Core/Src/sysmem.o
 .bss._acUpBuffer
                0x0000000020000090      0x400 /home/chris/Projects/Embedded/CirrusDspPedal_SW/SeggerRTTLib/Debug/libSeggerRTTLib.a(SEGGER_RTT.o)
 .bss._acDownBuffer
                0x0000000020000490       0x10 /home/chris/Projects/Embedded/CirrusDspPedal_SW/SeggerRTTLib/Debug/libSeggerRTTLib.a(SEGGER_RTT.o)
 .bss.__malloc_free_list
                0x00000000200004a0        0x4 /home/chris/opt/STM32CubeIDE/st/stm32cubeide_1.2.0/plugins/com.st.stm32cube.ide.mcu.externaltools.gnu-tools-for-stm32.7-2018-q2-update.linux64_1.4.0.202007081208/tools/bin/../lib/gcc/arm-none-eabi/7.3.1/../../../../arm-none-eabi/lib/thumb/v7e-m/fpv4-sp/hard/libc_nano.a(lib_a-nano-mallocr.o)
                0x00000000200004a0                __malloc_free_list
 .bss.__malloc_sbrk_start
                0x00000000200004a4        0x4 /home/chris/opt/STM32CubeIDE/st/stm32cubeide_1.2.0/plugins/com.st.stm32cube.ide.mcu.externaltools.gnu-tools-for-stm32.7-2018-q2-update.linux64_1.4.0.202007081208/tools/bin/../lib/gcc/arm-none-eabi/7.3.1/../../../../arm-none-eabi/lib/thumb/v7e-m/fpv4-sp/hard/libc_nano.a(lib_a-nano-mallocr.o)
                0x00000000200004a4                __malloc_sbrk_start
 *(COMMON)
 COMMON         0x00000000200004a8       0x48 Core/Src/adc.o
                0x00000000200004a8                hadc1
 COMMON         0x00000000200004f0      0x108 Core/Src/i2s.o
                0x00000000200004f0                hdma_i2s2_ext_rx
                0x0000000020000550                hdma_spi2_tx
                0x00000000200005b0                hi2s2
 COMMON         0x00000000200005f8      0xff4 Core/Src/main.o
                0x00000000200005f8                Shift
                0x00000000200005fc                b2
                0x0000000020000600                b1
                0x0000000020000604                WtrP
                0x0000000020000608                a1
                0x000000002000060c                txBuf
                0x000000002000061c                hp_in_z2
                0x0000000020000620                rxBuf
                0x0000000020000630                Buf
                0x00000000200015d0                CrossFade
                0x00000000200015d4                hp_out_z2
                0x00000000200015d8                a2
                0x00000000200015dc                Rd_P
                0x00000000200015e0                hp_out_z1
                0x00000000200015e4                a0
                0x00000000200015e8                hp_in_z1
 COMMON         0x00000000200015ec        0x4 Drivers/STM32F4xx_HAL_Driver/Src/stm32f4xx_hal.o
                0x00000000200015ec                uwTick
 COMMON         0x00000000200015f0       0xa8 /home/chris/Projects/Embedded/CirrusDspPedal_SW/SeggerRTTLib/Debug/libSeggerRTTLib.a(SEGGER_RTT.o)
                0x00000000200015f0                _SEGGER_RTT
 COMMON         0x0000000020001698        0x4 /home/chris/opt/STM32CubeIDE/st/stm32cubeide_1.2.0/plugins/com.st.stm32cube.ide.mcu.externaltools.gnu-tools-for-stm32.7-2018-q2-update.linux64_1.4.0.202007081208/tools/bin/../lib/gcc/arm-none-eabi/7.3.1/../../../../arm-none-eabi/lib/thumb/v7e-m/fpv4-sp/hard/libc_nano.a(lib_a-reent.o)
                0x0000000020001698                errno
                0x000000002000169c                . = ALIGN (0x4)
                0x000000002000169c                _ebss = .
                0x000000002000169c                __bss_end__ = _ebss

._user_heap_stack
                0x000000002000169c      0x604 load address 0x00000000080050dc
                0x00000000200016a0                . = ALIGN (0x8)
 *fill*         0x000000002000169c        0x4 
                [!provide]                        PROVIDE (end = .)
                0x00000000200016a0                PROVIDE (_end = .)
                0x00000000200018a0                . = (. + _Min_Heap_Size)
 *fill*         0x00000000200016a0      0x200 
                0x0000000020001ca0                . = (. + _Min_Stack_Size)
 *fill*         0x00000000200018a0      0x400 
                0x0000000020001ca0                . = ALIGN (0x8)

/DISCARD/
 libc.a(*)
 libm.a(*)
 libgcc.a(*)

.ARM.attributes
                0x0000000000000000       0x30
 *(.ARM.attributes)
 .ARM.attributes
                0x0000000000000000       0x22 /home/chris/opt/STM32CubeIDE/st/stm32cubeide_1.2.0/plugins/com.st.stm32cube.ide.mcu.externaltools.gnu-tools-for-stm32.7-2018-q2-update.linux64_1.4.0.202007081208/tools/bin/../lib/gcc/arm-none-eabi/7.3.1/thumb/v7e-m/fpv4-sp/hard/crti.o
 .ARM.attributes
                0x0000000000000022       0x34 /home/chris/opt/STM32CubeIDE/st/stm32cubeide_1.2.0/plugins/com.st.stm32cube.ide.mcu.externaltools.gnu-tools-for-stm32.7-2018-q2-update.linux64_1.4.0.202007081208/tools/bin/../lib/gcc/arm-none-eabi/7.3.1/thumb/v7e-m/fpv4-sp/hard/crtbegin.o
 .ARM.attributes
                0x0000000000000056       0x39 Core/Src/adc.o
 .ARM.attributes
                0x000000000000008f       0x39 Core/Src/dma.o
 .ARM.attributes
                0x00000000000000c8       0x39 Core/Src/gpio.o
 .ARM.attributes
                0x0000000000000101       0x39 Core/Src/i2s.o
 .ARM.attributes
                0x000000000000013a       0x39 Core/Src/main.o
 .ARM.attributes
                0x0000000000000173       0x39 Core/Src/stm32f4xx_hal_msp.o
 .ARM.attributes
                0x00000000000001ac       0x39 Core/Src/stm32f4xx_it.o
 .ARM.attributes
                0x00000000000001e5       0x39 Core/Src/syscalls.o
 .ARM.attributes
                0x000000000000021e       0x39 Core/Src/sysmem.o
 .ARM.attributes
                0x0000000000000257       0x39 Core/Src/system_stm32f4xx.o
 .ARM.attributes
                0x0000000000000290       0x21 Core/Startup/startup_stm32f405rgtx.o
 .ARM.attributes
                0x00000000000002b1       0x39 Drivers/STM32F4xx_HAL_Driver/Src/stm32f4xx_hal.o
 .ARM.attributes
                0x00000000000002ea       0x39 Drivers/STM32F4xx_HAL_Driver/Src/stm32f4xx_hal_adc.o
 .ARM.attributes
                0x0000000000000323       0x39 Drivers/STM32F4xx_HAL_Driver/Src/stm32f4xx_hal_cortex.o
 .ARM.attributes
                0x000000000000035c       0x39 Drivers/STM32F4xx_HAL_Driver/Src/stm32f4xx_hal_dma.o
 .ARM.attributes
                0x0000000000000395       0x39 Drivers/STM32F4xx_HAL_Driver/Src/stm32f4xx_hal_gpio.o
 .ARM.attributes
                0x00000000000003ce       0x39 Drivers/STM32F4xx_HAL_Driver/Src/stm32f4xx_hal_i2s.o
 .ARM.attributes
                0x0000000000000407       0x39 Drivers/STM32F4xx_HAL_Driver/Src/stm32f4xx_hal_i2s_ex.o
 .ARM.attributes
                0x0000000000000440       0x39 Drivers/STM32F4xx_HAL_Driver/Src/stm32f4xx_hal_rcc.o
 .ARM.attributes
                0x0000000000000479       0x39 Drivers/STM32F4xx_HAL_Driver/Src/stm32f4xx_hal_rcc_ex.o
 .ARM.attributes
                0x00000000000004b2       0x39 /home/chris/Projects/Embedded/CirrusDspPedal_SW/SeggerRTTLib/Debug/libSeggerRTTLib.a(SEGGER_RTT.o)
 .ARM.attributes
                0x00000000000004eb       0x34 /home/chris/opt/STM32CubeIDE/st/stm32cubeide_1.2.0/plugins/com.st.stm32cube.ide.mcu.externaltools.gnu-tools-for-stm32.7-2018-q2-update.linux64_1.4.0.202007081208/tools/bin/../lib/gcc/arm-none-eabi/7.3.1/../../../../arm-none-eabi/lib/thumb/v7e-m/fpv4-sp/hard/libc_nano.a(lib_a-errno.o)
 .ARM.attributes
                0x000000000000051f       0x34 /home/chris/opt/STM32CubeIDE/st/stm32cubeide_1.2.0/plugins/com.st.stm32cube.ide.mcu.externaltools.gnu-tools-for-stm32.7-2018-q2-update.linux64_1.4.0.202007081208/tools/bin/../lib/gcc/arm-none-eabi/7.3.1/../../../../arm-none-eabi/lib/thumb/v7e-m/fpv4-sp/hard/libc_nano.a(lib_a-impure.o)
 .ARM.attributes
                0x0000000000000553       0x34 /home/chris/opt/STM32CubeIDE/st/stm32cubeide_1.2.0/plugins/com.st.stm32cube.ide.mcu.externaltools.gnu-tools-for-stm32.7-2018-q2-update.linux64_1.4.0.202007081208/tools/bin/../lib/gcc/arm-none-eabi/7.3.1/../../../../arm-none-eabi/lib/thumb/v7e-m/fpv4-sp/hard/libc_nano.a(lib_a-init.o)
 .ARM.attributes
                0x0000000000000587       0x34 /home/chris/opt/STM32CubeIDE/st/stm32cubeide_1.2.0/plugins/com.st.stm32cube.ide.mcu.externaltools.gnu-tools-for-stm32.7-2018-q2-update.linux64_1.4.0.202007081208/tools/bin/../lib/gcc/arm-none-eabi/7.3.1/../../../../arm-none-eabi/lib/thumb/v7e-m/fpv4-sp/hard/libc_nano.a(lib_a-memcpy-stub.o)
 .ARM.attributes
                0x00000000000005bb       0x34 /home/chris/opt/STM32CubeIDE/st/stm32cubeide_1.2.0/plugins/com.st.stm32cube.ide.mcu.externaltools.gnu-tools-for-stm32.7-2018-q2-update.linux64_1.4.0.202007081208/tools/bin/../lib/gcc/arm-none-eabi/7.3.1/../../../../arm-none-eabi/lib/thumb/v7e-m/fpv4-sp/hard/libc_nano.a(lib_a-memset.o)
 .ARM.attributes
                0x00000000000005ef       0x34 /home/chris/opt/STM32CubeIDE/st/stm32cubeide_1.2.0/plugins/com.st.stm32cube.ide.mcu.externaltools.gnu-tools-for-stm32.7-2018-q2-update.linux64_1.4.0.202007081208/tools/bin/../lib/gcc/arm-none-eabi/7.3.1/../../../../arm-none-eabi/lib/thumb/v7e-m/fpv4-sp/hard/libc_nano.a(lib_a-printf.o)
 .ARM.attributes
                0x0000000000000623       0x34 /home/chris/opt/STM32CubeIDE/st/stm32cubeide_1.2.0/plugins/com.st.stm32cube.ide.mcu.externaltools.gnu-tools-for-stm32.7-2018-q2-update.linux64_1.4.0.202007081208/tools/bin/../lib/gcc/arm-none-eabi/7.3.1/../../../../arm-none-eabi/lib/thumb/v7e-m/fpv4-sp/hard/libc_nano.a(lib_a-findfp.o)
 .ARM.attributes
                0x0000000000000657       0x34 /home/chris/opt/STM32CubeIDE/st/stm32cubeide_1.2.0/plugins/com.st.stm32cube.ide.mcu.externaltools.gnu-tools-for-stm32.7-2018-q2-update.linux64_1.4.0.202007081208/tools/bin/../lib/gcc/arm-none-eabi/7.3.1/../../../../arm-none-eabi/lib/thumb/v7e-m/fpv4-sp/hard/libc_nano.a(lib_a-fwalk.o)
 .ARM.attributes
                0x000000000000068b       0x34 /home/chris/opt/STM32CubeIDE/st/stm32cubeide_1.2.0/plugins/com.st.stm32cube.ide.mcu.externaltools.gnu-tools-for-stm32.7-2018-q2-update.linux64_1.4.0.202007081208/tools/bin/../lib/gcc/arm-none-eabi/7.3.1/../../../../arm-none-eabi/lib/thumb/v7e-m/fpv4-sp/hard/libc_nano.a(lib_a-nano-mallocr.o)
 .ARM.attributes
                0x00000000000006bf       0x34 /home/chris/opt/STM32CubeIDE/st/stm32cubeide_1.2.0/plugins/com.st.stm32cube.ide.mcu.externaltools.gnu-tools-for-stm32.7-2018-q2-update.linux64_1.4.0.202007081208/tools/bin/../lib/gcc/arm-none-eabi/7.3.1/../../../../arm-none-eabi/lib/thumb/v7e-m/fpv4-sp/hard/libc_nano.a(lib_a-nano-vfprintf.o)
 .ARM.attributes
                0x00000000000006f3       0x34 /home/chris/opt/STM32CubeIDE/st/stm32cubeide_1.2.0/plugins/com.st.stm32cube.ide.mcu.externaltools.gnu-tools-for-stm32.7-2018-q2-update.linux64_1.4.0.202007081208/tools/bin/../lib/gcc/arm-none-eabi/7.3.1/../../../../arm-none-eabi/lib/thumb/v7e-m/fpv4-sp/hard/libc_nano.a(lib_a-nano-vfprintf_i.o)
 .ARM.attributes
                0x0000000000000727       0x34 /home/chris/opt/STM32CubeIDE/st/stm32cubeide_1.2.0/plugins/com.st.stm32cube.ide.mcu.externaltools.gnu-tools-for-stm32.7-2018-q2-update.linux64_1.4.0.202007081208/tools/bin/../lib/gcc/arm-none-eabi/7.3.1/../../../../arm-none-eabi/lib/thumb/v7e-m/fpv4-sp/hard/libc_nano.a(lib_a-sbrkr.o)
 .ARM.attributes
                0x000000000000075b       0x34 /home/chris/opt/STM32CubeIDE/st/stm32cubeide_1.2.0/plugins/com.st.stm32cube.ide.mcu.externaltools.gnu-tools-for-stm32.7-2018-q2-update.linux64_1.4.0.202007081208/tools/bin/../lib/gcc/arm-none-eabi/7.3.1/../../../../arm-none-eabi/lib/thumb/v7e-m/fpv4-sp/hard/libc_nano.a(lib_a-stdio.o)
 .ARM.attributes
                0x000000000000078f       0x34 /home/chris/opt/STM32CubeIDE/st/stm32cubeide_1.2.0/plugins/com.st.stm32cube.ide.mcu.externaltools.gnu-tools-for-stm32.7-2018-q2-update.linux64_1.4.0.202007081208/tools/bin/../lib/gcc/arm-none-eabi/7.3.1/../../../../arm-none-eabi/lib/thumb/v7e-m/fpv4-sp/hard/libc_nano.a(lib_a-wbuf.o)
 .ARM.attributes
                0x00000000000007c3       0x34 /home/chris/opt/STM32CubeIDE/st/stm32cubeide_1.2.0/plugins/com.st.stm32cube.ide.mcu.externaltools.gnu-tools-for-stm32.7-2018-q2-update.linux64_1.4.0.202007081208/tools/bin/../lib/gcc/arm-none-eabi/7.3.1/../../../../arm-none-eabi/lib/thumb/v7e-m/fpv4-sp/hard/libc_nano.a(lib_a-writer.o)
 .ARM.attributes
                0x00000000000007f7       0x34 /home/chris/opt/STM32CubeIDE/st/stm32cubeide_1.2.0/plugins/com.st.stm32cube.ide.mcu.externaltools.gnu-tools-for-stm32.7-2018-q2-update.linux64_1.4.0.202007081208/tools/bin/../lib/gcc/arm-none-eabi/7.3.1/../../../../arm-none-eabi/lib/thumb/v7e-m/fpv4-sp/hard/libc_nano.a(lib_a-wsetup.o)
 .ARM.attributes
                0x000000000000082b       0x34 /home/chris/opt/STM32CubeIDE/st/stm32cubeide_1.2.0/plugins/com.st.stm32cube.ide.mcu.externaltools.gnu-tools-for-stm32.7-2018-q2-update.linux64_1.4.0.202007081208/tools/bin/../lib/gcc/arm-none-eabi/7.3.1/../../../../arm-none-eabi/lib/thumb/v7e-m/fpv4-sp/hard/libc_nano.a(lib_a-closer.o)
 .ARM.attributes
                0x000000000000085f       0x34 /home/chris/opt/STM32CubeIDE/st/stm32cubeide_1.2.0/plugins/com.st.stm32cube.ide.mcu.externaltools.gnu-tools-for-stm32.7-2018-q2-update.linux64_1.4.0.202007081208/tools/bin/../lib/gcc/arm-none-eabi/7.3.1/../../../../arm-none-eabi/lib/thumb/v7e-m/fpv4-sp/hard/libc_nano.a(lib_a-fflush.o)
 .ARM.attributes
                0x0000000000000893       0x34 /home/chris/opt/STM32CubeIDE/st/stm32cubeide_1.2.0/plugins/com.st.stm32cube.ide.mcu.externaltools.gnu-tools-for-stm32.7-2018-q2-update.linux64_1.4.0.202007081208/tools/bin/../lib/gcc/arm-none-eabi/7.3.1/../../../../arm-none-eabi/lib/thumb/v7e-m/fpv4-sp/hard/libc_nano.a(lib_a-lseekr.o)
 .ARM.attributes
                0x00000000000008c7       0x34 /home/chris/opt/STM32CubeIDE/st/stm32cubeide_1.2.0/plugins/com.st.stm32cube.ide.mcu.externaltools.gnu-tools-for-stm32.7-2018-q2-update.linux64_1.4.0.202007081208/tools/bin/../lib/gcc/arm-none-eabi/7.3.1/../../../../arm-none-eabi/lib/thumb/v7e-m/fpv4-sp/hard/libc_nano.a(lib_a-makebuf.o)
 .ARM.attributes
                0x00000000000008fb       0x20 /home/chris/opt/STM32CubeIDE/st/stm32cubeide_1.2.0/plugins/com.st.stm32cube.ide.mcu.externaltools.gnu-tools-for-stm32.7-2018-q2-update.linux64_1.4.0.202007081208/tools/bin/../lib/gcc/arm-none-eabi/7.3.1/../../../../arm-none-eabi/lib/thumb/v7e-m/fpv4-sp/hard/libc_nano.a(lib_a-memchr.o)
 .ARM.attributes
                0x000000000000091b       0x34 /home/chris/opt/STM32CubeIDE/st/stm32cubeide_1.2.0/plugins/com.st.stm32cube.ide.mcu.externaltools.gnu-tools-for-stm32.7-2018-q2-update.linux64_1.4.0.202007081208/tools/bin/../lib/gcc/arm-none-eabi/7.3.1/../../../../arm-none-eabi/lib/thumb/v7e-m/fpv4-sp/hard/libc_nano.a(lib_a-mlock.o)
 .ARM.attributes
                0x000000000000094f       0x34 /home/chris/opt/STM32CubeIDE/st/stm32cubeide_1.2.0/plugins/com.st.stm32cube.ide.mcu.externaltools.gnu-tools-for-stm32.7-2018-q2-update.linux64_1.4.0.202007081208/tools/bin/../lib/gcc/arm-none-eabi/7.3.1/../../../../arm-none-eabi/lib/thumb/v7e-m/fpv4-sp/hard/libc_nano.a(lib_a-nano-freer.o)
 .ARM.attributes
                0x0000000000000983       0x34 /home/chris/opt/STM32CubeIDE/st/stm32cubeide_1.2.0/plugins/com.st.stm32cube.ide.mcu.externaltools.gnu-tools-for-stm32.7-2018-q2-update.linux64_1.4.0.202007081208/tools/bin/../lib/gcc/arm-none-eabi/7.3.1/../../../../arm-none-eabi/lib/thumb/v7e-m/fpv4-sp/hard/libc_nano.a(lib_a-readr.o)
 .ARM.attributes
                0x00000000000009b7       0x34 /home/chris/opt/STM32CubeIDE/st/stm32cubeide_1.2.0/plugins/com.st.stm32cube.ide.mcu.externaltools.gnu-tools-for-stm32.7-2018-q2-update.linux64_1.4.0.202007081208/tools/bin/../lib/gcc/arm-none-eabi/7.3.1/../../../../arm-none-eabi/lib/thumb/v7e-m/fpv4-sp/hard/libc_nano.a(lib_a-reent.o)
 .ARM.attributes
                0x00000000000009eb       0x34 /home/chris/opt/STM32CubeIDE/st/stm32cubeide_1.2.0/plugins/com.st.stm32cube.ide.mcu.externaltools.gnu-tools-for-stm32.7-2018-q2-update.linux64_1.4.0.202007081208/tools/bin/../lib/gcc/arm-none-eabi/7.3.1/../../../../arm-none-eabi/lib/thumb/v7e-m/fpv4-sp/hard/libc_nano.a(lib_a-fstatr.o)
 .ARM.attributes
                0x0000000000000a1f       0x34 /home/chris/opt/STM32CubeIDE/st/stm32cubeide_1.2.0/plugins/com.st.stm32cube.ide.mcu.externaltools.gnu-tools-for-stm32.7-2018-q2-update.linux64_1.4.0.202007081208/tools/bin/../lib/gcc/arm-none-eabi/7.3.1/../../../../arm-none-eabi/lib/thumb/v7e-m/fpv4-sp/hard/libc_nano.a(lib_a-isattyr.o)
 .ARM.attributes
                0x0000000000000a53       0x34 /home/chris/opt/STM32CubeIDE/st/stm32cubeide_1.2.0/plugins/com.st.stm32cube.ide.mcu.externaltools.gnu-tools-for-stm32.7-2018-q2-update.linux64_1.4.0.202007081208/tools/bin/../lib/gcc/arm-none-eabi/7.3.1/../../../../arm-none-eabi/lib/thumb/v7e-m/fpv4-sp/hard/libm.a(lib_a-sf_round.o)
 .ARM.attributes
                0x0000000000000a87       0x22 /home/chris/opt/STM32CubeIDE/st/stm32cubeide_1.2.0/plugins/com.st.stm32cube.ide.mcu.externaltools.gnu-tools-for-stm32.7-2018-q2-update.linux64_1.4.0.202007081208/tools/bin/../lib/gcc/arm-none-eabi/7.3.1/thumb/v7e-m/fpv4-sp/hard/libgcc.a(_aeabi_uldivmod.o)
 .ARM.attributes
                0x0000000000000aa9       0x34 /home/chris/opt/STM32CubeIDE/st/stm32cubeide_1.2.0/plugins/com.st.stm32cube.ide.mcu.externaltools.gnu-tools-for-stm32.7-2018-q2-update.linux64_1.4.0.202007081208/tools/bin/../lib/gcc/arm-none-eabi/7.3.1/thumb/v7e-m/fpv4-sp/hard/libgcc.a(_udivmoddi4.o)
 .ARM.attributes
                0x0000000000000add       0x22 /home/chris/opt/STM32CubeIDE/st/stm32cubeide_1.2.0/plugins/com.st.stm32cube.ide.mcu.externaltools.gnu-tools-for-stm32.7-2018-q2-update.linux64_1.4.0.202007081208/tools/bin/../lib/gcc/arm-none-eabi/7.3.1/thumb/v7e-m/fpv4-sp/hard/libgcc.a(_dvmd_tls.o)
 .ARM.attributes
                0x0000000000000aff       0x22 /home/chris/opt/STM32CubeIDE/st/stm32cubeide_1.2.0/plugins/com.st.stm32cube.ide.mcu.externaltools.gnu-tools-for-stm32.7-2018-q2-update.linux64_1.4.0.202007081208/tools/bin/../lib/gcc/arm-none-eabi/7.3.1/thumb/v7e-m/fpv4-sp/hard/crtn.o
OUTPUT(F405_LQFP64.elf elf32-littlearm)

.debug_info     0x0000000000000000    0x10ea8
 .debug_info    0x0000000000000000     0x1347 Core/Src/adc.o
 .debug_info    0x0000000000001347      0xec1 Core/Src/dma.o
 .debug_info    0x0000000000002208      0xe15 Core/Src/gpio.o
 .debug_info    0x000000000000301d     0x1331 Core/Src/i2s.o
 .debug_info    0x000000000000434e     0x19b3 Core/Src/main.o
 .debug_info    0x0000000000005d01      0xccb Core/Src/stm32f4xx_hal_msp.o
 .debug_info    0x00000000000069cc      0xdf6 Core/Src/stm32f4xx_it.o
 .debug_info    0x00000000000077c2      0xe6b Core/Src/syscalls.o
 .debug_info    0x000000000000862d      0x985 Core/Src/sysmem.o
 .debug_info    0x0000000000008fb2      0x554 Core/Src/system_stm32f4xx.o
 .debug_info    0x0000000000009506       0x22 Core/Startup/startup_stm32f405rgtx.o
 .debug_info    0x0000000000009528      0x933 Drivers/STM32F4xx_HAL_Driver/Src/stm32f4xx_hal.o
 .debug_info    0x0000000000009e5b      0xcee Drivers/STM32F4xx_HAL_Driver/Src/stm32f4xx_hal_adc.o
 .debug_info    0x000000000000ab49      0xe16 Drivers/STM32F4xx_HAL_Driver/Src/stm32f4xx_hal_cortex.o
 .debug_info    0x000000000000b95f      0x968 Drivers/STM32F4xx_HAL_Driver/Src/stm32f4xx_hal_dma.o
 .debug_info    0x000000000000c2c7      0x7b5 Drivers/STM32F4xx_HAL_Driver/Src/stm32f4xx_hal_gpio.o
 .debug_info    0x000000000000ca7c      0xe5e Drivers/STM32F4xx_HAL_Driver/Src/stm32f4xx_hal_i2s.o
 .debug_info    0x000000000000d8da      0xb76 Drivers/STM32F4xx_HAL_Driver/Src/stm32f4xx_hal_i2s_ex.o
 .debug_info    0x000000000000e450      0x904 Drivers/STM32F4xx_HAL_Driver/Src/stm32f4xx_hal_rcc.o
 .debug_info    0x000000000000ed54      0x5ae Drivers/STM32F4xx_HAL_Driver/Src/stm32f4xx_hal_rcc_ex.o
 .debug_info    0x000000000000f302     0x1ba6 /home/chris/Projects/Embedded/CirrusDspPedal_SW/SeggerRTTLib/Debug/libSeggerRTTLib.a(SEGGER_RTT.o)

.debug_abbrev   0x0000000000000000     0x28c3
 .debug_abbrev  0x0000000000000000      0x1fb Core/Src/adc.o
 .debug_abbrev  0x00000000000001fb      0x1c3 Core/Src/dma.o
 .debug_abbrev  0x00000000000003be      0x1c5 Core/Src/gpio.o
 .debug_abbrev  0x0000000000000583      0x20c Core/Src/i2s.o
 .debug_abbrev  0x000000000000078f      0x302 Core/Src/main.o
 .debug_abbrev  0x0000000000000a91      0x1c5 Core/Src/stm32f4xx_hal_msp.o
 .debug_abbrev  0x0000000000000c56      0x1ba Core/Src/stm32f4xx_it.o
 .debug_abbrev  0x0000000000000e10      0x261 Core/Src/syscalls.o
 .debug_abbrev  0x0000000000001071      0x19b Core/Src/sysmem.o
 .debug_abbrev  0x000000000000120c      0x12b Core/Src/system_stm32f4xx.o
 .debug_abbrev  0x0000000000001337       0x12 Core/Startup/startup_stm32f405rgtx.o
 .debug_abbrev  0x0000000000001349      0x1c7 Drivers/STM32F4xx_HAL_Driver/Src/stm32f4xx_hal.o
 .debug_abbrev  0x0000000000001510      0x205 Drivers/STM32F4xx_HAL_Driver/Src/stm32f4xx_hal_adc.o
 .debug_abbrev  0x0000000000001715      0x2fa Drivers/STM32F4xx_HAL_Driver/Src/stm32f4xx_hal_cortex.o
 .debug_abbrev  0x0000000000001a0f      0x229 Drivers/STM32F4xx_HAL_Driver/Src/stm32f4xx_hal_dma.o
 .debug_abbrev  0x0000000000001c38      0x1c9 Drivers/STM32F4xx_HAL_Driver/Src/stm32f4xx_hal_gpio.o
 .debug_abbrev  0x0000000000001e01      0x21b Drivers/STM32F4xx_HAL_Driver/Src/stm32f4xx_hal_i2s.o
 .debug_abbrev  0x000000000000201c      0x246 Drivers/STM32F4xx_HAL_Driver/Src/stm32f4xx_hal_i2s_ex.o
 .debug_abbrev  0x0000000000002262      0x245 Drivers/STM32F4xx_HAL_Driver/Src/stm32f4xx_hal_rcc.o
 .debug_abbrev  0x00000000000024a7      0x173 Drivers/STM32F4xx_HAL_Driver/Src/stm32f4xx_hal_rcc_ex.o
 .debug_abbrev  0x000000000000261a      0x2a9 /home/chris/Projects/Embedded/CirrusDspPedal_SW/SeggerRTTLib/Debug/libSeggerRTTLib.a(SEGGER_RTT.o)

.debug_aranges  0x0000000000000000      0xa10
 .debug_aranges
                0x0000000000000000       0x30 Core/Src/adc.o
 .debug_aranges
                0x0000000000000030       0x20 Core/Src/dma.o
 .debug_aranges
                0x0000000000000050       0x20 Core/Src/gpio.o
 .debug_aranges
                0x0000000000000070       0x30 Core/Src/i2s.o
 .debug_aranges
                0x00000000000000a0       0x60 Core/Src/main.o
 .debug_aranges
                0x0000000000000100       0x20 Core/Src/stm32f4xx_hal_msp.o
 .debug_aranges
                0x0000000000000120       0x70 Core/Src/stm32f4xx_it.o
 .debug_aranges
                0x0000000000000190       0xa0 Core/Src/syscalls.o
 .debug_aranges
                0x0000000000000230       0x20 Core/Src/sysmem.o
 .debug_aranges
                0x0000000000000250       0x28 Core/Src/system_stm32f4xx.o
 .debug_aranges
                0x0000000000000278       0x28 Core/Startup/startup_stm32f405rgtx.o
 .debug_aranges
                0x00000000000002a0       0xf0 Drivers/STM32F4xx_HAL_Driver/Src/stm32f4xx_hal.o
 .debug_aranges
                0x0000000000000390       0xe8 Drivers/STM32F4xx_HAL_Driver/Src/stm32f4xx_hal_adc.o
 .debug_aranges
                0x0000000000000478      0x118 Drivers/STM32F4xx_HAL_Driver/Src/stm32f4xx_hal_cortex.o
 .debug_aranges
                0x0000000000000590       0x90 Drivers/STM32F4xx_HAL_Driver/Src/stm32f4xx_hal_dma.o
 .debug_aranges
                0x0000000000000620       0x58 Drivers/STM32F4xx_HAL_Driver/Src/stm32f4xx_hal_gpio.o
 .debug_aranges
                0x0000000000000678      0x108 Drivers/STM32F4xx_HAL_Driver/Src/stm32f4xx_hal_i2s.o
 .debug_aranges
                0x0000000000000780       0x88 Drivers/STM32F4xx_HAL_Driver/Src/stm32f4xx_hal_i2s_ex.o
 .debug_aranges
                0x0000000000000808       0x88 Drivers/STM32F4xx_HAL_Driver/Src/stm32f4xx_hal_rcc.o
 .debug_aranges
                0x0000000000000890       0x48 Drivers/STM32F4xx_HAL_Driver/Src/stm32f4xx_hal_rcc_ex.o
 .debug_aranges
                0x00000000000008d8      0x138 /home/chris/Projects/Embedded/CirrusDspPedal_SW/SeggerRTTLib/Debug/libSeggerRTTLib.a(SEGGER_RTT.o)

.debug_ranges   0x0000000000000000      0x8c8
 .debug_ranges  0x0000000000000000       0x20 Core/Src/adc.o
 .debug_ranges  0x0000000000000020       0x10 Core/Src/dma.o
 .debug_ranges  0x0000000000000030       0x10 Core/Src/gpio.o
 .debug_ranges  0x0000000000000040       0x20 Core/Src/i2s.o
 .debug_ranges  0x0000000000000060       0x50 Core/Src/main.o
 .debug_ranges  0x00000000000000b0       0x10 Core/Src/stm32f4xx_hal_msp.o
 .debug_ranges  0x00000000000000c0       0x60 Core/Src/stm32f4xx_it.o
 .debug_ranges  0x0000000000000120       0x90 Core/Src/syscalls.o
 .debug_ranges  0x00000000000001b0       0x10 Core/Src/sysmem.o
 .debug_ranges  0x00000000000001c0       0x18 Core/Src/system_stm32f4xx.o
 .debug_ranges  0x00000000000001d8       0x20 Core/Startup/startup_stm32f405rgtx.o
 .debug_ranges  0x00000000000001f8       0xe0 Drivers/STM32F4xx_HAL_Driver/Src/stm32f4xx_hal.o
 .debug_ranges  0x00000000000002d8       0xd8 Drivers/STM32F4xx_HAL_Driver/Src/stm32f4xx_hal_adc.o
 .debug_ranges  0x00000000000003b0      0x108 Drivers/STM32F4xx_HAL_Driver/Src/stm32f4xx_hal_cortex.o
 .debug_ranges  0x00000000000004b8       0x80 Drivers/STM32F4xx_HAL_Driver/Src/stm32f4xx_hal_dma.o
 .debug_ranges  0x0000000000000538       0x48 Drivers/STM32F4xx_HAL_Driver/Src/stm32f4xx_hal_gpio.o
 .debug_ranges  0x0000000000000580       0xf8 Drivers/STM32F4xx_HAL_Driver/Src/stm32f4xx_hal_i2s.o
 .debug_ranges  0x0000000000000678       0x78 Drivers/STM32F4xx_HAL_Driver/Src/stm32f4xx_hal_i2s_ex.o
 .debug_ranges  0x00000000000006f0       0x78 Drivers/STM32F4xx_HAL_Driver/Src/stm32f4xx_hal_rcc.o
 .debug_ranges  0x0000000000000768       0x38 Drivers/STM32F4xx_HAL_Driver/Src/stm32f4xx_hal_rcc_ex.o
 .debug_ranges  0x00000000000007a0      0x128 /home/chris/Projects/Embedded/CirrusDspPedal_SW/SeggerRTTLib/Debug/libSeggerRTTLib.a(SEGGER_RTT.o)

.debug_macro    0x0000000000000000    0x214b8
 .debug_macro   0x0000000000000000      0x2e2 Core/Src/adc.o
 .debug_macro   0x00000000000002e2      0xa5a Core/Src/adc.o
 .debug_macro   0x0000000000000d3c      0x294 Core/Src/adc.o
 .debug_macro   0x0000000000000fd0       0x2e Core/Src/adc.o
 .debug_macro   0x0000000000000ffe       0x2f Core/Src/adc.o
 .debug_macro   0x000000000000102d       0x22 Core/Src/adc.o
 .debug_macro   0x000000000000104f       0x8e Core/Src/adc.o
 .debug_macro   0x00000000000010dd       0x51 Core/Src/adc.o
 .debug_macro   0x000000000000112e       0xef Core/Src/adc.o
 .debug_macro   0x000000000000121d       0x6a Core/Src/adc.o
 .debug_macro   0x0000000000001287      0x1df Core/Src/adc.o
 .debug_macro   0x0000000000001466       0x1c Core/Src/adc.o
 .debug_macro   0x0000000000001482       0x22 Core/Src/adc.o
 .debug_macro   0x00000000000014a4       0xdf Core/Src/adc.o
 .debug_macro   0x0000000000001583     0x102d Core/Src/adc.o
 .debug_macro   0x00000000000025b0      0x11f Core/Src/adc.o
 .debug_macro   0x00000000000026cf    0x14251 Core/Src/adc.o
 .debug_macro   0x0000000000016920       0x43 Core/Src/adc.o
 .debug_macro   0x0000000000016963     0x3659 Core/Src/adc.o
 .debug_macro   0x0000000000019fbc      0x174 Core/Src/adc.o
 .debug_macro   0x000000000001a130       0x5a Core/Src/adc.o
 .debug_macro   0x000000000001a18a      0x8a7 Core/Src/adc.o
 .debug_macro   0x000000000001aa31      0x9fe Core/Src/adc.o
 .debug_macro   0x000000000001b42f      0x117 Core/Src/adc.o
 .debug_macro   0x000000000001b546      0x130 Core/Src/adc.o
 .debug_macro   0x000000000001b676       0x27 Core/Src/adc.o
 .debug_macro   0x000000000001b69d      0x174 Core/Src/adc.o
 .debug_macro   0x000000000001b811      0x287 Core/Src/adc.o
 .debug_macro   0x000000000001ba98       0x5f Core/Src/adc.o
 .debug_macro   0x000000000001baf7      0x236 Core/Src/adc.o
 .debug_macro   0x000000000001bd2d      0x391 Core/Src/adc.o
 .debug_macro   0x000000000001c0be      0x176 Core/Src/adc.o
 .debug_macro   0x000000000001c234       0xf9 Core/Src/adc.o
 .debug_macro   0x000000000001c32d      0x12c Core/Src/adc.o
 .debug_macro   0x000000000001c459      0x21e Core/Src/adc.o
 .debug_macro   0x000000000001c677       0x2e Core/Src/adc.o
 .debug_macro   0x000000000001c6a5      0x1a7 Core/Src/adc.o
 .debug_macro   0x000000000001c84c       0x46 Core/Src/adc.o
 .debug_macro   0x000000000001c892       0x4a Core/Src/adc.o
 .debug_macro   0x000000000001c8dc      0x11a Core/Src/adc.o
 .debug_macro   0x000000000001c9f6       0x7e Core/Src/adc.o
 .debug_macro   0x000000000001ca74       0x89 Core/Src/adc.o
 .debug_macro   0x000000000001cafd      0x12d Core/Src/adc.o
 .debug_macro   0x000000000001cc2a       0x49 Core/Src/adc.o
 .debug_macro   0x000000000001cc73       0x32 Core/Src/adc.o
 .debug_macro   0x000000000001cca5       0x18 Core/Src/adc.o
 .debug_macro   0x000000000001ccbd       0x46 Core/Src/adc.o
 .debug_macro   0x000000000001cd03       0x3c Core/Src/adc.o
 .debug_macro   0x000000000001cd3f       0x34 Core/Src/adc.o
 .debug_macro   0x000000000001cd73       0x16 Core/Src/adc.o
 .debug_macro   0x000000000001cd89       0x35 Core/Src/adc.o
 .debug_macro   0x000000000001cdbe       0x52 Core/Src/adc.o
 .debug_macro   0x000000000001ce10       0x1f Core/Src/adc.o
 .debug_macro   0x000000000001ce2f       0x43 Core/Src/adc.o
 .debug_macro   0x000000000001ce72       0x20 Core/Src/adc.o
 .debug_macro   0x000000000001ce92      0x1a3 Core/Src/adc.o
 .debug_macro   0x000000000001d035      0x32a Core/Src/adc.o
 .debug_macro   0x000000000001d35f       0x16 Core/Src/adc.o
 .debug_macro   0x000000000001d375       0x29 Core/Src/adc.o
 .debug_macro   0x000000000001d39e       0x58 Core/Src/adc.o
 .debug_macro   0x000000000001d3f6      0x138 Core/Src/adc.o
 .debug_macro   0x000000000001d52e       0xac Core/Src/adc.o
 .debug_macro   0x000000000001d5da      0x2e2 Core/Src/dma.o
 .debug_macro   0x000000000001d8bc      0x2e2 Core/Src/gpio.o
 .debug_macro   0x000000000001db9e      0x2e2 Core/Src/i2s.o
 .debug_macro   0x000000000001de80      0x3df Core/Src/main.o
 .debug_macro   0x000000000001e25f      0x1e1 Core/Src/main.o
 .debug_macro   0x000000000001e440       0x1c Core/Src/main.o
 .debug_macro   0x000000000001e45c       0x10 Core/Src/main.o
 .debug_macro   0x000000000001e46c       0x1c Core/Src/main.o
 .debug_macro   0x000000000001e488       0x52 Core/Src/main.o
 .debug_macro   0x000000000001e4da       0x40 Core/Src/main.o
 .debug_macro   0x000000000001e51a       0x10 Core/Src/main.o
 .debug_macro   0x000000000001e52a       0x40 Core/Src/main.o
 .debug_macro   0x000000000001e56a       0xd7 Core/Src/main.o
 .debug_macro   0x000000000001e641       0x1c Core/Src/main.o
 .debug_macro   0x000000000001e65d       0x3d Core/Src/main.o
 .debug_macro   0x000000000001e69a       0x16 Core/Src/main.o
 .debug_macro   0x000000000001e6b0      0x145 Core/Src/main.o
 .debug_macro   0x000000000001e7f5      0x2d8 Core/Src/stm32f4xx_hal_msp.o
 .debug_macro   0x000000000001eacd      0x2e2 Core/Src/stm32f4xx_it.o
 .debug_macro   0x000000000001edaf      0x243 Core/Src/syscalls.o
 .debug_macro   0x000000000001eff2       0x40 Core/Src/syscalls.o
 .debug_macro   0x000000000001f032       0x94 Core/Src/syscalls.o
 .debug_macro   0x000000000001f0c6       0x57 Core/Src/syscalls.o
 .debug_macro   0x000000000001f11d      0x330 Core/Src/syscalls.o
 .debug_macro   0x000000000001f44d       0x10 Core/Src/syscalls.o
 .debug_macro   0x000000000001f45d       0x10 Core/Src/syscalls.o
 .debug_macro   0x000000000001f46d       0x10 Core/Src/syscalls.o
 .debug_macro   0x000000000001f47d       0x35 Core/Src/syscalls.o
 .debug_macro   0x000000000001f4b2      0x122 Core/Src/syscalls.o
 .debug_macro   0x000000000001f5d4       0x10 Core/Src/syscalls.o
 .debug_macro   0x000000000001f5e4      0x241 Core/Src/syscalls.o
 .debug_macro   0x000000000001f825       0x10 Core/Src/syscalls.o
 .debug_macro   0x000000000001f835       0x10 Core/Src/syscalls.o
 .debug_macro   0x000000000001f845      0x189 Core/Src/syscalls.o
 .debug_macro   0x000000000001f9ce       0x16 Core/Src/syscalls.o
 .debug_macro   0x000000000001f9e4       0x88 Core/Src/syscalls.o
 .debug_macro   0x000000000001fa6c       0xee Core/Src/sysmem.o
 .debug_macro   0x000000000001fb5a      0x23b Core/Src/sysmem.o
 .debug_macro   0x000000000001fd95      0x1e8 Core/Src/system_stm32f4xx.o
 .debug_macro   0x000000000001ff7d      0x242 Drivers/STM32F4xx_HAL_Driver/Src/stm32f4xx_hal.o
 .debug_macro   0x00000000000201bf      0x1e3 Drivers/STM32F4xx_HAL_Driver/Src/stm32f4xx_hal_adc.o
 .debug_macro   0x00000000000203a2      0x1e2 Drivers/STM32F4xx_HAL_Driver/Src/stm32f4xx_hal_cortex.o
 .debug_macro   0x0000000000020584      0x1e8 Drivers/STM32F4xx_HAL_Driver/Src/stm32f4xx_hal_dma.o
 .debug_macro   0x000000000002076c      0x218 Drivers/STM32F4xx_HAL_Driver/Src/stm32f4xx_hal_gpio.o
 .debug_macro   0x0000000000020984      0x1ea Drivers/STM32F4xx_HAL_Driver/Src/stm32f4xx_hal_i2s.o
 .debug_macro   0x0000000000020b6e      0x1e2 Drivers/STM32F4xx_HAL_Driver/Src/stm32f4xx_hal_i2s_ex.o
 .debug_macro   0x0000000000020d50      0x206 Drivers/STM32F4xx_HAL_Driver/Src/stm32f4xx_hal_rcc.o
 .debug_macro   0x0000000000020f56      0x1e2 Drivers/STM32F4xx_HAL_Driver/Src/stm32f4xx_hal_rcc_ex.o
 .debug_macro   0x0000000000021138      0x1af /home/chris/Projects/Embedded/CirrusDspPedal_SW/SeggerRTTLib/Debug/libSeggerRTTLib.a(SEGGER_RTT.o)
 .debug_macro   0x00000000000212e7      0x10e /home/chris/Projects/Embedded/CirrusDspPedal_SW/SeggerRTTLib/Debug/libSeggerRTTLib.a(SEGGER_RTT.o)
 .debug_macro   0x00000000000213f5       0x8d /home/chris/Projects/Embedded/CirrusDspPedal_SW/SeggerRTTLib/Debug/libSeggerRTTLib.a(SEGGER_RTT.o)
 .debug_macro   0x0000000000021482       0x16 /home/chris/Projects/Embedded/CirrusDspPedal_SW/SeggerRTTLib/Debug/libSeggerRTTLib.a(SEGGER_RTT.o)
 .debug_macro   0x0000000000021498       0x20 /home/chris/Projects/Embedded/CirrusDspPedal_SW/SeggerRTTLib/Debug/libSeggerRTTLib.a(SEGGER_RTT.o)

.debug_line     0x0000000000000000     0xbfbc
 .debug_line    0x0000000000000000      0x916 Core/Src/adc.o
 .debug_line    0x0000000000000916      0x8da Core/Src/dma.o
 .debug_line    0x00000000000011f0      0x8f1 Core/Src/gpio.o
 .debug_line    0x0000000000001ae1      0x93a Core/Src/i2s.o
 .debug_line    0x000000000000241b      0xaeb Core/Src/main.o
 .debug_line    0x0000000000002f06      0x8dd Core/Src/stm32f4xx_hal_msp.o
 .debug_line    0x00000000000037e3      0x9a5 Core/Src/stm32f4xx_it.o
 .debug_line    0x0000000000004188      0x765 Core/Src/syscalls.o
 .debug_line    0x00000000000048ed      0x512 Core/Src/sysmem.o
 .debug_line    0x0000000000004dff      0x731 Core/Src/system_stm32f4xx.o
 .debug_line    0x0000000000005530       0x85 Core/Startup/startup_stm32f405rgtx.o
 .debug_line    0x00000000000055b5      0x91b Drivers/STM32F4xx_HAL_Driver/Src/stm32f4xx_hal.o
 .debug_line    0x0000000000005ed0      0xb80 Drivers/STM32F4xx_HAL_Driver/Src/stm32f4xx_hal_adc.o
 .debug_line    0x0000000000006a50      0xa3f Drivers/STM32F4xx_HAL_Driver/Src/stm32f4xx_hal_cortex.o
 .debug_line    0x000000000000748f      0x9e9 Drivers/STM32F4xx_HAL_Driver/Src/stm32f4xx_hal_dma.o
 .debug_line    0x0000000000007e78      0x8fa Drivers/STM32F4xx_HAL_Driver/Src/stm32f4xx_hal_gpio.o
 .debug_line    0x0000000000008772      0xdb7 Drivers/STM32F4xx_HAL_Driver/Src/stm32f4xx_hal_i2s.o
 .debug_line    0x0000000000009529      0xee6 Drivers/STM32F4xx_HAL_Driver/Src/stm32f4xx_hal_i2s_ex.o
 .debug_line    0x000000000000a40f      0x973 Drivers/STM32F4xx_HAL_Driver/Src/stm32f4xx_hal_rcc.o
 .debug_line    0x000000000000ad82      0x83c Drivers/STM32F4xx_HAL_Driver/Src/stm32f4xx_hal_rcc_ex.o
 .debug_line    0x000000000000b5be      0x9fe /home/chris/Projects/Embedded/CirrusDspPedal_SW/SeggerRTTLib/Debug/libSeggerRTTLib.a(SEGGER_RTT.o)

.debug_str      0x0000000000000000    0xbec21
 .debug_str     0x0000000000000000    0xb93ec Core/Src/adc.o
                                      0xb97a9 (size before relaxing)
 .debug_str     0x00000000000b93ec      0x4d7 Core/Src/dma.o
                                      0xb9797 (size before relaxing)
 .debug_str     0x00000000000b98c3       0x46 Core/Src/gpio.o
                                      0xb936a (size before relaxing)
 .debug_str     0x00000000000b9909      0x22a Core/Src/i2s.o
                                      0xb97d5 (size before relaxing)
 .debug_str     0x00000000000b9b33     0x1d2c Core/Src/main.o
                                      0xbb651 (size before relaxing)
 .debug_str     0x00000000000bb85f       0x2c Core/Src/stm32f4xx_hal_msp.o
                                      0xb92cf (size before relaxing)
 .debug_str     0x00000000000bb88b       0xed Core/Src/stm32f4xx_it.o
                                      0xb94f7 (size before relaxing)
 .debug_str     0x00000000000bb978     0x110c Core/Src/syscalls.o
                                       0x889d (size before relaxing)
 .debug_str     0x00000000000bca84       0x6b Core/Src/sysmem.o
                                       0x5f6b (size before relaxing)
 .debug_str     0x00000000000bcaef       0xc4 Core/Src/system_stm32f4xx.o
                                      0xb534d (size before relaxing)
 .debug_str     0x00000000000bcbb3       0x36 Core/Startup/startup_stm32f405rgtx.o
                                         0x78 (size before relaxing)
 .debug_str     0x00000000000bcbe9      0x588 Drivers/STM32F4xx_HAL_Driver/Src/stm32f4xx_hal.o
                                      0xb5df9 (size before relaxing)
 .debug_str     0x00000000000bd171      0x2a7 Drivers/STM32F4xx_HAL_Driver/Src/stm32f4xx_hal_adc.o
                                      0xb58e4 (size before relaxing)
 .debug_str     0x00000000000bd418      0x392 Drivers/STM32F4xx_HAL_Driver/Src/stm32f4xx_hal_cortex.o
                                      0xb5be8 (size before relaxing)
 .debug_str     0x00000000000bd7aa      0x31d Drivers/STM32F4xx_HAL_Driver/Src/stm32f4xx_hal_dma.o
                                      0xb5762 (size before relaxing)
 .debug_str     0x00000000000bdac7      0x20c Drivers/STM32F4xx_HAL_Driver/Src/stm32f4xx_hal_gpio.o
                                      0xb558c (size before relaxing)
 .debug_str     0x00000000000bdcd3      0x28c Drivers/STM32F4xx_HAL_Driver/Src/stm32f4xx_hal_i2s.o
                                      0xb5901 (size before relaxing)
 .debug_str     0x00000000000bdf5f      0x1bd Drivers/STM32F4xx_HAL_Driver/Src/stm32f4xx_hal_i2s_ex.o
                                      0xb583f (size before relaxing)
 .debug_str     0x00000000000be11c      0x24e Drivers/STM32F4xx_HAL_Driver/Src/stm32f4xx_hal_rcc.o
                                      0xb573a (size before relaxing)
 .debug_str     0x00000000000be36a      0x113 Drivers/STM32F4xx_HAL_Driver/Src/stm32f4xx_hal_rcc_ex.o
                                      0xb5482 (size before relaxing)
 .debug_str     0x00000000000be47d      0x7a4 /home/chris/Projects/Embedded/CirrusDspPedal_SW/SeggerRTTLib/Debug/libSeggerRTTLib.a(SEGGER_RTT.o)
                                       0x78b4 (size before relaxing)

.comment        0x0000000000000000       0x7b
 .comment       0x0000000000000000       0x7b Core/Src/adc.o
                                         0x7c (size before relaxing)
 .comment       0x000000000000007b       0x7c Core/Src/dma.o
 .comment       0x000000000000007b       0x7c Core/Src/gpio.o
 .comment       0x000000000000007b       0x7c Core/Src/i2s.o
 .comment       0x000000000000007b       0x7c Core/Src/main.o
 .comment       0x000000000000007b       0x7c Core/Src/stm32f4xx_hal_msp.o
 .comment       0x000000000000007b       0x7c Core/Src/stm32f4xx_it.o
 .comment       0x000000000000007b       0x7c Core/Src/syscalls.o
 .comment       0x000000000000007b       0x7c Core/Src/sysmem.o
 .comment       0x000000000000007b       0x7c Core/Src/system_stm32f4xx.o
 .comment       0x000000000000007b       0x7c Drivers/STM32F4xx_HAL_Driver/Src/stm32f4xx_hal.o