11:17:56 **** Build of configuration Debug for project PrintfLib ****
make -j4 all 
arm-none-eabi-gcc "../printf/printf.c" -mcpu=cortex-m4 -std=gnu11 -g3 -DSTM32F405xx -DUSE_HAL_DRIVER -DDEBUG -c -I../Drivers/CMSIS/Device/ST/STM32F4xx/Include -I../Drivers/CMSIS/Include -I../Inc -I../Drivers/STM32F4xx_HAL_Driver/Inc -I../Drivers/STM32F4xx_HAL_Driver/Inc/Legacy -I"/home/chris/Projects/Embedded/CirrusDspPedal_SW/PrintfLib/printf" -O0 -ffunction-sections -fdata-sections -Wall -fstack-usage -MMD -MP -MF"printf/printf.d" -MT"printf/printf.o" --specs=nano.specs -mfpu=fpv4-sp-d16 -mfloat-abi=hard -mthumb -o "printf/printf.o"
arm-none-eabi-gcc "../Src/syscalls.c" -mcpu=cortex-m4 -std=gnu11 -g3 -DSTM32F405xx -DUSE_HAL_DRIVER -DDEBUG -c -I../Drivers/CMSIS/Device/ST/STM32F4xx/Include -I../Drivers/CMSIS/Include -I../Inc -I../Drivers/STM32F4xx_HAL_Driver/Inc -I../Drivers/STM32F4xx_HAL_Driver/Inc/Legacy -I"/home/chris/Projects/Embedded/CirrusDspPedal_SW/PrintfLib/printf" -O0 -ffunction-sections -fdata-sections -Wall -fstack-usage -MMD -MP -MF"Src/syscalls.d" -MT"Src/syscalls.o" --specs=nano.specs -mfpu=fpv4-sp-d16 -mfloat-abi=hard -mthumb -o "Src/syscalls.o"
arm-none-eabi-gcc "../Src/sysmem.c" -mcpu=cortex-m4 -std=gnu11 -g3 -DSTM32F405xx -DUSE_HAL_DRIVER -DDEBUG -c -I../Drivers/CMSIS/Device/ST/STM32F4xx/Include -I../Drivers/CMSIS/Include -I../Inc -I../Drivers/STM32F4xx_HAL_Driver/Inc -I../Drivers/STM32F4xx_HAL_Driver/Inc/Legacy -I"/home/chris/Projects/Embedded/CirrusDspPedal_SW/PrintfLib/printf" -O0 -ffunction-sections -fdata-sections -Wall -fstack-usage -MMD -MP -MF"Src/sysmem.d" -MT"Src/sysmem.o" --specs=nano.specs -mfpu=fpv4-sp-d16 -mfloat-abi=hard -mthumb -o "Src/sysmem.o"
arm-none-eabi-gcc "../Drivers/CMSIS/Device/ST/STM32F4xx/Source/Templates/system_stm32f4xx.c" -mcpu=cortex-m4 -std=gnu11 -g3 -DSTM32F405xx -DUSE_HAL_DRIVER -DDEBUG -c -I../Drivers/CMSIS/Device/ST/STM32F4xx/Include -I../Drivers/CMSIS/Include -I../Inc -I../Drivers/STM32F4xx_HAL_Driver/Inc -I../Drivers/STM32F4xx_HAL_Driver/Inc/Legacy -I"/home/chris/Projects/Embedded/CirrusDspPedal_SW/PrintfLib/printf" -O0 -ffunction-sections -fdata-sections -Wall -fstack-usage -MMD -MP -MF"Drivers/CMSIS/Device/ST/STM32F4xx/Source/Templates/system_stm32f4xx.d" -MT"Drivers/CMSIS/Device/ST/STM32F4xx/Source/Templates/system_stm32f4xx.o" --specs=nano.specs -mfpu=fpv4-sp-d16 -mfloat-abi=hard -mthumb -o "Drivers/CMSIS/Device/ST/STM32F4xx/Source/Templates/system_stm32f4xx.o"
arm-none-eabi-ar -r  "libPrintfLib.a" @"objects.list"  
arm-none-eabi-ar: creating libPrintfLib.a
Finished building target: libPrintfLib.a
 
11:17:56 **** Incremental Build of configuration Debug for project PrintfLib ****
make -j4 all 
make: Nothing to be done for 'all'.
11:17:57 **** Build of configuration Debug for project F405_LQFP64 ****
make -j4 all 
arm-none-eabi-gcc "../Drivers/STM32F4xx_HAL_Driver/Src/stm32f4xx_hal.c" -mcpu=cortex-m4 -std=gnu11 -g3 -DSTM32F405xx -DUSE_HAL_DRIVER -DDEBUG -c -I"/home/chris/Projects/Embedded/CirrusDspPedal_SW/PrintfLib" -I../Core/Inc -I../Drivers/STM32F4xx_HAL_Driver/Inc -I../Drivers/STM32F4xx_HAL_Driver/Inc/Legacy -I../Drivers/CMSIS/Device/ST/STM32F4xx/Include -I../Drivers/CMSIS/Include -I"/home/chris/Projects/Embedded/CirrusDspPedal_SW/PrintfLib/Inc" -O0 -ffunction-sections -fdata-sections -Wall -fstack-usage -MMD -MP -MF"Drivers/STM32F4xx_HAL_Driver/Src/stm32f4xx_hal.d" -MT"Drivers/STM32F4xx_HAL_Driver/Src/stm32f4xx_hal.o" --specs=nano.specs -mfpu=fpv4-sp-d16 -mfloat-abi=hard -mthumb -o "Drivers/STM32F4xx_HAL_Driver/Src/stm32f4xx_hal.o"
arm-none-eabi-gcc "../Drivers/STM32F4xx_HAL_Driver/Src/stm32f4xx_hal_adc.c" -mcpu=cortex-m4 -std=gnu11 -g3 -DSTM32F405xx -DUSE_HAL_DRIVER -DDEBUG -c -I"/home/chris/Projects/Embedded/CirrusDspPedal_SW/PrintfLib" -I../Core/Inc -I../Drivers/STM32F4xx_HAL_Driver/Inc -I../Drivers/STM32F4xx_HAL_Driver/Inc/Legacy -I../Drivers/CMSIS/Device/ST/STM32F4xx/Include -I../Drivers/CMSIS/Include -I"/home/chris/Projects/Embedded/CirrusDspPedal_SW/PrintfLib/Inc" -O0 -ffunction-sections -fdata-sections -Wall -fstack-usage -MMD -MP -MF"Drivers/STM32F4xx_HAL_Driver/Src/stm32f4xx_hal_adc.d" -MT"Drivers/STM32F4xx_HAL_Driver/Src/stm32f4xx_hal_adc.o" --specs=nano.specs -mfpu=fpv4-sp-d16 -mfloat-abi=hard -mthumb -o "Drivers/STM32F4xx_HAL_Driver/Src/stm32f4xx_hal_adc.o"
arm-none-eabi-gcc "../Drivers/STM32F4xx_HAL_Driver/Src/stm32f4xx_hal_adc_ex.c" -mcpu=cortex-m4 -std=gnu11 -g3 -DSTM32F405xx -DUSE_HAL_DRIVER -DDEBUG -c -I"/home/chris/Projects/Embedded/CirrusDspPedal_SW/PrintfLib" -I../Core/Inc -I../Drivers/STM32F4xx_HAL_Driver/Inc -I../Drivers/STM32F4xx_HAL_Driver/Inc/Legacy -I../Drivers/CMSIS/Device/ST/STM32F4xx/Include -I../Drivers/CMSIS/Include -I"/home/chris/Projects/Embedded/CirrusDspPedal_SW/PrintfLib/Inc" -O0 -ffunction-sections -fdata-sections -Wall -fstack-usage -MMD -MP -MF"Drivers/STM32F4xx_HAL_Driver/Src/stm32f4xx_hal_adc_ex.d" -MT"Drivers/STM32F4xx_HAL_Driver/Src/stm32f4xx_hal_adc_ex.o" --specs=nano.specs -mfpu=fpv4-sp-d16 -mfloat-abi=hard -mthumb -o "Drivers/STM32F4xx_HAL_Driver/Src/stm32f4xx_hal_adc_ex.o"
arm-none-eabi-gcc "../Drivers/STM32F4xx_HAL_Driver/Src/stm32f4xx_hal_cortex.c" -mcpu=cortex-m4 -std=gnu11 -g3 -DSTM32F405xx -DUSE_HAL_DRIVER -DDEBUG -c -I"/home/chris/Projects/Embedded/CirrusDspPedal_SW/PrintfLib" -I../Core/Inc -I../Drivers/STM32F4xx_HAL_Driver/Inc -I../Drivers/STM32F4xx_HAL_Driver/Inc/Legacy -I../Drivers/CMSIS/Device/ST/STM32F4xx/Include -I../Drivers/CMSIS/Include -I"/home/chris/Projects/Embedded/CirrusDspPedal_SW/PrintfLib/Inc" -O0 -ffunction-sections -fdata-sections -Wall -fstack-usage -MMD -MP -MF"Drivers/STM32F4xx_HAL_Driver/Src/stm32f4xx_hal_cortex.d" -MT"Drivers/STM32F4xx_HAL_Driver/Src/stm32f4xx_hal_cortex.o" --specs=nano.specs -mfpu=fpv4-sp-d16 -mfloat-abi=hard -mthumb -o "Drivers/STM32F4xx_HAL_Driver/Src/stm32f4xx_hal_cortex.o"
arm-none-eabi-gcc "../Drivers/STM32F4xx_HAL_Driver/Src/stm32f4xx_hal_dma.c" -mcpu=cortex-m4 -std=gnu11 -g3 -DSTM32F405xx -DUSE_HAL_DRIVER -DDEBUG -c -I"/home/chris/Projects/Embedded/CirrusDspPedal_SW/PrintfLib" -I../Core/Inc -I../Drivers/STM32F4xx_HAL_Driver/Inc -I../Drivers/STM32F4xx_HAL_Driver/Inc/Legacy -I../Drivers/CMSIS/Device/ST/STM32F4xx/Include -I../Drivers/CMSIS/Include -I"/home/chris/Projects/Embedded/CirrusDspPedal_SW/PrintfLib/Inc" -O0 -ffunction-sections -fdata-sections -Wall -fstack-usage -MMD -MP -MF"Drivers/STM32F4xx_HAL_Driver/Src/stm32f4xx_hal_dma.d" -MT"Drivers/STM32F4xx_HAL_Driver/Src/stm32f4xx_hal_dma.o" --specs=nano.specs -mfpu=fpv4-sp-d16 -mfloat-abi=hard -mthumb -o "Drivers/STM32F4xx_HAL_Driver/Src/stm32f4xx_hal_dma.o"
arm-none-eabi-gcc "../Drivers/STM32F4xx_HAL_Driver/Src/stm32f4xx_hal_dma_ex.c" -mcpu=cortex-m4 -std=gnu11 -g3 -DSTM32F405xx -DUSE_HAL_DRIVER -DDEBUG -c -I"/home/chris/Projects/Embedded/CirrusDspPedal_SW/PrintfLib" -I../Core/Inc -I../Drivers/STM32F4xx_HAL_Driver/Inc -I../Drivers/STM32F4xx_HAL_Driver/Inc/Legacy -I../Drivers/CMSIS/Device/ST/STM32F4xx/Include -I../Drivers/CMSIS/Include -I"/home/chris/Projects/Embedded/CirrusDspPedal_SW/PrintfLib/Inc" -O0 -ffunction-sections -fdata-sections -Wall -fstack-usage -MMD -MP -MF"Drivers/STM32F4xx_HAL_Driver/Src/stm32f4xx_hal_dma_ex.d" -MT"Drivers/STM32F4xx_HAL_Driver/Src/stm32f4xx_hal_dma_ex.o" --specs=nano.specs -mfpu=fpv4-sp-d16 -mfloat-abi=hard -mthumb -o "Drivers/STM32F4xx_HAL_Driver/Src/stm32f4xx_hal_dma_ex.o"
arm-none-eabi-gcc "../Drivers/STM32F4xx_HAL_Driver/Src/stm32f4xx_hal_exti.c" -mcpu=cortex-m4 -std=gnu11 -g3 -DSTM32F405xx -DUSE_HAL_DRIVER -DDEBUG -c -I"/home/chris/Projects/Embedded/CirrusDspPedal_SW/PrintfLib" -I../Core/Inc -I../Drivers/STM32F4xx_HAL_Driver/Inc -I../Drivers/STM32F4xx_HAL_Driver/Inc/Legacy -I../Drivers/CMSIS/Device/ST/STM32F4xx/Include -I../Drivers/CMSIS/Include -I"/home/chris/Projects/Embedded/CirrusDspPedal_SW/PrintfLib/Inc" -O0 -ffunction-sections -fdata-sections -Wall -fstack-usage -MMD -MP -MF"Drivers/STM32F4xx_HAL_Driver/Src/stm32f4xx_hal_exti.d" -MT"Drivers/STM32F4xx_HAL_Driver/Src/stm32f4xx_hal_exti.o" --specs=nano.specs -mfpu=fpv4-sp-d16 -mfloat-abi=hard -mthumb -o "Drivers/STM32F4xx_HAL_Driver/Src/stm32f4xx_hal_exti.o"
arm-none-eabi-gcc "../Drivers/STM32F4xx_HAL_Driver/Src/stm32f4xx_hal_flash.c" -mcpu=cortex-m4 -std=gnu11 -g3 -DSTM32F405xx -DUSE_HAL_DRIVER -DDEBUG -c -I"/home/chris/Projects/Embedded/CirrusDspPedal_SW/PrintfLib" -I../Core/Inc -I../Drivers/STM32F4xx_HAL_Driver/Inc -I../Drivers/STM32F4xx_HAL_Driver/Inc/Legacy -I../Drivers/CMSIS/Device/ST/STM32F4xx/Include -I../Drivers/CMSIS/Include -I"/home/chris/Projects/Embedded/CirrusDspPedal_SW/PrintfLib/Inc" -O0 -ffunction-sections -fdata-sections -Wall -fstack-usage -MMD -MP -MF"Drivers/STM32F4xx_HAL_Driver/Src/stm32f4xx_hal_flash.d" -MT"Drivers/STM32F4xx_HAL_Driver/Src/stm32f4xx_hal_flash.o" --specs=nano.specs -mfpu=fpv4-sp-d16 -mfloat-abi=hard -mthumb -o "Drivers/STM32F4xx_HAL_Driver/Src/stm32f4xx_hal_flash.o"
arm-none-eabi-gcc "../Drivers/STM32F4xx_HAL_Driver/Src/stm32f4xx_hal_flash_ex.c" -mcpu=cortex-m4 -std=gnu11 -g3 -DSTM32F405xx -DUSE_HAL_DRIVER -DDEBUG -c -I"/home/chris/Projects/Embedded/CirrusDspPedal_SW/PrintfLib" -I../Core/Inc -I../Drivers/STM32F4xx_HAL_Driver/Inc -I../Drivers/STM32F4xx_HAL_Driver/Inc/Legacy -I../Drivers/CMSIS/Device/ST/STM32F4xx/Include -I../Drivers/CMSIS/Include -I"/home/chris/Projects/Embedded/CirrusDspPedal_SW/PrintfLib/Inc" -O0 -ffunction-sections -fdata-sections -Wall -fstack-usage -MMD -MP -MF"Drivers/STM32F4xx_HAL_Driver/Src/stm32f4xx_hal_flash_ex.d" -MT"Drivers/STM32F4xx_HAL_Driver/Src/stm32f4xx_hal_flash_ex.o" --specs=nano.specs -mfpu=fpv4-sp-d16 -mfloat-abi=hard -mthumb -o "Drivers/STM32F4xx_HAL_Driver/Src/stm32f4xx_hal_flash_ex.o"
arm-none-eabi-gcc "../Drivers/STM32F4xx_HAL_Driver/Src/stm32f4xx_hal_flash_ramfunc.c" -mcpu=cortex-m4 -std=gnu11 -g3 -DSTM32F405xx -DUSE_HAL_DRIVER -DDEBUG -c -I"/home/chris/Projects/Embedded/CirrusDspPedal_SW/PrintfLib" -I../Core/Inc -I../Drivers/STM32F4xx_HAL_Driver/Inc -I../Drivers/STM32F4xx_HAL_Driver/Inc/Legacy -I../Drivers/CMSIS/Device/ST/STM32F4xx/Include -I../Drivers/CMSIS/Include -I"/home/chris/Projects/Embedded/CirrusDspPedal_SW/PrintfLib/Inc" -O0 -ffunction-sections -fdata-sections -Wall -fstack-usage -MMD -MP -MF"Drivers/STM32F4xx_HAL_Driver/Src/stm32f4xx_hal_flash_ramfunc.d" -MT"Drivers/STM32F4xx_HAL_Driver/Src/stm32f4xx_hal_flash_ramfunc.o" --specs=nano.specs -mfpu=fpv4-sp-d16 -mfloat-abi=hard -mthumb -o "Drivers/STM32F4xx_HAL_Driver/Src/stm32f4xx_hal_flash_ramfunc.o"
arm-none-eabi-gcc "../Drivers/STM32F4xx_HAL_Driver/Src/stm32f4xx_hal_gpio.c" -mcpu=cortex-m4 -std=gnu11 -g3 -DSTM32F405xx -DUSE_HAL_DRIVER -DDEBUG -c -I"/home/chris/Projects/Embedded/CirrusDspPedal_SW/PrintfLib" -I../Core/Inc -I../Drivers/STM32F4xx_HAL_Driver/Inc -I../Drivers/STM32F4xx_HAL_Driver/Inc/Legacy -I../Drivers/CMSIS/Device/ST/STM32F4xx/Include -I../Drivers/CMSIS/Include -I"/home/chris/Projects/Embedded/CirrusDspPedal_SW/PrintfLib/Inc" -O0 -ffunction-sections -fdata-sections -Wall -fstack-usage -MMD -MP -MF"Drivers/STM32F4xx_HAL_Driver/Src/stm32f4xx_hal_gpio.d" -MT"Drivers/STM32F4xx_HAL_Driver/Src/stm32f4xx_hal_gpio.o" --specs=nano.specs -mfpu=fpv4-sp-d16 -mfloat-abi=hard -mthumb -o "Drivers/STM32F4xx_HAL_Driver/Src/stm32f4xx_hal_gpio.o"
arm-none-eabi-gcc "../Drivers/STM32F4xx_HAL_Driver/Src/stm32f4xx_hal_i2s.c" -mcpu=cortex-m4 -std=gnu11 -g3 -DSTM32F405xx -DUSE_HAL_DRIVER -DDEBUG -c -I"/home/chris/Projects/Embedded/CirrusDspPedal_SW/PrintfLib" -I../Core/Inc -I../Drivers/STM32F4xx_HAL_Driver/Inc -I../Drivers/STM32F4xx_HAL_Driver/Inc/Legacy -I../Drivers/CMSIS/Device/ST/STM32F4xx/Include -I../Drivers/CMSIS/Include -I"/home/chris/Projects/Embedded/CirrusDspPedal_SW/PrintfLib/Inc" -O0 -ffunction-sections -fdata-sections -Wall -fstack-usage -MMD -MP -MF"Drivers/STM32F4xx_HAL_Driver/Src/stm32f4xx_hal_i2s.d" -MT"Drivers/STM32F4xx_HAL_Driver/Src/stm32f4xx_hal_i2s.o" --specs=nano.specs -mfpu=fpv4-sp-d16 -mfloat-abi=hard -mthumb -o "Drivers/STM32F4xx_HAL_Driver/Src/stm32f4xx_hal_i2s.o"
arm-none-eabi-gcc "../Drivers/STM32F4xx_HAL_Driver/Src/stm32f4xx_hal_i2s_ex.c" -mcpu=cortex-m4 -std=gnu11 -g3 -DSTM32F405xx -DUSE_HAL_DRIVER -DDEBUG -c -I"/home/chris/Projects/Embedded/CirrusDspPedal_SW/PrintfLib" -I../Core/Inc -I../Drivers/STM32F4xx_HAL_Driver/Inc -I../Drivers/STM32F4xx_HAL_Driver/Inc/Legacy -I../Drivers/CMSIS/Device/ST/STM32F4xx/Include -I../Drivers/CMSIS/Include -I"/home/chris/Projects/Embedded/CirrusDspPedal_SW/PrintfLib/Inc" -O0 -ffunction-sections -fdata-sections -Wall -fstack-usage -MMD -MP -MF"Drivers/STM32F4xx_HAL_Driver/Src/stm32f4xx_hal_i2s_ex.d" -MT"Drivers/STM32F4xx_HAL_Driver/Src/stm32f4xx_hal_i2s_ex.o" --specs=nano.specs -mfpu=fpv4-sp-d16 -mfloat-abi=hard -mthumb -o "Drivers/STM32F4xx_HAL_Driver/Src/stm32f4xx_hal_i2s_ex.o"
arm-none-eabi-gcc "../Drivers/STM32F4xx_HAL_Driver/Src/stm32f4xx_hal_pwr.c" -mcpu=cortex-m4 -std=gnu11 -g3 -DSTM32F405xx -DUSE_HAL_DRIVER -DDEBUG -c -I"/home/chris/Projects/Embedded/CirrusDspPedal_SW/PrintfLib" -I../Core/Inc -I../Drivers/STM32F4xx_HAL_Driver/Inc -I../Drivers/STM32F4xx_HAL_Driver/Inc/Legacy -I../Drivers/CMSIS/Device/ST/STM32F4xx/Include -I../Drivers/CMSIS/Include -I"/home/chris/Projects/Embedded/CirrusDspPedal_SW/PrintfLib/Inc" -O0 -ffunction-sections -fdata-sections -Wall -fstack-usage -MMD -MP -MF"Drivers/STM32F4xx_HAL_Driver/Src/stm32f4xx_hal_pwr.d" -MT"Drivers/STM32F4xx_HAL_Driver/Src/stm32f4xx_hal_pwr.o" --specs=nano.specs -mfpu=fpv4-sp-d16 -mfloat-abi=hard -mthumb -o "Drivers/STM32F4xx_HAL_Driver/Src/stm32f4xx_hal_pwr.o"
arm-none-eabi-gcc "../Drivers/STM32F4xx_HAL_Driver/Src/stm32f4xx_hal_pwr_ex.c" -mcpu=cortex-m4 -std=gnu11 -g3 -DSTM32F405xx -DUSE_HAL_DRIVER -DDEBUG -c -I"/home/chris/Projects/Embedded/CirrusDspPedal_SW/PrintfLib" -I../Core/Inc -I../Drivers/STM32F4xx_HAL_Driver/Inc -I../Drivers/STM32F4xx_HAL_Driver/Inc/Legacy -I../Drivers/CMSIS/Device/ST/STM32F4xx/Include -I../Drivers/CMSIS/Include -I"/home/chris/Projects/Embedded/CirrusDspPedal_SW/PrintfLib/Inc" -O0 -ffunction-sections -fdata-sections -Wall -fstack-usage -MMD -MP -MF"Drivers/STM32F4xx_HAL_Driver/Src/stm32f4xx_hal_pwr_ex.d" -MT"Drivers/STM32F4xx_HAL_Driver/Src/stm32f4xx_hal_pwr_ex.o" --specs=nano.specs -mfpu=fpv4-sp-d16 -mfloat-abi=hard -mthumb -o "Drivers/STM32F4xx_HAL_Driver/Src/stm32f4xx_hal_pwr_ex.o"
arm-none-eabi-gcc "../Drivers/STM32F4xx_HAL_Driver/Src/stm32f4xx_hal_rcc.c" -mcpu=cortex-m4 -std=gnu11 -g3 -DSTM32F405xx -DUSE_HAL_DRIVER -DDEBUG -c -I"/home/chris/Projects/Embedded/CirrusDspPedal_SW/PrintfLib" -I../Core/Inc -I../Drivers/STM32F4xx_HAL_Driver/Inc -I../Drivers/STM32F4xx_HAL_Driver/Inc/Legacy -I../Drivers/CMSIS/Device/ST/STM32F4xx/Include -I../Drivers/CMSIS/Include -I"/home/chris/Projects/Embedded/CirrusDspPedal_SW/PrintfLib/Inc" -O0 -ffunction-sections -fdata-sections -Wall -fstack-usage -MMD -MP -MF"Drivers/STM32F4xx_HAL_Driver/Src/stm32f4xx_hal_rcc.d" -MT"Drivers/STM32F4xx_HAL_Driver/Src/stm32f4xx_hal_rcc.o" --specs=nano.specs -mfpu=fpv4-sp-d16 -mfloat-abi=hard -mthumb -o "Drivers/STM32F4xx_HAL_Driver/Src/stm32f4xx_hal_rcc.o"
arm-none-eabi-gcc "../Drivers/STM32F4xx_HAL_Driver/Src/stm32f4xx_hal_rcc_ex.c" -mcpu=cortex-m4 -std=gnu11 -g3 -DSTM32F405xx -DUSE_HAL_DRIVER -DDEBUG -c -I"/home/chris/Projects/Embedded/CirrusDspPedal_SW/PrintfLib" -I../Core/Inc -I../Drivers/STM32F4xx_HAL_Driver/Inc -I../Drivers/STM32F4xx_HAL_Driver/Inc/Legacy -I../Drivers/CMSIS/Device/ST/STM32F4xx/Include -I../Drivers/CMSIS/Include -I"/home/chris/Projects/Embedded/CirrusDspPedal_SW/PrintfLib/Inc" -O0 -ffunction-sections -fdata-sections -Wall -fstack-usage -MMD -MP -MF"Drivers/STM32F4xx_HAL_Driver/Src/stm32f4xx_hal_rcc_ex.d" -MT"Drivers/STM32F4xx_HAL_Driver/Src/stm32f4xx_hal_rcc_ex.o" --specs=nano.specs -mfpu=fpv4-sp-d16 -mfloat-abi=hard -mthumb -o "Drivers/STM32F4xx_HAL_Driver/Src/stm32f4xx_hal_rcc_ex.o"
arm-none-eabi-gcc "../Drivers/STM32F4xx_HAL_Driver/Src/stm32f4xx_hal_tim.c" -mcpu=cortex-m4 -std=gnu11 -g3 -DSTM32F405xx -DUSE_HAL_DRIVER -DDEBUG -c -I"/home/chris/Projects/Embedded/CirrusDspPedal_SW/PrintfLib" -I../Core/Inc -I../Drivers/STM32F4xx_HAL_Driver/Inc -I../Drivers/STM32F4xx_HAL_Driver/Inc/Legacy -I../Drivers/CMSIS/Device/ST/STM32F4xx/Include -I../Drivers/CMSIS/Include -I"/home/chris/Projects/Embedded/CirrusDspPedal_SW/PrintfLib/Inc" -O0 -ffunction-sections -fdata-sections -Wall -fstack-usage -MMD -MP -MF"Drivers/STM32F4xx_HAL_Driver/Src/stm32f4xx_hal_tim.d" -MT"Drivers/STM32F4xx_HAL_Driver/Src/stm32f4xx_hal_tim.o" --specs=nano.specs -mfpu=fpv4-sp-d16 -mfloat-abi=hard -mthumb -o "Drivers/STM32F4xx_HAL_Driver/Src/stm32f4xx_hal_tim.o"
arm-none-eabi-gcc "../Drivers/STM32F4xx_HAL_Driver/Src/stm32f4xx_hal_tim_ex.c" -mcpu=cortex-m4 -std=gnu11 -g3 -DSTM32F405xx -DUSE_HAL_DRIVER -DDEBUG -c -I"/home/chris/Projects/Embedded/CirrusDspPedal_SW/PrintfLib" -I../Core/Inc -I../Drivers/STM32F4xx_HAL_Driver/Inc -I../Drivers/STM32F4xx_HAL_Driver/Inc/Legacy -I../Drivers/CMSIS/Device/ST/STM32F4xx/Include -I../Drivers/CMSIS/Include -I"/home/chris/Projects/Embedded/CirrusDspPedal_SW/PrintfLib/Inc" -O0 -ffunction-sections -fdata-sections -Wall -fstack-usage -MMD -MP -MF"Drivers/STM32F4xx_HAL_Driver/Src/stm32f4xx_hal_tim_ex.d" -MT"Drivers/STM32F4xx_HAL_Driver/Src/stm32f4xx_hal_tim_ex.o" --specs=nano.specs -mfpu=fpv4-sp-d16 -mfloat-abi=hard -mthumb -o "Drivers/STM32F4xx_HAL_Driver/Src/stm32f4xx_hal_tim_ex.o"
arm-none-eabi-gcc -mcpu=cortex-m4 -g3 -c -I"/home/chris/Projects/Embedded/CirrusDspPedal_SW/PrintfLib" -x assembler-with-cpp -MMD -MP -MF"Core/Startup/startup_stm32f405rgtx.d" -MT"Core/Startup/startup_stm32f405rgtx.o" --specs=nano.specs -mfpu=fpv4-sp-d16 -mfloat-abi=hard -mthumb -o "Core/Startup/startup_stm32f405rgtx.o" "../Core/Startup/startup_stm32f405rgtx.s"
arm-none-eabi-gcc "../Core/Src/adc.c" -mcpu=cortex-m4 -std=gnu11 -g3 -DSTM32F405xx -DUSE_HAL_DRIVER -DDEBUG -c -I"/home/chris/Projects/Embedded/CirrusDspPedal_SW/PrintfLib" -I../Core/Inc -I../Drivers/STM32F4xx_HAL_Driver/Inc -I../Drivers/STM32F4xx_HAL_Driver/Inc/Legacy -I../Drivers/CMSIS/Device/ST/STM32F4xx/Include -I../Drivers/CMSIS/Include -I"/home/chris/Projects/Embedded/CirrusDspPedal_SW/PrintfLib/Inc" -O0 -ffunction-sections -fdata-sections -Wall -fstack-usage -MMD -MP -MF"Core/Src/adc.d" -MT"Core/Src/adc.o" --specs=nano.specs -mfpu=fpv4-sp-d16 -mfloat-abi=hard -mthumb -o "Core/Src/adc.o"
arm-none-eabi-gcc "../Core/Src/dma.c" -mcpu=cortex-m4 -std=gnu11 -g3 -DSTM32F405xx -DUSE_HAL_DRIVER -DDEBUG -c -I"/home/chris/Projects/Embedded/CirrusDspPedal_SW/PrintfLib" -I../Core/Inc -I../Drivers/STM32F4xx_HAL_Driver/Inc -I../Drivers/STM32F4xx_HAL_Driver/Inc/Legacy -I../Drivers/CMSIS/Device/ST/STM32F4xx/Include -I../Drivers/CMSIS/Include -I"/home/chris/Projects/Embedded/CirrusDspPedal_SW/PrintfLib/Inc" -O0 -ffunction-sections -fdata-sections -Wall -fstack-usage -MMD -MP -MF"Core/Src/dma.d" -MT"Core/Src/dma.o" --specs=nano.specs -mfpu=fpv4-sp-d16 -mfloat-abi=hard -mthumb -o "Core/Src/dma.o"
arm-none-eabi-gcc "../Core/Src/gpio.c" -mcpu=cortex-m4 -std=gnu11 -g3 -DSTM32F405xx -DUSE_HAL_DRIVER -DDEBUG -c -I"/home/chris/Projects/Embedded/CirrusDspPedal_SW/PrintfLib" -I../Core/Inc -I../Drivers/STM32F4xx_HAL_Driver/Inc -I../Drivers/STM32F4xx_HAL_Driver/Inc/Legacy -I../Drivers/CMSIS/Device/ST/STM32F4xx/Include -I../Drivers/CMSIS/Include -I"/home/chris/Projects/Embedded/CirrusDspPedal_SW/PrintfLib/Inc" -O0 -ffunction-sections -fdata-sections -Wall -fstack-usage -MMD -MP -MF"Core/Src/gpio.d" -MT"Core/Src/gpio.o" --specs=nano.specs -mfpu=fpv4-sp-d16 -mfloat-abi=hard -mthumb -o "Core/Src/gpio.o"
arm-none-eabi-gcc "../Core/Src/i2s.c" -mcpu=cortex-m4 -std=gnu11 -g3 -DSTM32F405xx -DUSE_HAL_DRIVER -DDEBUG -c -I"/home/chris/Projects/Embedded/CirrusDspPedal_SW/PrintfLib" -I../Core/Inc -I../Drivers/STM32F4xx_HAL_Driver/Inc -I../Drivers/STM32F4xx_HAL_Driver/Inc/Legacy -I../Drivers/CMSIS/Device/ST/STM32F4xx/Include -I../Drivers/CMSIS/Include -I"/home/chris/Projects/Embedded/CirrusDspPedal_SW/PrintfLib/Inc" -O0 -ffunction-sections -fdata-sections -Wall -fstack-usage -MMD -MP -MF"Core/Src/i2s.d" -MT"Core/Src/i2s.o" --specs=nano.specs -mfpu=fpv4-sp-d16 -mfloat-abi=hard -mthumb -o "Core/Src/i2s.o"
arm-none-eabi-gcc "../Core/Src/main.c" -mcpu=cortex-m4 -std=gnu11 -g3 -DSTM32F405xx -DUSE_HAL_DRIVER -DDEBUG -c -I"/home/chris/Projects/Embedded/CirrusDspPedal_SW/PrintfLib" -I../Core/Inc -I../Drivers/STM32F4xx_HAL_Driver/Inc -I../Drivers/STM32F4xx_HAL_Driver/Inc/Legacy -I../Drivers/CMSIS/Device/ST/STM32F4xx/Include -I../Drivers/CMSIS/Include -I"/home/chris/Projects/Embedded/CirrusDspPedal_SW/PrintfLib/Inc" -O0 -ffunction-sections -fdata-sections -Wall -fstack-usage -MMD -MP -MF"Core/Src/main.d" -MT"Core/Src/main.o" --specs=nano.specs -mfpu=fpv4-sp-d16 -mfloat-abi=hard -mthumb -o "Core/Src/main.o"
arm-none-eabi-gcc "../Core/Src/stm32f4xx_hal_msp.c" -mcpu=cortex-m4 -std=gnu11 -g3 -DSTM32F405xx -DUSE_HAL_DRIVER -DDEBUG -c -I"/home/chris/Projects/Embedded/CirrusDspPedal_SW/PrintfLib" -I../Core/Inc -I../Drivers/STM32F4xx_HAL_Driver/Inc -I../Drivers/STM32F4xx_HAL_Driver/Inc/Legacy -I../Drivers/CMSIS/Device/ST/STM32F4xx/Include -I../Drivers/CMSIS/Include -I"/home/chris/Projects/Embedded/CirrusDspPedal_SW/PrintfLib/Inc" -O0 -ffunction-sections -fdata-sections -Wall -fstack-usage -MMD -MP -MF"Core/Src/stm32f4xx_hal_msp.d" -MT"Core/Src/stm32f4xx_hal_msp.o" --specs=nano.specs -mfpu=fpv4-sp-d16 -mfloat-abi=hard -mthumb -o "Core/Src/stm32f4xx_hal_msp.o"
arm-none-eabi-gcc "../Core/Src/stm32f4xx_it.c" -mcpu=cortex-m4 -std=gnu11 -g3 -DSTM32F405xx -DUSE_HAL_DRIVER -DDEBUG -c -I"/home/chris/Projects/Embedded/CirrusDspPedal_SW/PrintfLib" -I../Core/Inc -I../Drivers/STM32F4xx_HAL_Driver/Inc -I../Drivers/STM32F4xx_HAL_Driver/Inc/Legacy -I../Drivers/CMSIS/Device/ST/STM32F4xx/Include -I../Drivers/CMSIS/Include -I"/home/chris/Projects/Embedded/CirrusDspPedal_SW/PrintfLib/Inc" -O0 -ffunction-sections -fdata-sections -Wall -fstack-usage -MMD -MP -MF"Core/Src/stm32f4xx_it.d" -MT"Core/Src/stm32f4xx_it.o" --specs=nano.specs -mfpu=fpv4-sp-d16 -mfloat-abi=hard -mthumb -o "Core/Src/stm32f4xx_it.o"
arm-none-eabi-gcc "../Core/Src/syscalls.c" -mcpu=cortex-m4 -std=gnu11 -g3 -DSTM32F405xx -DUSE_HAL_DRIVER -DDEBUG -c -I"/home/chris/Projects/Embedded/CirrusDspPedal_SW/PrintfLib" -I../Core/Inc -I../Drivers/STM32F4xx_HAL_Driver/Inc -I../Drivers/STM32F4xx_HAL_Driver/Inc/Legacy -I../Drivers/CMSIS/Device/ST/STM32F4xx/Include -I../Drivers/CMSIS/Include -I"/home/chris/Projects/Embedded/CirrusDspPedal_SW/PrintfLib/Inc" -O0 -ffunction-sections -fdata-sections -Wall -fstack-usage -MMD -MP -MF"Core/Src/syscalls.d" -MT"Core/Src/syscalls.o" --specs=nano.specs -mfpu=fpv4-sp-d16 -mfloat-abi=hard -mthumb -o "Core/Src/syscalls.o"
arm-none-eabi-gcc "../Core/Src/sysmem.c" -mcpu=cortex-m4 -std=gnu11 -g3 -DSTM32F405xx -DUSE_HAL_DRIVER -DDEBUG -c -I"/home/chris/Projects/Embedded/CirrusDspPedal_SW/PrintfLib" -I../Core/Inc -I../Drivers/STM32F4xx_HAL_Driver/Inc -I../Drivers/STM32F4xx_HAL_Driver/Inc/Legacy -I../Drivers/CMSIS/Device/ST/STM32F4xx/Include -I../Drivers/CMSIS/Include -I"/home/chris/Projects/Embedded/CirrusDspPedal_SW/PrintfLib/Inc" -O0 -ffunction-sections -fdata-sections -Wall -fstack-usage -MMD -MP -MF"Core/Src/sysmem.d" -MT"Core/Src/sysmem.o" --specs=nano.specs -mfpu=fpv4-sp-d16 -mfloat-abi=hard -mthumb -o "Core/Src/sysmem.o"
arm-none-eabi-gcc "../Core/Src/system_stm32f4xx.c" -mcpu=cortex-m4 -std=gnu11 -g3 -DSTM32F405xx -DUSE_HAL_DRIVER -DDEBUG -c -I"/home/chris/Projects/Embedded/CirrusDspPedal_SW/PrintfLib" -I../Core/Inc -I../Drivers/STM32F4xx_HAL_Driver/Inc -I../Drivers/STM32F4xx_HAL_Driver/Inc/Legacy -I../Drivers/CMSIS/Device/ST/STM32F4xx/Include -I../Drivers/CMSIS/Include -I"/home/chris/Projects/Embedded/CirrusDspPedal_SW/PrintfLib/Inc" -O0 -ffunction-sections -fdata-sections -Wall -fstack-usage -MMD -MP -MF"Core/Src/system_stm32f4xx.d" -MT"Core/Src/system_stm32f4xx.o" --specs=nano.specs -mfpu=fpv4-sp-d16 -mfloat-abi=hard -mthumb -o "Core/Src/system_stm32f4xx.o"
arm-none-eabi-gcc -o "F405_LQFP64.elf" @"objects.list"  -lPrintfLib -mcpu=cortex-m4 -T"/home/chris/Projects/Embedded/CirrusDspPedal_SW/F405_LQFP64/STM32F405RGTX_FLASH.ld" --specs=nosys.specs -Wl,-Map="F405_LQFP64.map" -Wl,--gc-sections -static -L"/home/chris/Projects/Embedded/CirrusDspPedal_SW/PrintfLib/Debug" --specs=nano.specs -mfpu=fpv4-sp-d16 -mfloat-abi=hard -mthumb -Wl,--start-group -lc -lm -Wl,--end-group
Finished building target: F405_LQFP64.elf
 
arm-none-eabi-size   F405_LQFP64.elf 
arm-none-eabi-objdump -h -S  F405_LQFP64.elf  > "F405_LQFP64.list"
arm-none-eabi-objcopy  -O binary  F405_LQFP64.elf  "F405_LQFP64.bin"
   text	   data	    bss	    dec	    hex	filename
  19488	    120	   6008	  25616	   6410	F405_LQFP64.elf
Finished building: default.size.stdout
 
Finished building: F405_LQFP64.bin
 
Finished building: F405_LQFP64.list
 
11:18:22 **** Incremental Build of configuration Debug for project PrintfLib ****
make -j4 all 
make: Nothing to be done for 'all'.
11:18:23 **** Incremental Build of configuration Debug for project PrintfLib ****
make -j4 all 
make: Nothing to be done for 'all'.
11:18:24 **** Incremental Build of configuration Debug for project F405_LQFP64 ****
make -j4 all 
arm-none-eabi-gcc "../Core/Src/main.c" -mcpu=cortex-m4 -std=gnu11 -g3 -DSTM32F405xx -DUSE_HAL_DRIVER -DDEBUG -c -I"/home/chris/Projects/Embedded/CirrusDspPedal_SW/PrintfLib" -I../Core/Inc -I../Drivers/STM32F4xx_HAL_Driver/Inc -I../Drivers/STM32F4xx_HAL_Driver/Inc/Legacy -I../Drivers/CMSIS/Device/ST/STM32F4xx/Include -I../Drivers/CMSIS/Include -I"/home/chris/Projects/Embedded/CirrusDspPedal_SW/PrintfLib/Inc" -O0 -ffunction-sections -fdata-sections -Wall -fstack-usage -MMD -MP -MF"Core/Src/main.d" -MT"Core/Src/main.o" --specs=nano.specs -mfpu=fpv4-sp-d16 -mfloat-abi=hard -mthumb -o "Core/Src/main.o"
arm-none-eabi-gcc -o "F405_LQFP64.elf" @"objects.list"  -lPrintfLib -mcpu=cortex-m4 -T"/home/chris/Projects/Embedded/CirrusDspPedal_SW/F405_LQFP64/STM32F405RGTX_FLASH.ld" --specs=nosys.specs -Wl,-Map="F405_LQFP64.map" -Wl,--gc-sections -static -L"/home/chris/Projects/Embedded/CirrusDspPedal_SW/PrintfLib/Debug" --specs=nano.specs -mfpu=fpv4-sp-d16 -mfloat-abi=hard -mthumb -Wl,--start-group -lc -lm -Wl,--end-group
/home/chris/Projects/Embedded/CirrusDspPedal_SW/PrintfLib/Debug/libPrintfLib.a(printf.o): In function `_out_char':
/home/chris/Projects/Embedded/CirrusDspPedal_SW/PrintfLib/Debug/../printf/printf.c:153: undefined reference to `_putchar'
collect2: error: ld returned 1 exit status
make: *** [makefile:53: F405_LQFP64.elf] Error 1
"make -j4 all" terminated with exit code 2. Build might be incomplete.
11:20:55 **** Incremental Build of configuration Debug for project PrintfLib ****
make -j4 all 
make: Nothing to be done for 'all'.
11:20:55 **** Incremental Build of configuration Debug for project PrintfLib ****
make -j4 all 
make: Nothing to be done for 'all'.
11:20:56 **** Incremental Build of configuration Debug for project F405_LQFP64 ****
make -j4 all 
arm-none-eabi-gcc "../Core/Src/main.c" -mcpu=cortex-m4 -std=gnu11 -g3 -DSTM32F405xx -DUSE_HAL_DRIVER -DDEBUG -c -I"/home/chris/Projects/Embedded/CirrusDspPedal_SW/PrintfLib" -I../Core/Inc -I../Drivers/STM32F4xx_HAL_Driver/Inc -I../Drivers/STM32F4xx_HAL_Driver/Inc/Legacy -I../Drivers/CMSIS/Device/ST/STM32F4xx/Include -I../Drivers/CMSIS/Include -I"/home/chris/Projects/Embedded/CirrusDspPedal_SW/PrintfLib/Inc" -O0 -ffunction-sections -fdata-sections -Wall -fstack-usage -MMD -MP -MF"Core/Src/main.d" -MT"Core/Src/main.o" --specs=nano.specs -mfpu=fpv4-sp-d16 -mfloat-abi=hard -mthumb -o "Core/Src/main.o"
arm-none-eabi-gcc -o "F405_LQFP64.elf" @"objects.list"  -lPrintfLib -mcpu=cortex-m4 -T"/home/chris/Projects/Embedded/CirrusDspPedal_SW/F405_LQFP64/STM32F405RGTX_FLASH.ld" --specs=nosys.specs -Wl,-Map="F405_LQFP64.map" -Wl,--gc-sections -static -L"/home/chris/Projects/Embedded/CirrusDspPedal_SW/PrintfLib/Debug" --specs=nano.specs -mfpu=fpv4-sp-d16 -mfloat-abi=hard -mthumb -Wl,--start-group -lc -lm -Wl,--end-group
Finished building target: F405_LQFP64.elf
 
arm-none-eabi-objdump -h -S  F405_LQFP64.elf  > "F405_LQFP64.list"
arm-none-eabi-objcopy  -O binary  F405_LQFP64.elf  "F405_LQFP64.bin"
arm-none-eabi-size   F405_LQFP64.elf 
   text	   data	    bss	    dec	    hex	filename
  24192	     20	   5988	  30200	   75f8	F405_LQFP64.elf
Finished building: default.size.stdout
Finished building: F405_LQFP64.bin
 
 
Finished building: F405_LQFP64.list
 
11:21:24 **** Incremental Build of configuration Debug for project PrintfLib ****
make -j4 all 
make: Nothing to be done for 'all'.
11:21:24 **** Incremental Build of configuration Debug for project F405_LQFP64 ****
make -j4 all 
arm-none-eabi-size   F405_LQFP64.elf 
   text	   data	    bss	    dec	    hex	filename
  24192	     20	   5988	  30200	   75f8	F405_LQFP64.elf
Finished building: default.size.stdout
 
11:23:14 **** Incremental Build of configuration Debug for project PrintfLib ****
make -j4 all 
arm-none-eabi-gcc "../printf/putchar.c" -mcpu=cortex-m4 -std=gnu11 -g3 -DSTM32F405xx -DUSE_HAL_DRIVER -DDEBUG -c -I../Drivers/CMSIS/Device/ST/STM32F4xx/Include -I../Drivers/CMSIS/Include -I../Inc -I../Drivers/STM32F4xx_HAL_Driver/Inc -I../Drivers/STM32F4xx_HAL_Driver/Inc/Legacy -I"/home/chris/Projects/Embedded/CirrusDspPedal_SW/PrintfLib/printf" -O0 -ffunction-sections -fdata-sections -Wall -fstack-usage -MMD -MP -MF"printf/putchar.d" -MT"printf/putchar.o" --specs=nano.specs -mfpu=fpv4-sp-d16 -mfloat-abi=hard -mthumb -o "printf/putchar.o"
../printf/putchar.c: In function '_putchar':
../printf/putchar.c:13:2: warning: implicit declaration of function 'ITM_SendChar' [-Wimplicit-function-declaration]
  ITM_SendChar(character);
  ^~~~~~~~~~~~
arm-none-eabi-ar -r  "libPrintfLib.a" @"objects.list"  
arm-none-eabi-ar: creating libPrintfLib.a
Finished building target: libPrintfLib.a
 
11:23:14 **** Incremental Build of configuration Debug for project PrintfLib ****
make -j4 all 
arm-none-eabi-gcc "../printf/putchar.c" -mcpu=cortex-m4 -std=gnu11 -g3 -DSTM32F405xx -DUSE_HAL_DRIVER -DDEBUG -c -I../Drivers/CMSIS/Device/ST/STM32F4xx/Include -I../Drivers/CMSIS/Include -I../Inc -I../Drivers/STM32F4xx_HAL_Driver/Inc -I../Drivers/STM32F4xx_HAL_Driver/Inc/Legacy -I"/home/chris/Projects/Embedded/CirrusDspPedal_SW/PrintfLib/printf" -O0 -ffunction-sections -fdata-sections -Wall -fstack-usage -MMD -MP -MF"printf/putchar.d" -MT"printf/putchar.o" --specs=nano.specs -mfpu=fpv4-sp-d16 -mfloat-abi=hard -mthumb -o "printf/putchar.o"
../printf/putchar.c: In function '_putchar':
../printf/putchar.c:13:2: warning: implicit declaration of function 'ITM_SendChar' [-Wimplicit-function-declaration]
  ITM_SendChar(character);
  ^~~~~~~~~~~~
arm-none-eabi-ar -r  "libPrintfLib.a" @"objects.list"  
arm-none-eabi-ar: creating libPrintfLib.a
Finished building target: libPrintfLib.a
 
11:23:15 **** Incremental Build of configuration Debug for project F405_LQFP64 ****
make -j4 all 
arm-none-eabi-gcc "../Core/Src/main.c" -mcpu=cortex-m4 -std=gnu11 -g3 -DSTM32F405xx -DUSE_HAL_DRIVER -DDEBUG -c -I"/home/chris/Projects/Embedded/CirrusDspPedal_SW/PrintfLib" -I../Core/Inc -I../Drivers/STM32F4xx_HAL_Driver/Inc -I../Drivers/STM32F4xx_HAL_Driver/Inc/Legacy -I../Drivers/CMSIS/Device/ST/STM32F4xx/Include -I../Drivers/CMSIS/Include -I"/home/chris/Projects/Embedded/CirrusDspPedal_SW/PrintfLib/Inc" -O0 -ffunction-sections -fdata-sections -Wall -fstack-usage -MMD -MP -MF"Core/Src/main.d" -MT"Core/Src/main.o" --specs=nano.specs -mfpu=fpv4-sp-d16 -mfloat-abi=hard -mthumb -o "Core/Src/main.o"
arm-none-eabi-gcc -o "F405_LQFP64.elf" @"objects.list"  -lPrintfLib -mcpu=cortex-m4 -T"/home/chris/Projects/Embedded/CirrusDspPedal_SW/F405_LQFP64/STM32F405RGTX_FLASH.ld" --specs=nosys.specs -Wl,-Map="F405_LQFP64.map" -Wl,--gc-sections -static -L"/home/chris/Projects/Embedded/CirrusDspPedal_SW/PrintfLib/Debug" --specs=nano.specs -mfpu=fpv4-sp-d16 -mfloat-abi=hard -mthumb -Wl,--start-group -lc -lm -Wl,--end-group
/home/chris/Projects/Embedded/CirrusDspPedal_SW/PrintfLib/Debug/libPrintfLib.a(putchar.o): In function `_putchar':
/home/chris/Projects/Embedded/CirrusDspPedal_SW/PrintfLib/Debug/../printf/putchar.c:13: undefined reference to `ITM_SendChar'
collect2: error: ld returned 1 exit status
make: *** [makefile:53: F405_LQFP64.elf] Error 1
"make -j4 all" terminated with exit code 2. Build might be incomplete.
11:23:46 **** Incremental Build of configuration Debug for project PrintfLib ****
make -j4 all 
arm-none-eabi-gcc "../printf/putchar.c" -mcpu=cortex-m4 -std=gnu11 -g3 -DSTM32F405xx -DUSE_HAL_DRIVER -DDEBUG -c -I../Drivers/CMSIS/Device/ST/STM32F4xx/Include -I../Drivers/CMSIS/Include -I../Inc -I../Drivers/STM32F4xx_HAL_Driver/Inc -I../Drivers/STM32F4xx_HAL_Driver/Inc/Legacy -I"/home/chris/Projects/Embedded/CirrusDspPedal_SW/PrintfLib/printf" -O0 -ffunction-sections -fdata-sections -Wall -fstack-usage -MMD -MP -MF"printf/putchar.d" -MT"printf/putchar.o" --specs=nano.specs -mfpu=fpv4-sp-d16 -mfloat-abi=hard -mthumb -o "printf/putchar.o"
arm-none-eabi-ar -r  "libPrintfLib.a" @"objects.list"  
arm-none-eabi-ar: creating libPrintfLib.a
Finished building target: libPrintfLib.a
 
11:23:47 **** Incremental Build of configuration Debug for project PrintfLib ****
make -j4 all 
arm-none-eabi-gcc "../printf/putchar.c" -mcpu=cortex-m4 -std=gnu11 -g3 -DSTM32F405xx -DUSE_HAL_DRIVER -DDEBUG -c -I../Drivers/CMSIS/Device/ST/STM32F4xx/Include -I../Drivers/CMSIS/Include -I../Inc -I../Drivers/STM32F4xx_HAL_Driver/Inc -I../Drivers/STM32F4xx_HAL_Driver/Inc/Legacy -I"/home/chris/Projects/Embedded/CirrusDspPedal_SW/PrintfLib/printf" -O0 -ffunction-sections -fdata-sections -Wall -fstack-usage -MMD -MP -MF"printf/putchar.d" -MT"printf/putchar.o" --specs=nano.specs -mfpu=fpv4-sp-d16 -mfloat-abi=hard -mthumb -o "printf/putchar.o"
arm-none-eabi-ar -r  "libPrintfLib.a" @"objects.list"  
arm-none-eabi-ar: creating libPrintfLib.a
Finished building target: libPrintfLib.a
 
11:23:48 **** Incremental Build of configuration Debug for project F405_LQFP64 ****
make -j4 all 
arm-none-eabi-gcc -o "F405_LQFP64.elf" @"objects.list"  -lPrintfLib -mcpu=cortex-m4 -T"/home/chris/Projects/Embedded/CirrusDspPedal_SW/F405_LQFP64/STM32F405RGTX_FLASH.ld" --specs=nosys.specs -Wl,-Map="F405_LQFP64.map" -Wl,--gc-sections -static -L"/home/chris/Projects/Embedded/CirrusDspPedal_SW/PrintfLib/Debug" --specs=nano.specs -mfpu=fpv4-sp-d16 -mfloat-abi=hard -mthumb -Wl,--start-group -lc -lm -Wl,--end-group
Finished building target: F405_LQFP64.elf
 
arm-none-eabi-objdump -h -S  F405_LQFP64.elf  > "F405_LQFP64.list"
arm-none-eabi-objcopy  -O binary  F405_LQFP64.elf  "F405_LQFP64.bin"
arm-none-eabi-size   F405_LQFP64.elf 
   text	   data	    bss	    dec	    hex	filename
  24192	     20	   5988	  30200	   75f8	F405_LQFP64.elf
Finished building: default.size.stdout
 
Finished building: F405_LQFP64.bin
 
Finished building: F405_LQFP64.list
 
11:24:04 **** Incremental Build of configuration Debug for project PrintfLib ****
make -j4 all 
arm-none-eabi-gcc "../printf/putchar.c" -mcpu=cortex-m4 -std=gnu11 -g3 -DSTM32F405xx -DUSE_HAL_DRIVER -DDEBUG -c -I../Drivers/CMSIS/Device/ST/STM32F4xx/Include -I../Drivers/CMSIS/Include -I../Inc -I../Drivers/STM32F4xx_HAL_Driver/Inc -I../Drivers/STM32F4xx_HAL_Driver/Inc/Legacy -I"/home/chris/Projects/Embedded/CirrusDspPedal_SW/PrintfLib/printf" -O0 -ffunction-sections -fdata-sections -Wall -fstack-usage -MMD -MP -MF"printf/putchar.d" -MT"printf/putchar.o" --specs=nano.specs -mfpu=fpv4-sp-d16 -mfloat-abi=hard -mthumb -o "printf/putchar.o"
arm-none-eabi-ar -r  "libPrintfLib.a" @"objects.list"  
arm-none-eabi-ar: creating libPrintfLib.a
Finished building target: libPrintfLib.a
 
11:24:13 **** Incremental Build of configuration Debug for project PrintfLib ****
make -j4 all 
arm-none-eabi-gcc "../printf/putchar.c" -mcpu=cortex-m4 -std=gnu11 -g3 -DSTM32F405xx -DUSE_HAL_DRIVER -DDEBUG -c -I../Drivers/CMSIS/Device/ST/STM32F4xx/Include -I../Drivers/CMSIS/Include -I../Inc -I../Drivers/STM32F4xx_HAL_Driver/Inc -I../Drivers/STM32F4xx_HAL_Driver/Inc/Legacy -I"/home/chris/Projects/Embedded/CirrusDspPedal_SW/PrintfLib/printf" -O0 -ffunction-sections -fdata-sections -Wall -fstack-usage -MMD -MP -MF"printf/putchar.d" -MT"printf/putchar.o" --specs=nano.specs -mfpu=fpv4-sp-d16 -mfloat-abi=hard -mthumb -o "printf/putchar.o"
arm-none-eabi-ar -r  "libPrintfLib.a" @"objects.list"  
arm-none-eabi-ar: creating libPrintfLib.a
Finished building target: libPrintfLib.a
 
11:24:14 **** Incremental Build of configuration Debug for project F405_LQFP64 ****
make -j4 all 
arm-none-eabi-gcc -o "F405_LQFP64.elf" @"objects.list"  -lPrintfLib -mcpu=cortex-m4 -T"/home/chris/Projects/Embedded/CirrusDspPedal_SW/F405_LQFP64/STM32F405RGTX_FLASH.ld" --specs=nosys.specs -Wl,-Map="F405_LQFP64.map" -Wl,--gc-sections -static -L"/home/chris/Projects/Embedded/CirrusDspPedal_SW/PrintfLib/Debug" --specs=nano.specs -mfpu=fpv4-sp-d16 -mfloat-abi=hard -mthumb -Wl,--start-group -lc -lm -Wl,--end-group
Finished building target: F405_LQFP64.elf
 
arm-none-eabi-objdump -h -S  F405_LQFP64.elf  > "F405_LQFP64.list"
arm-none-eabi-objcopy  -O binary  F405_LQFP64.elf  "F405_LQFP64.bin"
arm-none-eabi-size   F405_LQFP64.elf 
   text	   data	    bss	    dec	    hex	filename
  24192	     20	   5988	  30200	   75f8	F405_LQFP64.elf
Finished building: default.size.stdout
 
Finished building: F405_LQFP64.bin
 
Finished building: F405_LQFP64.list
 
